Archive member included because of file (symbol)

C:/ProgramData/MATLAB/SupportPackages/R2024a/aCLI/data/packages/arduino/hardware/sam/1.6.12/variants/arduino_due_x/libsam_sam3x8e_gcc_rel.a(startup_sam3xa.o)
                              (Reset_Handler)
C:/ProgramData/MATLAB/SupportPackages/R2024a/aCLI/data/packages/arduino/hardware/sam/1.6.12/variants/arduino_due_x/libsam_sam3x8e_gcc_rel.a(uotghs.o)
                              C:/ProgramData/MATLAB/SupportPackages/R2024a/aCLI/data/packages/arduino/hardware/sam/1.6.12/variants/arduino_due_x/libsam_sam3x8e_gcc_rel.a(startup_sam3xa.o) (UOTGHS_Handler)
C:/Users/GUILHE~1/DOCUME~1/MATLAB/R2024a/ARDUIN~1/ARDUIN~2/FASTER~1/libcore.a(hooks.o)
                              arm_m3_cortex_handler.o (sysTickHook)
C:/Users/GUILHE~1/DOCUME~1/MATLAB/R2024a/ARDUIN~1/ARDUIN~2/FASTER~1/libcore.a(syscalls_sam3.o)
                              (_sbrk)
C:/Users/GUILHE~1/DOCUME~1/MATLAB/R2024a/ARDUIN~1/ARDUIN~2/FASTER~1/libcore.a(wiring.o)
                              io_wrappers.o (millis)
C:/Users/GUILHE~1/DOCUME~1/MATLAB/R2024a/ARDUIN~1/ARDUIN~2/FASTER~1/libcore.a(wiring_analog.o)
                              MW_analogWriteDAC.o (analogWriteResolution)
C:/Users/GUILHE~1/DOCUME~1/MATLAB/R2024a/ARDUIN~1/ARDUIN~2/FASTER~1/libcore.a(wiring_digital.o)
                              io_wrappers.o (pinMode)
C:/Users/GUILHE~1/DOCUME~1/MATLAB/R2024a/ARDUIN~1/ARDUIN~2/FASTER~1/libcore.a(Reset.o)
                              arm_m3_cortex_handler.o (tickReset)
C:/Users/GUILHE~1/DOCUME~1/MATLAB/R2024a/ARDUIN~1/ARDUIN~2/FASTER~1/libcore.a(UARTClass.o)
                              rtiostream_serial_daemon.o (UARTClass::available())
C:/Users/GUILHE~1/DOCUME~1/MATLAB/R2024a/ARDUIN~1/ARDUIN~2/FASTER~1/libcore.a(USARTClass.o)
                              io_wrappers.o (USARTClass::begin(unsigned long, UARTClass::UARTModes))
C:/Users/GUILHE~1/DOCUME~1/MATLAB/R2024a/ARDUIN~1/ARDUIN~2/FASTER~1/libcore.a(watchdog.o)
                              MW_ArduinoHWInit.o (watchdogDisable())
C:/Users/GUILHE~1/DOCUME~1/MATLAB/R2024a/ARDUIN~1/ARDUIN~2/FASTER~1/libcore.a(variant.o)
                              ert_main.o (init)
C:/Users/GUILHE~1/DOCUME~1/MATLAB/R2024a/ARDUIN~1/ARDUIN~2/FASTER~1/libcore.a(abi.o)
                              C:/Users/GUILHE~1/DOCUME~1/MATLAB/R2024a/ARDUIN~1/ARDUIN~2/FASTER~1/libcore.a(UARTClass.o) (__cxa_pure_virtual)
C:/Users/GUILHE~1/DOCUME~1/MATLAB/R2024a/ARDUIN~1/ARDUIN~2/FASTER~1/libcore.a(Print.o)
                              C:/Users/GUILHE~1/DOCUME~1/MATLAB/R2024a/ARDUIN~1/ARDUIN~2/FASTER~1/libcore.a(UARTClass.o) (Print::write(unsigned char const*, unsigned int))
C:/Users/GUILHE~1/DOCUME~1/MATLAB/R2024a/ARDUIN~1/ARDUIN~2/FASTER~1/libcore.a(RingBuffer.o)
                              C:/Users/GUILHE~1/DOCUME~1/MATLAB/R2024a/ARDUIN~1/ARDUIN~2/FASTER~1/libcore.a(variant.o) (RingBuffer::RingBuffer())
C:/ProgramData/MATLAB/SupportPackages/R2024a/aCLI/data/packages/arduino/hardware/sam/1.6.12/variants/arduino_due_x/libsam_sam3x8e_gcc_rel.a(pio.o)
                              C:/Users/GUILHE~1/DOCUME~1/MATLAB/R2024a/ARDUIN~1/ARDUIN~2/FASTER~1/libcore.a(wiring_digital.o) (PIO_PullUp)
C:/ProgramData/MATLAB/SupportPackages/R2024a/aCLI/data/packages/arduino/hardware/sam/1.6.12/variants/arduino_due_x/libsam_sam3x8e_gcc_rel.a(pmc.o)
                              arduinoARMScheduler.o (pmc_enable_periph_clk)
C:/ProgramData/MATLAB/SupportPackages/R2024a/aCLI/data/packages/arduino/hardware/sam/1.6.12/variants/arduino_due_x/libsam_sam3x8e_gcc_rel.a(pwmc.o)
                              C:/Users/GUILHE~1/DOCUME~1/MATLAB/R2024a/ARDUIN~1/ARDUIN~2/FASTER~1/libcore.a(wiring_analog.o) (PWMC_ConfigureChannel)
C:/ProgramData/MATLAB/SupportPackages/R2024a/aCLI/data/packages/arduino/hardware/sam/1.6.12/variants/arduino_due_x/libsam_sam3x8e_gcc_rel.a(tc.o)
                              arduinoARMScheduler.o (TC_Configure)
C:/ProgramData/MATLAB/SupportPackages/R2024a/aCLI/data/packages/arduino/hardware/sam/1.6.12/variants/arduino_due_x/libsam_sam3x8e_gcc_rel.a(timetick.o)
                              arm_m3_cortex_handler.o (TimeTick_Increment)
C:/ProgramData/MATLAB/SupportPackages/R2024a/aCLI/data/packages/arduino/hardware/sam/1.6.12/variants/arduino_due_x/libsam_sam3x8e_gcc_rel.a(wdt.o)
                              C:/Users/GUILHE~1/DOCUME~1/MATLAB/R2024a/ARDUIN~1/ARDUIN~2/FASTER~1/libcore.a(watchdog.o) (WDT_Enable)
C:/ProgramData/MATLAB/SupportPackages/R2024a/aCLI/data/packages/arduino/hardware/sam/1.6.12/variants/arduino_due_x/libsam_sam3x8e_gcc_rel.a(system_sam3xa.o)
                              C:/Users/GUILHE~1/DOCUME~1/MATLAB/R2024a/ARDUIN~1/ARDUIN~2/FASTER~1/libcore.a(variant.o) (SystemInit)
C:/ProgramData/MATLAB/SupportPackages/R2024a/aCLI/data/packages/arduino/hardware/sam/1.6.12/variants/arduino_due_x/libsam_sam3x8e_gcc_rel.a(adc.o)
                              C:/Users/GUILHE~1/DOCUME~1/MATLAB/R2024a/ARDUIN~1/ARDUIN~2/FASTER~1/libcore.a(variant.o) (adc_init)
[...]
Memory Configuration

Name             Origin             Length             Attributes
rom              0x00080000         0x00080000         xr
sram0            0x20000000         0x00010000         xrw
sram1            0x20080000         0x00008000         xrw
ram              0x20070000         0x00018000         xrw
*default*        0x00000000         0xffffffff

Linker script and memory map

LOAD c:/programdata/matlab/supportpackages/r2024a/acli/data/packages/arduino/tools/arm-none-eabi-gcc/4.8.3-2014q1/bin/../lib/gcc/arm-none-eabi/4.8.3/armv7-m/crti.o
LOAD c:/programdata/matlab/supportpackages/r2024a/acli/data/packages/arduino/tools/arm-none-eabi-gcc/4.8.3-2014q1/bin/../lib/gcc/arm-none-eabi/4.8.3/armv7-m/crtbegin.o
LOAD c:/programdata/matlab/supportpackages/r2024a/acli/data/packages/arduino/tools/arm-none-eabi-gcc/4.8.3-2014q1/bin/../lib/gcc/arm-none-eabi/4.8.3/../../../../arm-none-eabi/lib/armv7-m/crt0.o
START GROUP
LOAD C:/ProgramData/MATLAB/SupportPackages/R2024a/aCLI/data/packages/arduino/hardware/sam/1.6.12/variants/arduino_due_x/libsam_sam3x8e_gcc_rel.a
LOAD MW_analogWriteDAC.o
LOAD xcp_ext_mode.o
LOAD Projeto_Controlador_PI_21_a.o
LOAD Projeto_Controlador_PI_21_a_data.o
LOAD rtGetInf.o
LOAD rtGetNaN.o
LOAD rt_nonfinite.o
LOAD xcp_ext_common.o
LOAD xcp_ext_classic_trigger.o
LOAD xcp.o
LOAD xcp_standard.o
LOAD xcp_daq.o
LOAD xcp_calibration.o
LOAD xcp_fifo.o
LOAD xcp_transport.o
LOAD xcp_mem_default.o
LOAD xcp_drv_rtiostream.o
LOAD xcp_utils.o
LOAD xcp_frame_serial.o
LOAD xcp_ext_param_default_serial.o
LOAD arm_m3_cortex_handler.o
LOAD MW_ArduinoHWInit.o
LOAD io_wrappers.o
LOAD arduinoARMScheduler.o
LOAD m3m4m4f_multitasking.o
LOAD platform_timer.o
LOAD rtiostream_serial_daemon.o
LOAD sys_arch.o
LOAD ert_main.o
LOAD C:/Users/GUILHE~1/DOCUME~1/MATLAB/R2024a/ARDUIN~1/ARDUIN~2/FASTER~1/MW_RebuildSrc_Core.o
LOAD C:/Users/GUILHE~1/DOCUME~1/MATLAB/R2024a/ARDUIN~1/ARDUIN~2/FASTER~1/libcore.a
END GROUP
LOAD c:/programdata/matlab/supportpackages/r2024a/acli/data/packages/arduino/tools/arm-none-eabi-gcc/4.8.3-2014q1/bin/../lib/gcc/arm-none-eabi/4.8.3/../../../../arm-none-eabi/lib/armv7-m\libm.a
LOAD C:/Users/GUILHE~1/DOCUME~1/MATLAB/R2024a/ARDUIN~1/ARDUIN~2/FASTER~1\libcore.a
START GROUP
LOAD c:/programdata/matlab/supportpackages/r2024a/acli/data/packages/arduino/tools/arm-none-eabi-gcc/4.8.3-2014q1/bin/../lib/gcc/arm-none-eabi/4.8.3/armv7-m\libgcc.a
LOAD c:/programdata/matlab/supportpackages/r2024a/acli/data/packages/arduino/tools/arm-none-eabi-gcc/4.8.3-2014q1/bin/../lib/gcc/arm-none-eabi/4.8.3/../../../../arm-none-eabi/lib/armv7-m\libg.a
LOAD c:/programdata/matlab/supportpackages/r2024a/acli/data/packages/arduino/tools/arm-none-eabi-gcc/4.8.3-2014q1/bin/../lib/gcc/arm-none-eabi/4.8.3/../../../../arm-none-eabi/lib/armv7-m\libc.a
END GROUP
LOAD c:/programdata/matlab/supportpackages/r2024a/acli/data/packages/arduino/tools/arm-none-eabi-gcc/4.8.3-2014q1/bin/../lib/gcc/arm-none-eabi/4.8.3/armv7-m/crtend.o
LOAD c:/programdata/matlab/supportpackages/r2024a/acli/data/packages/arduino/tools/arm-none-eabi-gcc/4.8.3-2014q1/bin/../lib/gcc/arm-none-eabi/4.8.3/armv7-m/crtn.o

.text           0x00080000     0x8fc0
                0x00080000                . = ALIGN (0x4)
                0x00080000                _sfixed = .
 *(.vectors .vectors.*)
 .vectors       0x00080000       0xf4 C:/ProgramData/MATLAB/SupportPackages/R2024a/aCLI/data/packages/arduino/hardware/sam/1.6.12/variants/arduino_due_x/libsam_sam3x8e_gcc_rel.a(startup_sam3xa.o)
                0x00080000                exception_table
 *(.text .text.* .gnu.linkonce.t.*)
 .text          0x000800f4       0x54 c:/programdata/matlab/supportpackages/r2024a/acli/data/packages/arduino/tools/arm-none-eabi-gcc/4.8.3-2014q1/bin/../lib/gcc/arm-none-eabi/4.8.3/armv7-m/crtbegin.o
 .text.Reset_Handler
                0x00080148       0x78 C:/ProgramData/MATLAB/SupportPackages/R2024a/aCLI/data/packages/arduino/hardware/sam/1.6.12/variants/arduino_due_x/libsam_sam3x8e_gcc_rel.a(startup_sam3xa.o)
                0x00080148                Reset_Handler
 .text.UOTGHS_Handler
                0x000801c0       0x10 C:/ProgramData/MATLAB/SupportPackages/R2024a/aCLI/data/packages/arduino/hardware/sam/1.6.12/variants/arduino_due_x/libsam_sam3x8e_gcc_rel.a(uotghs.o)
                0x000801c0                UOTGHS_Handler
 .text.MW_DACInit
                0x000801d0        0x6 MW_analogWriteDAC.o
                0x000801d0                MW_DACInit
 .text.MW_DACWrite
                0x000801d6        0xc MW_analogWriteDAC.o
                0x000801d6                MW_DACWrite
 .text.extmodeParseArgs
                0x000801e2        0x4 xcp_ext_mode.o
                0x000801e2                extmodeParseArgs
 *fill*         0x000801e6        0x2 
 .text.extmodeInit
                0x000801e8       0x9c xcp_ext_mode.o
                0x000801e8                extmodeInit
 .text.extmodeWaitForHostRequest
                0x00080284       0x94 xcp_ext_mode.o
                0x00080284                extmodeWaitForHostRequest
 .text.extmodeEvent
                0x00080318       0x80 xcp_ext_mode.o
                0x00080318                extmodeEvent
 .text.extmodeBackgroundRun
                0x00080398        0x6 xcp_ext_mode.o
                0x00080398                extmodeBackgroundRun
 *fill*         0x0008039e        0x2 
 .text.extmodeReset
                0x000803a0       0x28 xcp_ext_mode.o
                0x000803a0                extmodeReset
 .text.extmodeStopRequested
                0x000803c8        0xc xcp_ext_mode.o
                0x000803c8                extmodeStopRequested
 .text.extmodeSimulationComplete
                0x000803d4        0xc xcp_ext_mode.o
                0x000803d4                extmodeSimulationComplete
 .text.Projeto_Controlador_PI_21_a_step
                0x000803e0      0x10c Projeto_Controlador_PI_21_a.o
                0x000803e0                Projeto_Controlador_PI_21_a_step
 *fill*         0x000804ec        0x4 
 .text.Projeto_Controlador_PI_21_a_initialize
                0x000804f0       0xa0 Projeto_Controlador_PI_21_a.o
                0x000804f0                Projeto_Controlador_PI_21_a_initialize
 .text.Projeto_Controlador_PI_21_a_terminate
                0x00080590        0x2 Projeto_Controlador_PI_21_a.o
                0x00080590                Projeto_Controlador_PI_21_a_terminate
 *fill*         0x00080592        0x2 
 .text.rtGetInf
                0x00080594        0xc rtGetInf.o
                0x00080594                rtGetInf
 .text.rtGetInfF
                0x000805a0        0x6 rtGetInf.o
                0x000805a0                rtGetInfF
 *fill*         0x000805a6        0x2 
 .text.rtGetMinusInf
                0x000805a8        0xc rtGetInf.o
                0x000805a8                rtGetMinusInf
 .text.rtGetMinusInfF
                0x000805b4        0x8 rtGetInf.o
                0x000805b4                rtGetMinusInfF
 .text.rtGetNaN
                0x000805bc        0xc rtGetNaN.o
                0x000805bc                rtGetNaN
 .text.rtGetNaNF
                0x000805c8        0x8 rtGetNaN.o
                0x000805c8                rtGetNaNF
 .text.rt_InitInfAndNaN
                0x000805d0       0x54 rt_nonfinite.o
                0x000805d0                rt_InitInfAndNaN
 .text.rtIsInf  0x00080624       0x38 rt_nonfinite.o
                0x00080624                rtIsInf
 .text.rtIsNaN  0x0008065c       0x28 rt_nonfinite.o
                0x0008065c                rtIsNaN
 *fill*         0x00080684        0x4 
 .text.xcpExtModeUpdateTime
                0x00080688       0xd8 xcp_ext_common.o
                0x00080688                xcpExtModeUpdateTime
 .text.xcpExtModeGetUpdatedTimestamp
                0x00080760       0x40 xcp_ext_common.o
                0x00080760                xcpExtModeGetUpdatedTimestamp
 .text.xcpExtModeInit
                0x000807a0       0x40 xcp_ext_common.o
                0x000807a0                xcpExtModeInit
 .text.xcpExtModeRunBackground
                0x000807e0       0x7a xcp_ext_common.o
                0x000807e0                xcpExtModeRunBackground
 *fill*         0x0008085a        0x2 
 .text.xcpExtModeReset
                0x0008085c       0xa0 xcp_ext_common.o
                0x0008085c                xcpExtModeReset
 .text.xcpExtModeClassicTriggerInit
                0x000808fc       0x4c xcp_ext_classic_trigger.o
                0x000808fc                xcpExtModeClassicTriggerInit
 .text.xcpExtModeClassicTriggerEnabled
                0x00080948      0x330 xcp_ext_classic_trigger.o
                0x00080948                xcpExtModeClassicTriggerEnabled
 .text.xcpExtModeClassicTriggerReset
                0x00080c78       0xbc xcp_ext_classic_trigger.o
                0x00080c78                xcpExtModeClassicTriggerReset
 .text.xcpExtModeClassicTriggerForceEnableStatusUpdate
                0x00080d34       0x50 xcp_ext_classic_trigger.o
                0x00080d34                xcpExtModeClassicTriggerForceEnableStatusUpdate
 .text.unknownInputPacketHandler
                0x00080d84        0xa xcp.o
 .text.discardInputPacketHandler
                0x00080d8e       0x10 xcp.o
 .text.genericOutputPacketHandler
                0x00080d9e       0x68 xcp.o
                0x00080d9e                genericOutputPacketHandler
 *fill*         0x00080e06        0x2 
 .text.xcpStatusGet
                0x00080e08        0xc xcp.o
                0x00080e08                xcpStatusGet
 .text.xcpStatusSet
                0x00080e14        0xc xcp.o
                0x00080e14                xcpStatusSet
 .text.xcpSessionStatusGet
                0x00080e20        0xc xcp.o
                0x00080e20                xcpSessionStatusGet
 .text.xcpSessionStatusSetMask
                0x00080e2c       0x10 xcp.o
                0x00080e2c                xcpSessionStatusSetMask
 .text.xcpSessionStatusClearMask
                0x00080e3c       0x10 xcp.o
                0x00080e3c                xcpSessionStatusClearMask
 .text.xcpResourceProtectionStatusGet
                0x00080e4c        0xc xcp.o
                0x00080e4c                xcpResourceProtectionStatusGet
 .text.xcpSessionConfigurationIdGet
                0x00080e58        0xc xcp.o
                0x00080e58                xcpSessionConfigurationIdGet
 .text.xcpFindPacket
                0x00080e64       0x26 xcp.o
                0x00080e64                xcpFindPacket
 *fill*         0x00080e8a        0x2 
 .text.xcpInit  0x00080e8c       0x40 xcp.o
                0x00080e8c                xcpInit
 .text.xcpRun   0x00080ecc      0x18c xcp.o
                0x00080ecc                xcpRun
 .text.xcpEventExternalTimestamp
                0x00081058       0x18 xcp.o
                0x00081058                xcpEventExternalTimestamp
 .text.xcpGetStatus
                0x00081070        0xc xcp.o
                0x00081070                xcpGetStatus
 .text.xcpReset
                0x0008107c       0x28 xcp.o
                0x0008107c                xcpReset
 .text.xcpPackedModeEventsFlush
                0x000810a4        0x4 xcp.o
                0x000810a4                xcpPackedModeEventsFlush
 .text.xcpPackedModeEventReset
                0x000810a8        0x8 xcp.o
                0x000810a8                xcpPackedModeEventReset
 .text.getStatusInputPacketHandler
                0x000810b0        0x8 xcp_standard.o
 .text.getPacket
                0x000810b8        0xc xcp_standard.o
 .text.uploadInputPacketHandler
                0x000810c4       0x40 xcp_standard.o
 .text.synchInputPacketHandler
                0x00081104       0x1c xcp_standard.o
 .text.getStatusOutputPacketHandler
                0x00081120       0x26 xcp_standard.o
 .text.disconnectInputPacketHandler
                0x00081146       0x22 xcp_standard.o
 .text.connectInputPacketHandler
                0x00081168       0x32 xcp_standard.o
 .text.connectOutputPacketHandler
                0x0008119a       0x38 xcp_standard.o
 *fill*         0x000811d2        0x2 
 .text.xcpStandardInit
                0x000811d4       0x10 xcp_standard.o
                0x000811d4                xcpStandardInit
 .text.xcpStandardGetPacketLookup
                0x000811e4        0xc xcp_standard.o
                0x000811e4                xcpStandardGetPacketLookup
 .text.xcpStandardReset
                0x000811f0        0xc xcp_standard.o
                0x000811f0                xcpStandardReset
 .text.xcpStandardGetAddressFromMta
                0x000811fc        0xc xcp_standard.o
                0x000811fc                xcpStandardGetAddressFromMta
 .text.xcpStandardSetMta
                0x00081208       0x14 xcp_standard.o
                0x00081208                xcpStandardSetMta
 .text.shortUploadInputPacketHandler
                0x0008121c       0x40 xcp_standard.o
 .text.setMTAInputPacketHandler
                0x0008125c       0x22 xcp_standard.o
 *fill*         0x0008127e        0x2 
 .text.xcpStandardIncrementMta
                0x00081280       0x10 xcp_standard.o
                0x00081280                xcpStandardIncrementMta
 .text.shortUploadOutputPacketHandler
                0x00081290       0x44 xcp_standard.o
 .text.uploadOutputPacketHandler
                0x000812d4       0x44 xcp_standard.o
 .text.isActiveDaqList
                0x00081318       0x1c xcp_daq.o
 .text.noActiveDaqLists
                0x00081334       0x2c xcp_daq.o
 .text.isValidDaqPtr
                0x00081360       0x44 xcp_daq.o
 .text.isDaqPackedModeEnabled
                0x000813a4       0x3c xcp_daq.o
 .text.odtPacketSize
                0x000813e0       0x20 xcp_daq.o
 .text.setDaqPtrInputPacketHandler
                0x00081400       0x48 xcp_daq.o
 .text.writeDaqInputPacketHandler
                0x00081448       0x88 xcp_daq.o
 .text.setDaqListModeInputPacketHandler
                0x000814d0       0x88 xcp_daq.o
 .text.getDaqProcessorInfoInputPacketHandler
                0x00081558        0x8 xcp_daq.o
 .text.getDaqResolutionInfoInputPacketHandler
                0x00081560        0x8 xcp_daq.o
 .text.getDaqClockInputPacketHandler
                0x00081568        0xa xcp_daq.o
 *fill*         0x00081572        0x2 
 .text.level1CommandInputPacketHandler
                0x00081574       0x88 xcp_daq.o
 .text.getDaqResolutionInfoOutputPacketHandler
                0x000815fc       0x28 xcp_daq.o
 .text.getDaqProcessorInfoOutputPacketHandler
                0x00081624       0x2a xcp_daq.o
 *fill*         0x0008164e        0x2 
 .text.getPacket
                0x00081650        0xc xcp_daq.o
 .text.allocOdtEntryInputPacketHandler
                0x0008165c       0x98 xcp_daq.o
 .text.allocOdtInputPacketHandler
                0x000816f4       0x88 xcp_daq.o
 .text.allocDaqInputPacketHandler
                0x0008177c       0x98 xcp_daq.o
 .text.createDaqReservedPool
                0x00081814       0x40 xcp_daq.o
 .text.startStopDaqListOutputPacketHandler
                0x00081854       0x28 xcp_daq.o
 .text.xcpDaqWriteLock.isra.2
                0x0008187c       0x28 xcp_daq.o
 .text.xcpDaqWriteUnlock.isra.3
                0x000818a4        0xc xcp_daq.o
 .text.startStopDaqListInputPacketHandler
                0x000818b0      0x1cc xcp_daq.o
 .text.startStopSynchInputPacketHandler
                0x00081a7c      0x154 xcp_daq.o
 .text.xcpDaqInit
                0x00081bd0       0x2c xcp_daq.o
                0x00081bd0                xcpDaqInit
 .text.xcpDaqGetPacketLookup
                0x00081bfc        0xc xcp_daq.o
                0x00081bfc                xcpDaqGetPacketLookup
 .text.xcpDaqEvent
                0x00081c08      0x2b0 xcp_daq.o
                0x00081c08                xcpDaqEvent
 .text.xcpDaqEventsFlush
                0x00081eb8       0xe8 xcp_daq.o
                0x00081eb8                xcpDaqEventsFlush
 .text.xcpDaqLock
                0x00081fa0        0x4 xcp_daq.o
                0x00081fa0                xcpDaqLock
 .text.xcpDaqUnlock
                0x00081fa4        0x4 xcp_daq.o
                0x00081fa4                xcpDaqUnlock
 .text.xcpResetDaqListStatus
                0x00081fa8       0xbc xcp_daq.o
                0x00081fa8                xcpResetDaqListStatus
 .text.freeDaqInputPacketHandler
                0x00082064       0x22 xcp_daq.o
 *fill*         0x00082086        0x2 
 .text.xcpDaqReset
                0x00082088       0x1c xcp_daq.o
                0x00082088                xcpDaqReset
 .text.getPacket
                0x000820a4        0xc xcp_calibration.o
 .text.shortDownloadInputPacketHandler
                0x000820b0       0x4c xcp_calibration.o
 .text.downloadInputPacketHandler
                0x000820fc       0x50 xcp_calibration.o
 .text.xcpCalibrationInit
                0x0008214c       0x10 xcp_calibration.o
                0x0008214c                xcpCalibrationInit
 .text.xcpCalibrationGetPacketLookup
                0x0008215c        0xc xcp_calibration.o
                0x0008215c                xcpCalibrationGetPacketLookup
 .text.xcpCalibrationReset
                0x00082168        0x2 xcp_calibration.o
                0x00082168                xcpCalibrationReset
 .text.xcpFifoInit
                0x0008216a        0x8 xcp_fifo.o
                0x0008216a                xcpFifoInit
 .text.xcpFifoEnqueue
                0x00082172        0xc xcp_fifo.o
                0x00082172                xcpFifoEnqueue
 .text.xcpFifoDequeue
                0x0008217e       0x12 xcp_fifo.o
                0x0008217e                xcpFifoDequeue
 .text.xcpFifoEnqueueHead
                0x00082190        0xc xcp_fifo.o
                0x00082190                xcpFifoEnqueueHead
 .text.xcpFifoReset
                0x0008219c        0x8 xcp_fifo.o
                0x0008219c                xcpFifoReset
 .text.xcpTransportEmptyTxFifo
                0x000821a4       0x40 xcp_transport.o
 .text.xcpTransportEmptyRxFifo
                0x000821e4       0x38 xcp_transport.o
 .text.xcpTransportTxReady
                0x0008221c        0x4 xcp_transport.o
                0x0008221c                xcpTransportTxReady
 .text.xcpTransportTxTrigger
                0x00082220        0x4 xcp_transport.o
                0x00082220                xcpTransportTxTrigger
 .text.xcpTransportTx
                0x00082224       0x88 xcp_transport.o
                0x00082224                xcpTransportTx
 .text.xcpTransportRx
                0x000822ac       0x54 xcp_transport.o
                0x000822ac                xcpTransportRx
 .text.xcpTransportPacketOffset
                0x00082300        0xa xcp_transport.o
                0x00082300                xcpTransportPacketOffset
 *fill*         0x0008230a        0x2 
 .text.xcpTransportTxPacketSet
                0x0008230c       0x8c xcp_transport.o
                0x0008230c                xcpTransportTxPacketSet
 .text.xcpTransportRxPacketGet
                0x00082398       0x80 xcp_transport.o
                0x00082398                xcpTransportRxPacketGet
 .text.xcpTransportMsgBufferSize
                0x00082418       0x28 xcp_transport.o
                0x00082418                xcpTransportMsgBufferSize
 .text.xcpTransportInit
                0x00082440       0x7c xcp_transport.o
                0x00082440                xcpTransportInit
 .text.xcpTransportMaxDtoSize
                0x000824bc        0x4 xcp_transport.o
                0x000824bc                xcpTransportMaxDtoSize
 .text.xcpTransportMaxCtoSize
                0x000824c0        0x4 xcp_transport.o
                0x000824c0                xcpTransportMaxCtoSize
 .text.xcpTransportRestart
                0x000824c4       0x16 xcp_transport.o
                0x000824c4                xcpTransportRestart
 .text.xcpTransportResynch
                0x000824da       0x12 xcp_transport.o
                0x000824da                xcpTransportResynch
 .text.xcpTransportCtoReservedMemPoolId
                0x000824ec        0xc xcp_transport.o
                0x000824ec                xcpTransportCtoReservedMemPoolId
 .text.xcpTransportReset
                0x000824f8       0x54 xcp_transport.o
                0x000824f8                xcpTransportReset
 .text.xcpInitializePoolMemoryArea
                0x0008254c       0x30 xcp_mem_default.o
 .text.xcpMemInit
                0x0008257c       0xa4 xcp_mem_default.o
                0x0008257c                xcpMemInit
 .text.xcpMemAlloc
                0x00082620       0x5c xcp_mem_default.o
                0x00082620                xcpMemAlloc
 .text.xcpMemFree
                0x0008267c       0x80 xcp_mem_default.o
                0x0008267c                xcpMemFree
 .text.xcpMemReservedPoolCreate
                0x000826fc       0xf0 xcp_mem_default.o
                0x000826fc                xcpMemReservedPoolCreate
 .text.xcpMemReservedPoolDestroy
                0x000827ec       0x88 xcp_mem_default.o
                0x000827ec                xcpMemReservedPoolDestroy
 .text.xcpMemCustomPoolCreate
                0x00082874       0x4c xcp_mem_default.o
                0x00082874                xcpMemCustomPoolCreate
 .text.xcpMemCustomPoolDestroy
                0x000828c0       0x2c xcp_mem_default.o
                0x000828c0                xcpMemCustomPoolDestroy
 .text.xcpMemAllocFromPool
                0x000828ec       0x70 xcp_mem_default.o
                0x000828ec                xcpMemAllocFromPool
 .text.xcpMemReset
                0x0008295c       0x48 xcp_mem_default.o
                0x0008295c                xcpMemReset
 .text.xcpDrvOpen
                0x000829a4       0x24 xcp_drv_rtiostream.o
                0x000829a4                xcpDrvOpen
 .text.xcpDrvIoctl
                0x000829c8       0x14 xcp_drv_rtiostream.o
                0x000829c8                xcpDrvIoctl
 .text.xcpDrvSend
                0x000829dc       0x9c xcp_drv_rtiostream.o
                0x000829dc                xcpDrvSend
 .text.xcpDrvRecv
                0x00082a78       0x9c xcp_drv_rtiostream.o
                0x00082a78                xcpDrvRecv
 .text.xcpDrvClose
                0x00082b14       0x28 xcp_drv_rtiostream.o
                0x00082b14                xcpDrvClose
 .text.xcpSortArray
                0x00082b3c       0x42 xcp_utils.o
                0x00082b3c                xcpSortArray
 .text.xcpSxiChecksum
                0x00082b7e       0x1a xcp_frame_serial.o
                0x00082b7e                xcpSxiChecksum
 .text.xcpFrameInit
                0x00082b98       0x38 xcp_frame_serial.o
                0x00082b98                xcpFrameInit
 .text.xcpFrameMsgSend
                0x00082bd0       0x98 xcp_frame_serial.o
                0x00082bd0                xcpFrameMsgSend
 .text.xcpFrameMsgRecv
                0x00082c68       0xb4 xcp_frame_serial.o
                0x00082c68                xcpFrameMsgRecv
 .text.xcpFrameCreateMsg
                0x00082d1c       0x1c xcp_frame_serial.o
                0x00082d1c                xcpFrameCreateMsg
 .text.xcpFrameExtractPacket
                0x00082d38       0x80 xcp_frame_serial.o
                0x00082d38                xcpFrameExtractPacket
 .text.xcpFrameHeaderSize
                0x00082db8        0x4 xcp_frame_serial.o
                0x00082db8                xcpFrameHeaderSize
 .text.xcpFrameTailSize
                0x00082dbc        0x4 xcp_frame_serial.o
                0x00082dbc                xcpFrameTailSize
 .text.xcpFrameMaxDtoSize
                0x00082dc0        0x6 xcp_frame_serial.o
                0x00082dc0                xcpFrameMaxDtoSize
 .text.xcpFrameMaxCtoSize
                0x00082dc6        0x4 xcp_frame_serial.o
                0x00082dc6                xcpFrameMaxCtoSize
 *fill*         0x00082dca        0x2 
 .text.xcpFrameRestart
                0x00082dcc       0x1c xcp_frame_serial.o
                0x00082dcc                xcpFrameRestart
 .text.xcpFrameSetCtoReservedMemPoolId
                0x00082de8        0xc xcp_frame_serial.o
                0x00082de8                xcpFrameSetCtoReservedMemPoolId
 .text.xcpFrameReset
                0x00082df4       0x30 xcp_frame_serial.o
                0x00082df4                xcpFrameReset
 .text.xcpTransportGetInitParameters
                0x00082e24        0xc xcp_ext_param_default_serial.o
                0x00082e24                xcpTransportGetInitParameters
 .text.xcpGetInitParameters
                0x00082e30        0xc xcp_ext_param_default_serial.o
                0x00082e30                xcpGetInitParameters
 .text.__halt   0x00082e3c        0x2 arm_m3_cortex_handler.o
                0x00082e3c                DACC_Handler
                0x00082e3c                DebugMon_Handler
                0x00082e3c                DMAC_Handler
                0x00082e3c                TRNG_Handler
                0x00082e3c                HardFault_Handler
                0x00082e3c                TC2_Handler
                0x00082e3c                TWI1_Handler
                0x00082e3c                NMI_Handler
                0x00082e3c                TC7_Handler
                0x00082e3c                ADC_Handler
                0x00082e3c                SMC_Handler
                0x00082e3c                RTT_Handler
                0x00082e3c                EFC1_Handler
                0x00082e3c                PIOB_Handler
                0x00082e3c                RTC_Handler
                0x00082e3c                UsageFault_Handler
                0x00082e3c                TC6_Handler
                0x00082e3c                WDT_Handler
                0x00082e3c                CAN0_Handler
                0x00082e3c                TC4_Handler
                0x00082e3c                TC1_Handler
                0x00082e3c                HSMCI_Handler
                0x00082e3c                TC3_Handler
                0x00082e3c                TWI0_Handler
                0x00082e3c                PIOA_Handler
                0x00082e3c                SSC_Handler
                0x00082e3c                EFC0_Handler
                0x00082e3c                PMC_Handler
                0x00082e3c                PWM_Handler
                0x00082e3c                CAN1_Handler
                0x00082e3c                MemManage_Handler
                0x00082e3c                SUPC_Handler
                0x00082e3c                USART2_Handler
                0x00082e3c                PIOD_Handler
                0x00082e3c                EMAC_Handler
                0x00082e3c                PIOC_Handler
                0x00082e3c                BusFault_Handler
                0x00082e3c                RSTC_Handler
                0x00082e3c                TC0_Handler
                0x00082e3c                TC5_Handler
                0x00082e3c                SPI0_Handler
 .text.SysTick_Handler
                0x00082e3e       0x16 arm_m3_cortex_handler.o
                0x00082e3e                SysTick_Handler
 .text.MW_Arduino_Init
                0x00082e54       0x18 MW_ArduinoHWInit.o
                0x00082e54                MW_Arduino_Init
 .text.MW_Arduino_Terminate
                0x00082e6c        0x2 MW_ArduinoHWInit.o
                0x00082e6c                MW_Arduino_Terminate
 *fill*         0x00082e6e        0x2 
 .text.Serial_begin
                0x00082e70       0x78 io_wrappers.o
                0x00082e70                Serial_begin
 .text._ZL13Scheduler_Isrv
                0x00082ee8       0x14 arduinoARMScheduler.o
 .text.TC8_Handler
                0x00082efc       0x20 arduinoARMScheduler.o
                0x00082efc                TC8_Handler
 .text.Setup_SchedulerTimer
                0x00082f1c       0x84 arduinoARMScheduler.o
                0x00082f1c                Setup_SchedulerTimer
 .text.configureArduinoARMTimer
                0x00082fa0       0x40 arduinoARMScheduler.o
                0x00082fa0                configureArduinoARMTimer
 .text.disable_rt_OneStep
                0x00082fe0       0x14 arduinoARMScheduler.o
                0x00082fe0                disable_rt_OneStep
 .text.MW_Arduino_Loop
                0x00082ff4        0x4 arduinoARMScheduler.o
                0x00082ff4                MW_Arduino_Loop
 .text.PendSV_Handler
                0x00082ff8       0x3c m3m4m4f_multitasking.o
                0x00082ff8                PendSV_Handler
 .text.SVC_Handler
                0x00083034       0x4c m3m4m4f_multitasking.o
                0x00083034                SVC_Handler
 .text.rtIOStreamResync
                0x00083080        0xc rtiostream_serial_daemon.o
                0x00083080                rtIOStreamResync
 .text.rtIOStreamSend
                0x0008308c       0x1c rtiostream_serial_daemon.o
                0x0008308c                rtIOStreamSend
 .text.rtIOStreamClose
                0x000830a8        0xe rtiostream_serial_daemon.o
                0x000830a8                rtIOStreamClose
 *fill*         0x000830b6        0x2 
 .text.rtIOStreamOpen
                0x000830b8       0x28 rtiostream_serial_daemon.o
                0x000830b8                rtIOStreamOpen
 .text.rtIOStreamRecv
                0x000830e0       0x5c rtiostream_serial_daemon.o
                0x000830e0                rtIOStreamRecv
 .text.sys_arch_protect
                0x0008313c        0x8 sys_arch.o
                0x0008313c                sys_arch_protect
 .text.sys_arch_unprotect
                0x00083144        0x6 sys_arch.o
                0x00083144                sys_arch_unprotect
 *fill*         0x0008314a        0x2 
 .text.rt_OneStep
                0x0008314c       0x48 ert_main.o
                0x0008314c                rt_OneStep
 .text.startup.main
                0x00083194       0xfc ert_main.o
                0x00083194                main
 .text.__empty  0x00083290        0x2 C:/Users/GUILHE~1/DOCUME~1/MATLAB/R2024a/ARDUIN~1/ARDUIN~2/FASTER~1/libcore.a(hooks.o)
                0x00083290                yield
 .text.__false  0x00083292        0x4 C:/Users/GUILHE~1/DOCUME~1/MATLAB/R2024a/ARDUIN~1/ARDUIN~2/FASTER~1/libcore.a(hooks.o)
                0x00083292                sysTickHook
 *fill*         0x00083296        0x2 
 .text._sbrk    0x00083298       0x1c C:/Users/GUILHE~1/DOCUME~1/MATLAB/R2024a/ARDUIN~1/ARDUIN~2/FASTER~1/libcore.a(syscalls_sam3.o)
                0x00083298                _sbrk
 .text.link     0x000832b4        0x6 C:/Users/GUILHE~1/DOCUME~1/MATLAB/R2024a/ARDUIN~1/ARDUIN~2/FASTER~1/libcore.a(syscalls_sam3.o)
                0x000832b4                link
 .text._close   0x000832ba        0x6 C:/Users/GUILHE~1/DOCUME~1/MATLAB/R2024a/ARDUIN~1/ARDUIN~2/FASTER~1/libcore.a(syscalls_sam3.o)
                0x000832ba                _close
 .text._fstat   0x000832c0        0xa C:/Users/GUILHE~1/DOCUME~1/MATLAB/R2024a/ARDUIN~1/ARDUIN~2/FASTER~1/libcore.a(syscalls_sam3.o)
                0x000832c0                _fstat
 .text._isatty  0x000832ca        0x4 C:/Users/GUILHE~1/DOCUME~1/MATLAB/R2024a/ARDUIN~1/ARDUIN~2/FASTER~1/libcore.a(syscalls_sam3.o)
                0x000832ca                _isatty
 .text._lseek   0x000832ce        0x4 C:/Users/GUILHE~1/DOCUME~1/MATLAB/R2024a/ARDUIN~1/ARDUIN~2/FASTER~1/libcore.a(syscalls_sam3.o)
                0x000832ce                _lseek
 .text._read    0x000832d2        0x4 C:/Users/GUILHE~1/DOCUME~1/MATLAB/R2024a/ARDUIN~1/ARDUIN~2/FASTER~1/libcore.a(syscalls_sam3.o)
                0x000832d2                _read
 *fill*         0x000832d6        0x2 
 .text._write   0x000832d8       0x24 C:/Users/GUILHE~1/DOCUME~1/MATLAB/R2024a/ARDUIN~1/ARDUIN~2/FASTER~1/libcore.a(syscalls_sam3.o)
                0x000832d8                _write
 .text._exit    0x000832fc        0x2 C:/Users/GUILHE~1/DOCUME~1/MATLAB/R2024a/ARDUIN~1/ARDUIN~2/FASTER~1/libcore.a(syscalls_sam3.o)
                0x000832fc                _exit
 .text._kill    0x000832fe        0x2 C:/Users/GUILHE~1/DOCUME~1/MATLAB/R2024a/ARDUIN~1/ARDUIN~2/FASTER~1/libcore.a(syscalls_sam3.o)
                0x000832fe                _kill
 .text._getpid  0x00083300        0x6 C:/Users/GUILHE~1/DOCUME~1/MATLAB/R2024a/ARDUIN~1/ARDUIN~2/FASTER~1/libcore.a(syscalls_sam3.o)
                0x00083300                _getpid
 .text.delay    0x00083306       0x1c C:/Users/GUILHE~1/DOCUME~1/MATLAB/R2024a/ARDUIN~1/ARDUIN~2/FASTER~1/libcore.a(wiring.o)
                0x00083306                delay
 .text.mapResolution
                0x00083322       0x12 C:/Users/GUILHE~1/DOCUME~1/MATLAB/R2024a/ARDUIN~1/ARDUIN~2/FASTER~1/libcore.a(wiring_analog.o)
 .text.analogWriteResolution
                0x00083334        0xc C:/Users/GUILHE~1/DOCUME~1/MATLAB/R2024a/ARDUIN~1/ARDUIN~2/FASTER~1/libcore.a(wiring_analog.o)
                0x00083334                analogWriteResolution
 .text.analogOutputInit
                0x00083340        0x2 C:/Users/GUILHE~1/DOCUME~1/MATLAB/R2024a/ARDUIN~1/ARDUIN~2/FASTER~1/libcore.a(wiring_analog.o)
                0x00083340                analogOutputInit
 *fill*         0x00083342        0x2 
 .text.analogWrite
                0x00083344      0x2c0 C:/Users/GUILHE~1/DOCUME~1/MATLAB/R2024a/ARDUIN~1/ARDUIN~2/FASTER~1/libcore.a(wiring_analog.o)
                0x00083344                analogWrite
 .text.pinMode  0x00083604      0x108 C:/Users/GUILHE~1/DOCUME~1/MATLAB/R2024a/ARDUIN~1/ARDUIN~2/FASTER~1/libcore.a(wiring_digital.o)
                0x00083604                pinMode
 .text.digitalWrite
                0x0008370c       0x70 C:/Users/GUILHE~1/DOCUME~1/MATLAB/R2024a/ARDUIN~1/ARDUIN~2/FASTER~1/libcore.a(wiring_digital.o)
                0x0008370c                digitalWrite
 .text.tickReset
                0x0008377c       0x20 C:/Users/GUILHE~1/DOCUME~1/MATLAB/R2024a/ARDUIN~1/ARDUIN~2/FASTER~1/libcore.a(Reset.o)
                0x0008377c                tickReset
 .text._ZN9UARTClasscvbEv
                0x0008379c        0x4 C:/Users/GUILHE~1/DOCUME~1/MATLAB/R2024a/ARDUIN~1/ARDUIN~2/FASTER~1/libcore.a(UARTClass.o)
                0x0008379c                UARTClass::operator bool()
 .text._ZN9UARTClass9availableEv
                0x000837a0       0x12 C:/Users/GUILHE~1/DOCUME~1/MATLAB/R2024a/ARDUIN~1/ARDUIN~2/FASTER~1/libcore.a(UARTClass.o)
                0x000837a0                UARTClass::available()
 .text._ZN9UARTClass4peekEv
                0x000837b2       0x1c C:/Users/GUILHE~1/DOCUME~1/MATLAB/R2024a/ARDUIN~1/ARDUIN~2/FASTER~1/libcore.a(UARTClass.o)
                0x000837b2                UARTClass::peek()
 .text._ZN9UARTClass4readEv
                0x000837ce       0x2a C:/Users/GUILHE~1/DOCUME~1/MATLAB/R2024a/ARDUIN~1/ARDUIN~2/FASTER~1/libcore.a(UARTClass.o)
                0x000837ce                UARTClass::read()
 .text._ZN9UARTClass5flushEv
                0x000837f8       0x18 C:/Users/GUILHE~1/DOCUME~1/MATLAB/R2024a/ARDUIN~1/ARDUIN~2/FASTER~1/libcore.a(UARTClass.o)
                0x000837f8                UARTClass::flush()
 .text._ZN9UARTClass5writeEh
                0x00083810       0x54 C:/Users/GUILHE~1/DOCUME~1/MATLAB/R2024a/ARDUIN~1/ARDUIN~2/FASTER~1/libcore.a(UARTClass.o)
                0x00083810                UARTClass::write(unsigned char)
 .text._ZN9UARTClass3endEv
                0x00083864       0x3c C:/Users/GUILHE~1/DOCUME~1/MATLAB/R2024a/ARDUIN~1/ARDUIN~2/FASTER~1/libcore.a(UARTClass.o)
                0x00083864                UARTClass::end()
 .text._ZN9UARTClassC2EP4Uart4IRQnmP10RingBufferS4_
                0x000838a0       0x24 C:/Users/GUILHE~1/DOCUME~1/MATLAB/R2024a/ARDUIN~1/ARDUIN~2/FASTER~1/libcore.a(UARTClass.o)
                0x000838a0                UARTClass::UARTClass(Uart*, IRQn, unsigned long, RingBuffer*, RingBuffer*)
                0x000838a0                UARTClass::UARTClass(Uart*, IRQn, unsigned long, RingBuffer*, RingBuffer*)
 .text._ZN9UARTClass4initEmm
                0x000838c4       0x70 C:/Users/GUILHE~1/DOCUME~1/MATLAB/R2024a/ARDUIN~1/ARDUIN~2/FASTER~1/libcore.a(UARTClass.o)
                0x000838c4                UARTClass::init(unsigned long, unsigned long)
 .text._ZN9UARTClass5beginEmNS_9UARTModesE
                0x00083934        0x8 C:/Users/GUILHE~1/DOCUME~1/MATLAB/R2024a/ARDUIN~1/ARDUIN~2/FASTER~1/libcore.a(UARTClass.o)
                0x00083934                UARTClass::begin(unsigned long, UARTClass::UARTModes)
 .text._ZN9UARTClass5beginEm
                0x0008393c        0x8 C:/Users/GUILHE~1/DOCUME~1/MATLAB/R2024a/ARDUIN~1/ARDUIN~2/FASTER~1/libcore.a(UARTClass.o)
                0x0008393c                UARTClass::begin(unsigned long)
 .text._ZN9UARTClass10IrqHandlerEv
                0x00083944       0x5a C:/Users/GUILHE~1/DOCUME~1/MATLAB/R2024a/ARDUIN~1/ARDUIN~2/FASTER~1/libcore.a(UARTClass.o)
                0x00083944                UARTClass::IrqHandler()
 .text._ZN10USARTClass5beginEm
                0x0008399e        0x8 C:/Users/GUILHE~1/DOCUME~1/MATLAB/R2024a/ARDUIN~1/ARDUIN~2/FASTER~1/libcore.a(USARTClass.o)
                0x0008399e                USARTClass::begin(unsigned long)
 *fill*         0x000839a6        0x2 
 .text._ZN10USARTClassC2EP5Usart4IRQnmP10RingBufferS4_
                0x000839a8       0x24 C:/Users/GUILHE~1/DOCUME~1/MATLAB/R2024a/ARDUIN~1/ARDUIN~2/FASTER~1/libcore.a(USARTClass.o)
                0x000839a8                USARTClass::USARTClass(Usart*, IRQn, unsigned long, RingBuffer*, RingBuffer*)
                0x000839a8                USARTClass::USARTClass(Usart*, IRQn, unsigned long, RingBuffer*, RingBuffer*)
 .text._ZN10USARTClass5beginEmN9UARTClass9UARTModesE
                0x000839cc        0x4 C:/Users/GUILHE~1/DOCUME~1/MATLAB/R2024a/ARDUIN~1/ARDUIN~2/FASTER~1/libcore.a(USARTClass.o)
                0x000839cc                USARTClass::begin(unsigned long, UARTClass::UARTModes)
 .text._Z15watchdogDisablev
                0x000839d0        0xc C:/Users/GUILHE~1/DOCUME~1/MATLAB/R2024a/ARDUIN~1/ARDUIN~2/FASTER~1/libcore.a(watchdog.o)
                0x000839d0                watchdogDisable()
 .text.UART_Handler
                0x000839dc        0xc C:/Users/GUILHE~1/DOCUME~1/MATLAB/R2024a/ARDUIN~1/ARDUIN~2/FASTER~1/libcore.a(variant.o)
                0x000839dc                UART_Handler
 .text.USART0_Handler
                0x000839e8        0xc C:/Users/GUILHE~1/DOCUME~1/MATLAB/R2024a/ARDUIN~1/ARDUIN~2/FASTER~1/libcore.a(variant.o)
                0x000839e8                USART0_Handler
 .text.USART1_Handler
                0x000839f4        0xc C:/Users/GUILHE~1/DOCUME~1/MATLAB/R2024a/ARDUIN~1/ARDUIN~2/FASTER~1/libcore.a(variant.o)
                0x000839f4                USART1_Handler
 .text.USART3_Handler
                0x00083a00        0xc C:/Users/GUILHE~1/DOCUME~1/MATLAB/R2024a/ARDUIN~1/ARDUIN~2/FASTER~1/libcore.a(variant.o)
                0x00083a00                USART3_Handler
 .text.init     0x00083a0c      0x128 C:/Users/GUILHE~1/DOCUME~1/MATLAB/R2024a/ARDUIN~1/ARDUIN~2/FASTER~1/libcore.a(variant.o)
                0x00083a0c                init
 .text.startup._GLOBAL__sub_I_g_APinDescription
                0x00083b34       0xd4 C:/Users/GUILHE~1/DOCUME~1/MATLAB/R2024a/ARDUIN~1/ARDUIN~2/FASTER~1/libcore.a(variant.o)
 .text._ZN5Print5writeEPKhj
                0x00083c08       0x22 C:/Users/GUILHE~1/DOCUME~1/MATLAB/R2024a/ARDUIN~1/ARDUIN~2/FASTER~1/libcore.a(Print.o)
                0x00083c08                Print::write(unsigned char const*, unsigned int)
 .text._ZN10RingBufferC2Ev
                0x00083c2a       0x1a C:/Users/GUILHE~1/DOCUME~1/MATLAB/R2024a/ARDUIN~1/ARDUIN~2/FASTER~1/libcore.a(RingBuffer.o)
                0x00083c2a                RingBuffer::RingBuffer()
                0x00083c2a                RingBuffer::RingBuffer()
 .text._ZN10RingBuffer10store_charEh
                0x00083c44       0x1e C:/Users/GUILHE~1/DOCUME~1/MATLAB/R2024a/ARDUIN~1/ARDUIN~2/FASTER~1/libcore.a(RingBuffer.o)
                0x00083c44                RingBuffer::store_char(unsigned char)
 .text.PIO_PullUp
                0x00083c62        0xa C:/ProgramData/MATLAB/SupportPackages/R2024a/aCLI/data/packages/arduino/hardware/sam/1.6.12/variants/arduino_due_x/libsam_sam3x8e_gcc_rel.a(pio.o)
                0x00083c62                PIO_PullUp
 .text.PIO_SetPeripheral
                0x00083c6c       0x26 C:/ProgramData/MATLAB/SupportPackages/R2024a/aCLI/data/packages/arduino/hardware/sam/1.6.12/variants/arduino_due_x/libsam_sam3x8e_gcc_rel.a(pio.o)
                0x00083c6c                PIO_SetPeripheral
 .text.PIO_SetInput
                0x00083c92       0x26 C:/ProgramData/MATLAB/SupportPackages/R2024a/aCLI/data/packages/arduino/hardware/sam/1.6.12/variants/arduino_due_x/libsam_sam3x8e_gcc_rel.a(pio.o)
                0x00083c92                PIO_SetInput
 .text.PIO_SetOutput
                0x00083cb8       0x24 C:/ProgramData/MATLAB/SupportPackages/R2024a/aCLI/data/packages/arduino/hardware/sam/1.6.12/variants/arduino_due_x/libsam_sam3x8e_gcc_rel.a(pio.o)
                0x00083cb8                PIO_SetOutput
 .text.PIO_Configure
                0x00083cdc       0x64 C:/ProgramData/MATLAB/SupportPackages/R2024a/aCLI/data/packages/arduino/hardware/sam/1.6.12/variants/arduino_due_x/libsam_sam3x8e_gcc_rel.a(pio.o)
                0x00083cdc                PIO_Configure
 .text.PIO_GetOutputDataStatus
                0x00083d40       0x14 C:/ProgramData/MATLAB/SupportPackages/R2024a/aCLI/data/packages/arduino/hardware/sam/1.6.12/variants/arduino_due_x/libsam_sam3x8e_gcc_rel.a(pio.o)
                0x00083d40                PIO_GetOutputDataStatus
 .text.pmc_enable_periph_clk
                0x00083d54       0x44 C:/ProgramData/MATLAB/SupportPackages/R2024a/aCLI/data/packages/arduino/hardware/sam/1.6.12/variants/arduino_due_x/libsam_sam3x8e_gcc_rel.a(pmc.o)
                0x00083d54                pmc_enable_periph_clk
 .text.pmc_disable_periph_clk
                0x00083d98       0x40 C:/ProgramData/MATLAB/SupportPackages/R2024a/aCLI/data/packages/arduino/hardware/sam/1.6.12/variants/arduino_due_x/libsam_sam3x8e_gcc_rel.a(pmc.o)
                0x00083d98                pmc_disable_periph_clk
 .text.pmc_set_writeprotect
                0x00083dd8       0x1c C:/ProgramData/MATLAB/SupportPackages/R2024a/aCLI/data/packages/arduino/hardware/sam/1.6.12/variants/arduino_due_x/libsam_sam3x8e_gcc_rel.a(pmc.o)
                0x00083dd8                pmc_set_writeprotect
 .text.FindClockConfiguration
                0x00083df4       0x7c C:/ProgramData/MATLAB/SupportPackages/R2024a/aCLI/data/packages/arduino/hardware/sam/1.6.12/variants/arduino_due_x/libsam_sam3x8e_gcc_rel.a(pwmc.o)
 .text.PWMC_ConfigureChannel
                0x00083e70       0x60 C:/ProgramData/MATLAB/SupportPackages/R2024a/aCLI/data/packages/arduino/hardware/sam/1.6.12/variants/arduino_due_x/libsam_sam3x8e_gcc_rel.a(pwmc.o)
                0x00083e70                PWMC_ConfigureChannel
 .text.PWMC_ConfigureClocks
                0x00083ed0       0x54 C:/ProgramData/MATLAB/SupportPackages/R2024a/aCLI/data/packages/arduino/hardware/sam/1.6.12/variants/arduino_due_x/libsam_sam3x8e_gcc_rel.a(pwmc.o)
                0x00083ed0                PWMC_ConfigureClocks
 .text.PWMC_SetPeriod
                0x00083f24       0x1a C:/ProgramData/MATLAB/SupportPackages/R2024a/aCLI/data/packages/arduino/hardware/sam/1.6.12/variants/arduino_due_x/libsam_sam3x8e_gcc_rel.a(pwmc.o)
                0x00083f24                PWMC_SetPeriod
 *fill*         0x00083f3e        0x2 
 .text.PWMC_SetDutyCycle
                0x00083f40       0x44 C:/ProgramData/MATLAB/SupportPackages/R2024a/aCLI/data/packages/arduino/hardware/sam/1.6.12/variants/arduino_due_x/libsam_sam3x8e_gcc_rel.a(pwmc.o)
                0x00083f40                PWMC_SetDutyCycle
 .text.PWMC_EnableChannel
                0x00083f84        0xa C:/ProgramData/MATLAB/SupportPackages/R2024a/aCLI/data/packages/arduino/hardware/sam/1.6.12/variants/arduino_due_x/libsam_sam3x8e_gcc_rel.a(pwmc.o)
                0x00083f84                PWMC_EnableChannel
 *fill*         0x00083f8e        0x2 
 .text.TC_Configure
                0x00083f90       0x38 C:/ProgramData/MATLAB/SupportPackages/R2024a/aCLI/data/packages/arduino/hardware/sam/1.6.12/variants/arduino_due_x/libsam_sam3x8e_gcc_rel.a(tc.o)
                0x00083f90                TC_Configure
 .text.TC_Start
                0x00083fc8       0x2c C:/ProgramData/MATLAB/SupportPackages/R2024a/aCLI/data/packages/arduino/hardware/sam/1.6.12/variants/arduino_due_x/libsam_sam3x8e_gcc_rel.a(tc.o)
                0x00083fc8                TC_Start
 .text.TC_GetStatus
                0x00083ff4        0x8 C:/ProgramData/MATLAB/SupportPackages/R2024a/aCLI/data/packages/arduino/hardware/sam/1.6.12/variants/arduino_due_x/libsam_sam3x8e_gcc_rel.a(tc.o)
                0x00083ff4                TC_GetStatus
 .text.TC_SetRA
                0x00083ffc        0x8 C:/ProgramData/MATLAB/SupportPackages/R2024a/aCLI/data/packages/arduino/hardware/sam/1.6.12/variants/arduino_due_x/libsam_sam3x8e_gcc_rel.a(tc.o)
                0x00083ffc                TC_SetRA
 .text.TC_SetRB
                0x00084004        0x8 C:/ProgramData/MATLAB/SupportPackages/R2024a/aCLI/data/packages/arduino/hardware/sam/1.6.12/variants/arduino_due_x/libsam_sam3x8e_gcc_rel.a(tc.o)
                0x00084004                TC_SetRB
 .text.TC_SetRC
                0x0008400c        0x8 C:/ProgramData/MATLAB/SupportPackages/R2024a/aCLI/data/packages/arduino/hardware/sam/1.6.12/variants/arduino_due_x/libsam_sam3x8e_gcc_rel.a(tc.o)
                0x0008400c                TC_SetRC
 .text.TimeTick_Increment
                0x00084014       0x10 C:/ProgramData/MATLAB/SupportPackages/R2024a/aCLI/data/packages/arduino/hardware/sam/1.6.12/variants/arduino_due_x/libsam_sam3x8e_gcc_rel.a(timetick.o)
                0x00084014                TimeTick_Increment
 .text.GetTickCount
                0x00084024        0xc C:/ProgramData/MATLAB/SupportPackages/R2024a/aCLI/data/packages/arduino/hardware/sam/1.6.12/variants/arduino_due_x/libsam_sam3x8e_gcc_rel.a(timetick.o)
                0x00084024                GetTickCount
 .text.WDT_Disable
                0x00084030        0x8 C:/ProgramData/MATLAB/SupportPackages/R2024a/aCLI/data/packages/arduino/hardware/sam/1.6.12/variants/arduino_due_x/libsam_sam3x8e_gcc_rel.a(wdt.o)
                0x00084030                WDT_Disable
 .text.SystemInit
                0x00084038       0x88 C:/ProgramData/MATLAB/SupportPackages/R2024a/aCLI/data/packages/arduino/hardware/sam/1.6.12/variants/arduino_due_x/libsam_sam3x8e_gcc_rel.a(system_sam3xa.o)
                0x00084038                SystemInit
 .text.adc_init
                0x000840c0       0x98 C:/ProgramData/MATLAB/SupportPackages/R2024a/aCLI/data/packages/arduino/hardware/sam/1.6.12/variants/arduino_due_x/libsam_sam3x8e_gcc_rel.a(adc.o)
                0x000840c0                adc_init
 .text.adc_configure_trigger
                0x00084158        0xe C:/ProgramData/MATLAB/SupportPackages/R2024a/aCLI/data/packages/arduino/hardware/sam/1.6.12/variants/arduino_due_x/libsam_sam3x8e_gcc_rel.a(adc.o)
                0x00084158                adc_configure_trigger
 .text.adc_configure_timing
                0x00084166       0x1a C:/ProgramData/MATLAB/SupportPackages/R2024a/aCLI/data/packages/arduino/hardware/sam/1.6.12/variants/arduino_due_x/libsam_sam3x8e_gcc_rel.a(adc.o)
                0x00084166                adc_configure_timing
 .text.adc_disable_channel
                0x00084180        0xa C:/ProgramData/MATLAB/SupportPackages/R2024a/aCLI/data/packages/arduino/hardware/sam/1.6.12/variants/arduino_due_x/libsam_sam3x8e_gcc_rel.a(adc.o)
                0x00084180                adc_disable_channel
 .text.adc_disable_all_channel
                0x0008418a        0x8 C:/ProgramData/MATLAB/SupportPackages/R2024a/aCLI/data/packages/arduino/hardware/sam/1.6.12/variants/arduino_due_x/libsam_sam3x8e_gcc_rel.a(adc.o)
                0x0008418a                adc_disable_all_channel
 .text.adc_disable_interrupt
                0x00084192        0x4 C:/ProgramData/MATLAB/SupportPackages/R2024a/aCLI/data/packages/arduino/hardware/sam/1.6.12/variants/arduino_due_x/libsam_sam3x8e_gcc_rel.a(adc.o)
                0x00084192                adc_disable_interrupt
 .text.dacc_reset
                0x00084196        0x6 C:/ProgramData/MATLAB/SupportPackages/R2024a/aCLI/data/packages/arduino/hardware/sam/1.6.12/variants/arduino_due_x/libsam_sam3x8e_gcc_rel.a(dacc.o)
                0x00084196                dacc_reset
 .text.dacc_set_transfer_mode
                0x0008419c       0x14 C:/ProgramData/MATLAB/SupportPackages/R2024a/aCLI/data/packages/arduino/hardware/sam/1.6.12/variants/arduino_due_x/libsam_sam3x8e_gcc_rel.a(dacc.o)
                0x0008419c                dacc_set_transfer_mode
 .text.dacc_get_interrupt_status
                0x000841b0        0x4 C:/ProgramData/MATLAB/SupportPackages/R2024a/aCLI/data/packages/arduino/hardware/sam/1.6.12/variants/arduino_due_x/libsam_sam3x8e_gcc_rel.a(dacc.o)
                0x000841b0                dacc_get_interrupt_status
 .text.dacc_write_conversion_data
                0x000841b4        0x4 C:/ProgramData/MATLAB/SupportPackages/R2024a/aCLI/data/packages/arduino/hardware/sam/1.6.12/variants/arduino_due_x/libsam_sam3x8e_gcc_rel.a(dacc.o)
                0x000841b4                dacc_write_conversion_data
 .text.dacc_set_channel_selection
                0x000841b8       0x18 C:/ProgramData/MATLAB/SupportPackages/R2024a/aCLI/data/packages/arduino/hardware/sam/1.6.12/variants/arduino_due_x/libsam_sam3x8e_gcc_rel.a(dacc.o)
                0x000841b8                dacc_set_channel_selection
 .text.dacc_set_power_save
                0x000841d0       0x24 C:/ProgramData/MATLAB/SupportPackages/R2024a/aCLI/data/packages/arduino/hardware/sam/1.6.12/variants/arduino_due_x/libsam_sam3x8e_gcc_rel.a(dacc.o)
                0x000841d0                dacc_set_power_save
 .text.dacc_set_timing
                0x000841f4       0x2c C:/ProgramData/MATLAB/SupportPackages/R2024a/aCLI/data/packages/arduino/hardware/sam/1.6.12/variants/arduino_due_x/libsam_sam3x8e_gcc_rel.a(dacc.o)
                0x000841f4                dacc_set_timing
 .text.dacc_enable_channel
                0x00084220       0x12 C:/ProgramData/MATLAB/SupportPackages/R2024a/aCLI/data/packages/arduino/hardware/sam/1.6.12/variants/arduino_due_x/libsam_sam3x8e_gcc_rel.a(dacc.o)
                0x00084220                dacc_enable_channel
 .text.dacc_get_channel_status
                0x00084232        0x4 C:/ProgramData/MATLAB/SupportPackages/R2024a/aCLI/data/packages/arduino/hardware/sam/1.6.12/variants/arduino_due_x/libsam_sam3x8e_gcc_rel.a(dacc.o)
                0x00084232                dacc_get_channel_status
 .text.dacc_set_analog_control
                0x00084236        0x8 C:/ProgramData/MATLAB/SupportPackages/R2024a/aCLI/data/packages/arduino/hardware/sam/1.6.12/variants/arduino_due_x/libsam_sam3x8e_gcc_rel.a(dacc.o)
                0x00084236                dacc_set_analog_control
 *fill*         0x0008423e        0x2 
 .text.floor    0x00084240      0x120 c:/programdata/matlab/supportpackages/r2024a/acli/data/packages/arduino/tools/arm-none-eabi-gcc/4.8.3-2014q1/bin/../lib/gcc/arm-none-eabi/4.8.3/../../../../arm-none-eabi/lib/armv7-m\libm.a(lib_a-s_floor.o)
                0x00084240                floor
 .text.__fpclassifyd
                0x00084360       0x50 c:/programdata/matlab/supportpackages/r2024a/acli/data/packages/arduino/tools/arm-none-eabi-gcc/4.8.3-2014q1/bin/../lib/gcc/arm-none-eabi/4.8.3/../../../../arm-none-eabi/lib/armv7-m\libm.a(lib_a-s_fpclassify.o)
                0x00084360                __fpclassifyd
 .text.fmod     0x000843b0       0xb4 c:/programdata/matlab/supportpackages/r2024a/acli/data/packages/arduino/tools/arm-none-eabi-gcc/4.8.3-2014q1/bin/../lib/gcc/arm-none-eabi/4.8.3/../../../../arm-none-eabi/lib/armv7-m\libm.a(lib_a-w_fmod.o)
                0x000843b0                fmod
 .text.__ieee754_fmod
                0x00084464      0x278 c:/programdata/matlab/supportpackages/r2024a/acli/data/packages/arduino/tools/arm-none-eabi-gcc/4.8.3-2014q1/bin/../lib/gcc/arm-none-eabi/4.8.3/../../../../arm-none-eabi/lib/armv7-m\libm.a(lib_a-e_fmod.o)
                0x00084464                __ieee754_fmod
 .text.matherr  0x000846dc        0x4 c:/programdata/matlab/supportpackages/r2024a/acli/data/packages/arduino/tools/arm-none-eabi-gcc/4.8.3-2014q1/bin/../lib/gcc/arm-none-eabi/4.8.3/../../../../arm-none-eabi/lib/armv7-m\libm.a(lib_a-s_matherr.o)
                0x000846dc                matherr
 .text          0x000846e0      0x370 c:/programdata/matlab/supportpackages/r2024a/acli/data/packages/arduino/tools/arm-none-eabi-gcc/4.8.3-2014q1/bin/../lib/gcc/arm-none-eabi/4.8.3/armv7-m\libgcc.a(_arm_addsubdf3.o)
                0x000846e0                __aeabi_drsub
                0x000846e8                __aeabi_dsub
                0x000846e8                __subdf3
                0x000846ec                __aeabi_dadd
                0x000846ec                __adddf3
                0x00084964                __floatunsidf
                0x00084964                __aeabi_ui2d
                0x00084984                __floatsidf
                0x00084984                __aeabi_i2d
                0x000849a8                __aeabi_f2d
                0x000849a8                __extendsfdf2
                0x000849e4                __floatundidf
                0x000849e4                __aeabi_ul2d
                0x000849f4                __floatdidf
                0x000849f4                __aeabi_l2d
 .text          0x00084a50      0x424 c:/programdata/matlab/supportpackages/r2024a/acli/data/packages/arduino/tools/arm-none-eabi-gcc/4.8.3-2014q1/bin/../lib/gcc/arm-none-eabi/4.8.3/armv7-m\libgcc.a(_arm_muldivdf3.o)
                0x00084a50                __aeabi_dmul
                0x00084a50                __muldf3
                0x00084ca4                __divdf3
                0x00084ca4                __aeabi_ddiv
 .text          0x00084e74      0x110 c:/programdata/matlab/supportpackages/r2024a/acli/data/packages/arduino/tools/arm-none-eabi-gcc/4.8.3-2014q1/bin/../lib/gcc/arm-none-eabi/4.8.3/armv7-m\libgcc.a(_arm_cmpdf2.o)
                0x00084e74                __gtdf2
                0x00084e74                __gedf2
                0x00084e7c                __ltdf2
                0x00084e7c                __ledf2
                0x00084e84                __nedf2
                0x00084e84                __eqdf2
                0x00084e84                __cmpdf2
                0x00084f00                __aeabi_cdrcmple
                0x00084f10                __aeabi_cdcmpeq
                0x00084f10                __aeabi_cdcmple
                0x00084f20                __aeabi_dcmpeq
                0x00084f34                __aeabi_dcmplt
                0x00084f48                __aeabi_dcmple
                0x00084f5c                __aeabi_dcmpge
                0x00084f70                __aeabi_dcmpgt
 .text          0x00084f84       0x40 c:/programdata/matlab/supportpackages/r2024a/acli/data/packages/arduino/tools/arm-none-eabi-gcc/4.8.3-2014q1/bin/../lib/gcc/arm-none-eabi/4.8.3/armv7-m\libgcc.a(_arm_fixunsdfsi.o)
                0x00084f84                __aeabi_d2uiz
                0x00084f84                __fixunsdfsi
 .text.__assert_func
                0x00084fc4       0x3c c:/programdata/matlab/supportpackages/r2024a/acli/data/packages/arduino/tools/arm-none-eabi-gcc/4.8.3-2014q1/bin/../lib/gcc/arm-none-eabi/4.8.3/../../../../arm-none-eabi/lib/armv7-m\libg.a(lib_a-assert.o)
                0x00084fc4                __assert_func
 .text.__errno  0x00085000        0xc c:/programdata/matlab/supportpackages/r2024a/acli/data/packages/arduino/tools/arm-none-eabi-gcc/4.8.3-2014q1/bin/../lib/gcc/arm-none-eabi/4.8.3/../../../../arm-none-eabi/lib/armv7-m\libg.a(lib_a-errno.o)
                0x00085000                __errno
 .text.fiprintf
                0x0008500c       0x28 c:/programdata/matlab/supportpackages/r2024a/acli/data/packages/arduino/tools/arm-none-eabi-gcc/4.8.3-2014q1/bin/../lib/gcc/arm-none-eabi/4.8.3/../../../../arm-none-eabi/lib/armv7-m\libg.a(lib_a-fiprintf.o)
                0x0008500c                fiprintf
 .text.__libc_init_array
                0x00085034       0x50 c:/programdata/matlab/supportpackages/r2024a/acli/data/packages/arduino/tools/arm-none-eabi-gcc/4.8.3-2014q1/bin/../lib/gcc/arm-none-eabi/4.8.3/../../../../arm-none-eabi/lib/armv7-m\libg.a(lib_a-init.o)
                0x00085034                __libc_init_array
 .text          0x00085084       0xec c:/programdata/matlab/supportpackages/r2024a/acli/data/packages/arduino/tools/arm-none-eabi-gcc/4.8.3-2014q1/bin/../lib/gcc/arm-none-eabi/4.8.3/../../../../arm-none-eabi/lib/armv7-m\libg.a(lib_a-memcpy.o)
                0x00085084                memcpy
 .text.memset   0x00085170       0x94 c:/programdata/matlab/supportpackages/r2024a/acli/data/packages/arduino/tools/arm-none-eabi-gcc/4.8.3-2014q1/bin/../lib/gcc/arm-none-eabi/4.8.3/../../../../arm-none-eabi/lib/armv7-m\libg.a(lib_a-memset.o)
                0x00085170                memset
 .text.strlen   0x00085204       0x60 c:/programdata/matlab/supportpackages/r2024a/acli/data/packages/arduino/tools/arm-none-eabi-gcc/4.8.3-2014q1/bin/../lib/gcc/arm-none-eabi/4.8.3/../../../../arm-none-eabi/lib/armv7-m\libg.a(lib_a-strlen.o)
                0x00085204                strlen
 .text.kill     0x00085264       0x10 c:/programdata/matlab/supportpackages/r2024a/acli/data/packages/arduino/tools/arm-none-eabi-gcc/4.8.3-2014q1/bin/../lib/gcc/arm-none-eabi/4.8.3/../../../../arm-none-eabi/lib/armv7-m\libg.a(lib_a-syskill.o)
                0x00085264                kill
 .text.__sprint_r.part.0
                0x00085274       0x78 c:/programdata/matlab/supportpackages/r2024a/acli/data/packages/arduino/tools/arm-none-eabi-gcc/4.8.3-2014q1/bin/../lib/gcc/arm-none-eabi/4.8.3/../../../../arm-none-eabi/lib/armv7-m\libg.a(lib_a-vfiprintf.o)
 .text._vfiprintf_r
                0x000852ec      0xc54 c:/programdata/matlab/supportpackages/r2024a/acli/data/packages/arduino/tools/arm-none-eabi-gcc/4.8.3-2014q1/bin/../lib/gcc/arm-none-eabi/4.8.3/../../../../arm-none-eabi/lib/armv7-m\libg.a(lib_a-vfiprintf.o)
                0x000852ec                _vfiprintf_r
 .text.__sbprintf
                0x00085f40       0x7c c:/programdata/matlab/supportpackages/r2024a/acli/data/packages/arduino/tools/arm-none-eabi-gcc/4.8.3-2014q1/bin/../lib/gcc/arm-none-eabi/4.8.3/../../../../arm-none-eabi/lib/armv7-m\libg.a(lib_a-vfiprintf.o)
 .text.__swsetup_r
                0x00085fbc       0xc4 c:/programdata/matlab/supportpackages/r2024a/acli/data/packages/arduino/tools/arm-none-eabi-gcc/4.8.3-2014q1/bin/../lib/gcc/arm-none-eabi/4.8.3/../../../../arm-none-eabi/lib/armv7-m\libg.a(lib_a-wsetup.o)
                0x00085fbc                __swsetup_r
 .text.startup.register_fini
                0x00086080       0x14 c:/programdata/matlab/supportpackages/r2024a/acli/data/packages/arduino/tools/arm-none-eabi-gcc/4.8.3-2014q1/bin/../lib/gcc/arm-none-eabi/4.8.3/../../../../arm-none-eabi/lib/armv7-m\libg.a(lib_a-__call_atexit.o)
 .text.abort    0x00086094       0x10 c:/programdata/matlab/supportpackages/r2024a/acli/data/packages/arduino/tools/arm-none-eabi-gcc/4.8.3-2014q1/bin/../lib/gcc/arm-none-eabi/4.8.3/../../../../arm-none-eabi/lib/armv7-m\libg.a(lib_a-abort.o)
                0x00086094                abort
 .text.atexit   0x000860a4        0xc c:/programdata/matlab/supportpackages/r2024a/acli/data/packages/arduino/tools/arm-none-eabi-gcc/4.8.3-2014q1/bin/../lib/gcc/arm-none-eabi/4.8.3/../../../../arm-none-eabi/lib/armv7-m\libg.a(lib_a-atexit.o)
                0x000860a4                atexit
 .text.__sflush_r
                0x000860b0      0x148 c:/programdata/matlab/supportpackages/r2024a/acli/data/packages/arduino/tools/arm-none-eabi-gcc/4.8.3-2014q1/bin/../lib/gcc/arm-none-eabi/4.8.3/../../../../arm-none-eabi/lib/armv7-m\libg.a(lib_a-fflush.o)
                0x000860b0                __sflush_r
 .text._fflush_r
                0x000861f8       0x2c c:/programdata/matlab/supportpackages/r2024a/acli/data/packages/arduino/tools/arm-none-eabi-gcc/4.8.3-2014q1/bin/../lib/gcc/arm-none-eabi/4.8.3/../../../../arm-none-eabi/lib/armv7-m\libg.a(lib_a-fflush.o)
                0x000861f8                _fflush_r
 .text._cleanup_r
                0x00086224        0xc c:/programdata/matlab/supportpackages/r2024a/acli/data/packages/arduino/tools/arm-none-eabi-gcc/4.8.3-2014q1/bin/../lib/gcc/arm-none-eabi/4.8.3/../../../../arm-none-eabi/lib/armv7-m\libg.a(lib_a-findfp.o)
                0x00086224                _cleanup_r
 .text.__sinit  0x00086230       0xf4 c:/programdata/matlab/supportpackages/r2024a/acli/data/packages/arduino/tools/arm-none-eabi-gcc/4.8.3-2014q1/bin/../lib/gcc/arm-none-eabi/4.8.3/../../../../arm-none-eabi/lib/armv7-m\libg.a(lib_a-findfp.o)
                0x00086230                __sinit
 .text.__sfp_lock_acquire
                0x00086324        0x4 c:/programdata/matlab/supportpackages/r2024a/acli/data/packages/arduino/tools/arm-none-eabi-gcc/4.8.3-2014q1/bin/../lib/gcc/arm-none-eabi/4.8.3/../../../../arm-none-eabi/lib/armv7-m\libg.a(lib_a-findfp.o)
                0x00086324                __sfp_lock_acquire
 .text.__sfp_lock_release
                0x00086328        0x4 c:/programdata/matlab/supportpackages/r2024a/acli/data/packages/arduino/tools/arm-none-eabi-gcc/4.8.3-2014q1/bin/../lib/gcc/arm-none-eabi/4.8.3/../../../../arm-none-eabi/lib/armv7-m\libg.a(lib_a-findfp.o)
                0x00086328                __sfp_lock_release
 .text.__libc_fini_array
                0x0008632c       0x30 c:/programdata/matlab/supportpackages/r2024a/acli/data/packages/arduino/tools/arm-none-eabi-gcc/4.8.3-2014q1/bin/../lib/gcc/arm-none-eabi/4.8.3/../../../../arm-none-eabi/lib/armv7-m\libg.a(lib_a-fini.o)
                0x0008632c                __libc_fini_array
 .text._fputwc_r
                0x0008635c       0xc0 c:/programdata/matlab/supportpackages/r2024a/acli/data/packages/arduino/tools/arm-none-eabi-gcc/4.8.3-2014q1/bin/../lib/gcc/arm-none-eabi/4.8.3/../../../../arm-none-eabi/lib/armv7-m\libg.a(lib_a-fputwc.o)
                0x0008635c                _fputwc_r
 .text._malloc_trim_r
                0x0008641c       0x9c c:/programdata/matlab/supportpackages/r2024a/acli/data/packages/arduino/tools/arm-none-eabi-gcc/4.8.3-2014q1/bin/../lib/gcc/arm-none-eabi/4.8.3/../../../../arm-none-eabi/lib/armv7-m\libg.a(lib_a-freer.o)
                0x0008641c                _malloc_trim_r
 .text._free_r  0x000864b8      0x198 c:/programdata/matlab/supportpackages/r2024a/acli/data/packages/arduino/tools/arm-none-eabi-gcc/4.8.3-2014q1/bin/../lib/gcc/arm-none-eabi/4.8.3/../../../../arm-none-eabi/lib/armv7-m\libg.a(lib_a-freer.o)
                0x000864b8                _free_r
 .text.__sfvwrite_r
                0x00086650      0x314 c:/programdata/matlab/supportpackages/r2024a/acli/data/packages/arduino/tools/arm-none-eabi-gcc/4.8.3-2014q1/bin/../lib/gcc/arm-none-eabi/4.8.3/../../../../arm-none-eabi/lib/armv7-m\libg.a(lib_a-fvwrite.o)
                0x00086650                __sfvwrite_r
 .text._fwalk   0x00086964       0x48 c:/programdata/matlab/supportpackages/r2024a/acli/data/packages/arduino/tools/arm-none-eabi-gcc/4.8.3-2014q1/bin/../lib/gcc/arm-none-eabi/4.8.3/../../../../arm-none-eabi/lib/armv7-m\libg.a(lib_a-fwalk.o)
                0x00086964                _fwalk
 .text.__locale_charset
                0x000869ac        0x8 c:/programdata/matlab/supportpackages/r2024a/acli/data/packages/arduino/tools/arm-none-eabi-gcc/4.8.3-2014q1/bin/../lib/gcc/arm-none-eabi/4.8.3/../../../../arm-none-eabi/lib/armv7-m\libg.a(lib_a-locale.o)
                0x000869ac                __locale_charset
 .text.__locale_mb_cur_max
                0x000869b4        0xc c:/programdata/matlab/supportpackages/r2024a/acli/data/packages/arduino/tools/arm-none-eabi-gcc/4.8.3-2014q1/bin/../lib/gcc/arm-none-eabi/4.8.3/../../../../arm-none-eabi/lib/armv7-m\libg.a(lib_a-locale.o)
                0x000869b4                __locale_mb_cur_max
 .text.__smakebuf_r
                0x000869c0       0xe0 c:/programdata/matlab/supportpackages/r2024a/acli/data/packages/arduino/tools/arm-none-eabi-gcc/4.8.3-2014q1/bin/../lib/gcc/arm-none-eabi/4.8.3/../../../../arm-none-eabi/lib/armv7-m\libg.a(lib_a-makebuf.o)
                0x000869c0                __smakebuf_r
 .text._malloc_r
                0x00086aa0      0x538 c:/programdata/matlab/supportpackages/r2024a/acli/data/packages/arduino/tools/arm-none-eabi-gcc/4.8.3-2014q1/bin/../lib/gcc/arm-none-eabi/4.8.3/../../../../arm-none-eabi/lib/armv7-m\libg.a(lib_a-mallocr.o)
                0x00086aa0                _malloc_r
 .text.memchr   0x00086fd8       0x94 c:/programdata/matlab/supportpackages/r2024a/acli/data/packages/arduino/tools/arm-none-eabi-gcc/4.8.3-2014q1/bin/../lib/gcc/arm-none-eabi/4.8.3/../../../../arm-none-eabi/lib/armv7-m\libg.a(lib_a-memchr-stub.o)
                0x00086fd8                memchr
 .text.memmove  0x0008706c       0xcc c:/programdata/matlab/supportpackages/r2024a/acli/data/packages/arduino/tools/arm-none-eabi-gcc/4.8.3-2014q1/bin/../lib/gcc/arm-none-eabi/4.8.3/../../../../arm-none-eabi/lib/armv7-m\libg.a(lib_a-memmove.o)
                0x0008706c                memmove
 .text.__malloc_lock
                0x00087138        0x4 c:/programdata/matlab/supportpackages/r2024a/acli/data/packages/arduino/tools/arm-none-eabi-gcc/4.8.3-2014q1/bin/../lib/gcc/arm-none-eabi/4.8.3/../../../../arm-none-eabi/lib/armv7-m\libg.a(lib_a-mlock.o)
                0x00087138                __malloc_lock
 .text.__malloc_unlock
                0x0008713c        0x4 c:/programdata/matlab/supportpackages/r2024a/acli/data/packages/arduino/tools/arm-none-eabi-gcc/4.8.3-2014q1/bin/../lib/gcc/arm-none-eabi/4.8.3/../../../../arm-none-eabi/lib/armv7-m\libg.a(lib_a-mlock.o)
                0x0008713c                __malloc_unlock
 .text._realloc_r
                0x00087140      0x3c0 c:/programdata/matlab/supportpackages/r2024a/acli/data/packages/arduino/tools/arm-none-eabi-gcc/4.8.3-2014q1/bin/../lib/gcc/arm-none-eabi/4.8.3/../../../../arm-none-eabi/lib/armv7-m\libg.a(lib_a-reallocr.o)
                0x00087140                _realloc_r
 .text._sbrk_r  0x00087500       0x24 c:/programdata/matlab/supportpackages/r2024a/acli/data/packages/arduino/tools/arm-none-eabi-gcc/4.8.3-2014q1/bin/../lib/gcc/arm-none-eabi/4.8.3/../../../../arm-none-eabi/lib/armv7-m\libg.a(lib_a-sbrkr.o)
                0x00087500                _sbrk_r
 .text._raise_r
                0x00087524       0x58 c:/programdata/matlab/supportpackages/r2024a/acli/data/packages/arduino/tools/arm-none-eabi-gcc/4.8.3-2014q1/bin/../lib/gcc/arm-none-eabi/4.8.3/../../../../arm-none-eabi/lib/armv7-m\libg.a(lib_a-signal.o)
                0x00087524                _raise_r
 .text.raise    0x0008757c       0x10 c:/programdata/matlab/supportpackages/r2024a/acli/data/packages/arduino/tools/arm-none-eabi-gcc/4.8.3-2014q1/bin/../lib/gcc/arm-none-eabi/4.8.3/../../../../arm-none-eabi/lib/armv7-m\libg.a(lib_a-signal.o)
                0x0008757c                raise
 .text._kill_r  0x0008758c       0x28 c:/programdata/matlab/supportpackages/r2024a/acli/data/packages/arduino/tools/arm-none-eabi-gcc/4.8.3-2014q1/bin/../lib/gcc/arm-none-eabi/4.8.3/../../../../arm-none-eabi/lib/armv7-m\libg.a(lib_a-signalr.o)
                0x0008758c                _kill_r
 .text._getpid_r
                0x000875b4        0x4 c:/programdata/matlab/supportpackages/r2024a/acli/data/packages/arduino/tools/arm-none-eabi-gcc/4.8.3-2014q1/bin/../lib/gcc/arm-none-eabi/4.8.3/../../../../arm-none-eabi/lib/armv7-m\libg.a(lib_a-signalr.o)
                0x000875b4                _getpid_r
 .text.__sread  0x000875b8       0x24 c:/programdata/matlab/supportpackages/r2024a/acli/data/packages/arduino/tools/arm-none-eabi-gcc/4.8.3-2014q1/bin/../lib/gcc/arm-none-eabi/4.8.3/../../../../arm-none-eabi/lib/armv7-m\libg.a(lib_a-stdio.o)
                0x000875b8                __sread
 .text.__swrite
                0x000875dc       0x38 c:/programdata/matlab/supportpackages/r2024a/acli/data/packages/arduino/tools/arm-none-eabi-gcc/4.8.3-2014q1/bin/../lib/gcc/arm-none-eabi/4.8.3/../../../../arm-none-eabi/lib/armv7-m\libg.a(lib_a-stdio.o)
                0x000875dc                __swrite
 .text.__sseek  0x00087614       0x20 c:/programdata/matlab/supportpackages/r2024a/acli/data/packages/arduino/tools/arm-none-eabi-gcc/4.8.3-2014q1/bin/../lib/gcc/arm-none-eabi/4.8.3/../../../../arm-none-eabi/lib/armv7-m\libg.a(lib_a-stdio.o)
                0x00087614                __sseek
 .text.__sclose
                0x00087634        0x8 c:/programdata/matlab/supportpackages/r2024a/acli/data/packages/arduino/tools/arm-none-eabi-gcc/4.8.3-2014q1/bin/../lib/gcc/arm-none-eabi/4.8.3/../../../../arm-none-eabi/lib/armv7-m\libg.a(lib_a-stdio.o)
                0x00087634                __sclose
 .text.__swbuf_r
                0x0008763c       0xa8 c:/programdata/matlab/supportpackages/r2024a/acli/data/packages/arduino/tools/arm-none-eabi-gcc/4.8.3-2014q1/bin/../lib/gcc/arm-none-eabi/4.8.3/../../../../arm-none-eabi/lib/armv7-m\libg.a(lib_a-wbuf.o)
                0x0008763c                __swbuf_r
 .text._wcrtomb_r
                0x000876e4       0x50 c:/programdata/matlab/supportpackages/r2024a/acli/data/packages/arduino/tools/arm-none-eabi-gcc/4.8.3-2014q1/bin/../lib/gcc/arm-none-eabi/4.8.3/../../../../arm-none-eabi/lib/armv7-m\libg.a(lib_a-wcrtomb.o)
                0x000876e4                _wcrtomb_r
 .text.__ascii_wctomb
                0x00087734       0x1c c:/programdata/matlab/supportpackages/r2024a/acli/data/packages/arduino/tools/arm-none-eabi-gcc/4.8.3-2014q1/bin/../lib/gcc/arm-none-eabi/4.8.3/../../../../arm-none-eabi/lib/armv7-m\libg.a(lib_a-wctomb_r.o)
                0x00087734                __ascii_wctomb
 .text._write_r
                0x00087750       0x28 c:/programdata/matlab/supportpackages/r2024a/acli/data/packages/arduino/tools/arm-none-eabi-gcc/4.8.3-2014q1/bin/../lib/gcc/arm-none-eabi/4.8.3/../../../../arm-none-eabi/lib/armv7-m\libg.a(lib_a-writer.o)
                0x00087750                _write_r
 .text.__register_exitproc
                0x00087778       0xa8 c:/programdata/matlab/supportpackages/r2024a/acli/data/packages/arduino/tools/arm-none-eabi-gcc/4.8.3-2014q1/bin/../lib/gcc/arm-none-eabi/4.8.3/../../../../arm-none-eabi/lib/armv7-m\libg.a(lib_a-__atexit.o)
                0x00087778                __register_exitproc
 .text._close_r
                0x00087820       0x24 c:/programdata/matlab/supportpackages/r2024a/acli/data/packages/arduino/tools/arm-none-eabi-gcc/4.8.3-2014q1/bin/../lib/gcc/arm-none-eabi/4.8.3/../../../../arm-none-eabi/lib/armv7-m\libg.a(lib_a-closer.o)
                0x00087820                _close_r
 .text._fclose_r
                0x00087844       0x80 c:/programdata/matlab/supportpackages/r2024a/acli/data/packages/arduino/tools/arm-none-eabi-gcc/4.8.3-2014q1/bin/../lib/gcc/arm-none-eabi/4.8.3/../../../../arm-none-eabi/lib/armv7-m\libg.a(lib_a-fclose.o)
                0x00087844                _fclose_r
 .text.fclose   0x000878c4       0x10 c:/programdata/matlab/supportpackages/r2024a/acli/data/packages/arduino/tools/arm-none-eabi-gcc/4.8.3-2014q1/bin/../lib/gcc/arm-none-eabi/4.8.3/../../../../arm-none-eabi/lib/armv7-m\libg.a(lib_a-fclose.o)
                0x000878c4                fclose
 .text._fstat_r
                0x000878d4       0x28 c:/programdata/matlab/supportpackages/r2024a/acli/data/packages/arduino/tools/arm-none-eabi-gcc/4.8.3-2014q1/bin/../lib/gcc/arm-none-eabi/4.8.3/../../../../arm-none-eabi/lib/armv7-m\libg.a(lib_a-fstatr.o)
                0x000878d4                _fstat_r
 .text._isatty_r
                0x000878fc       0x24 c:/programdata/matlab/supportpackages/r2024a/acli/data/packages/arduino/tools/arm-none-eabi-gcc/4.8.3-2014q1/bin/../lib/gcc/arm-none-eabi/4.8.3/../../../../arm-none-eabi/lib/armv7-m\libg.a(lib_a-isattyr.o)
                0x000878fc                _isatty_r
 .text._lseek_r
                0x00087920       0x28 c:/programdata/matlab/supportpackages/r2024a/acli/data/packages/arduino/tools/arm-none-eabi-gcc/4.8.3-2014q1/bin/../lib/gcc/arm-none-eabi/4.8.3/../../../../arm-none-eabi/lib/armv7-m\libg.a(lib_a-lseekr.o)
                0x00087920                _lseek_r
 .text._read_r  0x00087948       0x28 c:/programdata/matlab/supportpackages/r2024a/acli/data/packages/arduino/tools/arm-none-eabi-gcc/4.8.3-2014q1/bin/../lib/gcc/arm-none-eabi/4.8.3/../../../../arm-none-eabi/lib/armv7-m\libg.a(lib_a-readr.o)
                0x00087948                _read_r
 .text          0x00087970       0x2c c:/programdata/matlab/supportpackages/r2024a/acli/data/packages/arduino/tools/arm-none-eabi-gcc/4.8.3-2014q1/bin/../lib/gcc/arm-none-eabi/4.8.3/armv7-m\libgcc.a(_aeabi_uldivmod.o)
                0x00087970                __aeabi_uldivmod
 .text          0x0008799c       0x60 c:/programdata/matlab/supportpackages/r2024a/acli/data/packages/arduino/tools/arm-none-eabi-gcc/4.8.3-2014q1/bin/../lib/gcc/arm-none-eabi/4.8.3/armv7-m\libgcc.a(bpabi.o)
                0x0008799c                __gnu_ldivmod_helper
                0x000879cc                __gnu_uldivmod_helper
 .text          0x000879fc        0x4 c:/programdata/matlab/supportpackages/r2024a/acli/data/packages/arduino/tools/arm-none-eabi-gcc/4.8.3-2014q1/bin/../lib/gcc/arm-none-eabi/4.8.3/armv7-m\libgcc.a(_dvmd_tls.o)
                0x000879fc                __aeabi_idiv0
                0x000879fc                __aeabi_ldiv0
 .text          0x00087a00      0x2a0 c:/programdata/matlab/supportpackages/r2024a/acli/data/packages/arduino/tools/arm-none-eabi-gcc/4.8.3-2014q1/bin/../lib/gcc/arm-none-eabi/4.8.3/armv7-m\libgcc.a(_divdi3.o)
                0x00087a00                __divdi3
 .text          0x00087ca0      0x290 c:/programdata/matlab/supportpackages/r2024a/acli/data/packages/arduino/tools/arm-none-eabi-gcc/4.8.3-2014q1/bin/../lib/gcc/arm-none-eabi/4.8.3/armv7-m\libgcc.a(_udivdi3.o)
                0x00087ca0                __udivdi3
 *(.glue_7t)
 .glue_7t       0x00000000        0x0 linker stubs
 *(.glue_7)
 .glue_7        0x00000000        0x0 linker stubs
 *(.rodata .rodata* .gnu.linkonce.r.*)
 .rodata.rtAlwaysEnabled.9694
                0x00087f30        0x1 Projeto_Controlador_PI_21_a.o
 *fill*         0x00087f31        0x3 
 .rodata.Projeto_Controlador_PI_21_a_M
                0x00087f34        0x4 Projeto_Controlador_PI_21_a.o
                0x00087f34                Projeto_Controlador_PI_21_a_M
 .rodata.standardSupportedRxPacket
                0x00087f38       0x54 xcp_standard.o
 .rodata.daqSupportedRxPacket
                0x00087f8c       0x9c xcp_daq.o
 .rodata.calibrationSupportedRxPacket
                0x00088028       0x18 xcp_calibration.o
 .rodata.channelToId.9433
                0x00088040       0x48 C:/Users/GUILHE~1/DOCUME~1/MATLAB/R2024a/ARDUIN~1/ARDUIN~2/FASTER~1/libcore.a(wiring_analog.o)
 .rodata.channelToTC.9432
                0x00088088       0x48 C:/Users/GUILHE~1/DOCUME~1/MATLAB/R2024a/ARDUIN~1/ARDUIN~2/FASTER~1/libcore.a(wiring_analog.o)
 .rodata.channelToChNo.9430
                0x000880d0       0x48 C:/Users/GUILHE~1/DOCUME~1/MATLAB/R2024a/ARDUIN~1/ARDUIN~2/FASTER~1/libcore.a(wiring_analog.o)
 .rodata.channelToAB.9431
                0x00088118       0x48 C:/Users/GUILHE~1/DOCUME~1/MATLAB/R2024a/ARDUIN~1/ARDUIN~2/FASTER~1/libcore.a(wiring_analog.o)
 .rodata._ZTV9UARTClass
                0x00088160       0x30 C:/Users/GUILHE~1/DOCUME~1/MATLAB/R2024a/ARDUIN~1/ARDUIN~2/FASTER~1/libcore.a(UARTClass.o)
                0x00088160                vtable for UARTClass
 .rodata._ZTV10USARTClass
                0x00088190       0x30 C:/Users/GUILHE~1/DOCUME~1/MATLAB/R2024a/ARDUIN~1/ARDUIN~2/FASTER~1/libcore.a(USARTClass.o)
                0x00088190                vtable for USARTClass
 .rodata.g_APinDescription
                0x000881c0      0xa2c C:/Users/GUILHE~1/DOCUME~1/MATLAB/R2024a/ARDUIN~1/ARDUIN~2/FASTER~1/libcore.a(variant.o)
                0x000881c0                g_APinDescription
 .rodata        0x00088bec       0x2c C:/ProgramData/MATLAB/SupportPackages/R2024a/aCLI/data/packages/arduino/hardware/sam/1.6.12/variants/arduino_due_x/libsam_sam3x8e_gcc_rel.a(pwmc.o)
 .rodata.__func__.6830
                0x00088c18       0x15 C:/ProgramData/MATLAB/SupportPackages/R2024a/aCLI/data/packages/arduino/hardware/sam/1.6.12/variants/arduino_due_x/libsam_sam3x8e_gcc_rel.a(pwmc.o)
 .rodata.__func__.6841
                0x00088c2d       0x12 C:/ProgramData/MATLAB/SupportPackages/R2024a/aCLI/data/packages/arduino/hardware/sam/1.6.12/variants/arduino_due_x/libsam_sam3x8e_gcc_rel.a(pwmc.o)
 .rodata.str1.1
                0x00088c3f      0x1cc C:/ProgramData/MATLAB/SupportPackages/R2024a/aCLI/data/packages/arduino/hardware/sam/1.6.12/variants/arduino_due_x/libsam_sam3x8e_gcc_rel.a(pwmc.o)
 .rodata.__func__.6804
                0x00088e0b       0x16 C:/ProgramData/MATLAB/SupportPackages/R2024a/aCLI/data/packages/arduino/hardware/sam/1.6.12/variants/arduino_due_x/libsam_sam3x8e_gcc_rel.a(pwmc.o)
 .rodata.__func__.6793
                0x00088e21       0x17 C:/ProgramData/MATLAB/SupportPackages/R2024a/aCLI/data/packages/arduino/hardware/sam/1.6.12/variants/arduino_due_x/libsam_sam3x8e_gcc_rel.a(pwmc.o)
 .rodata.__func__.6792
                0x00088e38        0xd C:/ProgramData/MATLAB/SupportPackages/R2024a/aCLI/data/packages/arduino/hardware/sam/1.6.12/variants/arduino_due_x/libsam_sam3x8e_gcc_rel.a(tc.o)
 .rodata.str1.1
                0x00088e45       0x54 C:/ProgramData/MATLAB/SupportPackages/R2024a/aCLI/data/packages/arduino/hardware/sam/1.6.12/variants/arduino_due_x/libsam_sam3x8e_gcc_rel.a(tc.o)
 .rodata.__func__.6798
                0x00088e99        0x9 C:/ProgramData/MATLAB/SupportPackages/R2024a/aCLI/data/packages/arduino/hardware/sam/1.6.12/variants/arduino_due_x/libsam_sam3x8e_gcc_rel.a(tc.o)
 *fill*         0x00088ea2        0x2 
 .rodata        0x00088ea4       0x40 C:/ProgramData/MATLAB/SupportPackages/R2024a/aCLI/data/packages/arduino/hardware/sam/1.6.12/variants/arduino_due_x/libsam_sam3x8e_gcc_rel.a(adc.o)
 .rodata.str1.4
                0x00088ee4        0x5 c:/programdata/matlab/supportpackages/r2024a/acli/data/packages/arduino/tools/arm-none-eabi-gcc/4.8.3-2014q1/bin/../lib/gcc/arm-none-eabi/4.8.3/../../../../arm-none-eabi/lib/armv7-m\libm.a(lib_a-w_fmod.o)
                                  0x8 (size before relaxing)
 *fill*         0x00088ee9        0x7 
 .rodata.Zero   0x00088ef0       0x10 c:/programdata/matlab/supportpackages/r2024a/acli/data/packages/arduino/tools/arm-none-eabi-gcc/4.8.3-2014q1/bin/../lib/gcc/arm-none-eabi/4.8.3/../../../../arm-none-eabi/lib/armv7-m\libm.a(lib_a-e_fmod.o)
 .rodata.str1.4
                0x00088f00       0x3f c:/programdata/matlab/supportpackages/r2024a/acli/data/packages/arduino/tools/arm-none-eabi-gcc/4.8.3-2014q1/bin/../lib/gcc/arm-none-eabi/4.8.3/../../../../arm-none-eabi/lib/armv7-m\libg.a(lib_a-assert.o)
                                 0x44 (size before relaxing)
 *fill*         0x00088f3f        0x1 
 .rodata.str1.4
                0x00088f40        0x2 c:/programdata/matlab/supportpackages/r2024a/acli/data/packages/arduino/tools/arm-none-eabi-gcc/4.8.3-2014q1/bin/../lib/gcc/arm-none-eabi/4.8.3/../../../../arm-none-eabi/lib/armv7-m\libg.a(lib_a-impure.o)
                                  0x4 (size before relaxing)
 *fill*         0x00088f42        0x2 
 .rodata._global_impure_ptr
                0x00088f44        0x4 c:/programdata/matlab/supportpackages/r2024a/acli/data/packages/arduino/tools/arm-none-eabi-gcc/4.8.3-2014q1/bin/../lib/gcc/arm-none-eabi/4.8.3/../../../../arm-none-eabi/lib/armv7-m\libg.a(lib_a-impure.o)
                0x00088f44                _global_impure_ptr
 .rodata.blanks.6717
                0x00088f48       0x10 c:/programdata/matlab/supportpackages/r2024a/acli/data/packages/arduino/tools/arm-none-eabi-gcc/4.8.3-2014q1/bin/../lib/gcc/arm-none-eabi/4.8.3/../../../../arm-none-eabi/lib/armv7-m\libg.a(lib_a-vfiprintf.o)
 .rodata.str1.4
                0x00088f58       0x30 c:/programdata/matlab/supportpackages/r2024a/acli/data/packages/arduino/tools/arm-none-eabi-gcc/4.8.3-2014q1/bin/../lib/gcc/arm-none-eabi/4.8.3/../../../../arm-none-eabi/lib/armv7-m\libg.a(lib_a-vfiprintf.o)
 .rodata.zeroes.6718
                0x00088f88       0x10 c:/programdata/matlab/supportpackages/r2024a/acli/data/packages/arduino/tools/arm-none-eabi-gcc/4.8.3-2014q1/bin/../lib/gcc/arm-none-eabi/4.8.3/../../../../arm-none-eabi/lib/armv7-m\libg.a(lib_a-vfiprintf.o)
 *(.ARM.extab* .gnu.linkonce.armextab.*)
                0x00088f98                . = ALIGN (0x4)
 *(.init)
 .init          0x00088f98        0x4 c:/programdata/matlab/supportpackages/r2024a/acli/data/packages/arduino/tools/arm-none-eabi-gcc/4.8.3-2014q1/bin/../lib/gcc/arm-none-eabi/4.8.3/armv7-m/crti.o
                0x00088f98                _init
 .init          0x00088f9c        0x8 c:/programdata/matlab/supportpackages/r2024a/acli/data/packages/arduino/tools/arm-none-eabi-gcc/4.8.3-2014q1/bin/../lib/gcc/arm-none-eabi/4.8.3/armv7-m/crtn.o
                0x00088fa4                . = ALIGN (0x4)
                0x00088fa4                __preinit_array_start = .
 *(.preinit_array)
                0x00088fa4                __preinit_array_end = .
                0x00088fa4                . = ALIGN (0x4)
                0x00088fa4                __init_array_start = .
 *(SORT(.init_array.*))
 .init_array.00000
                0x00088fa4        0x4 c:/programdata/matlab/supportpackages/r2024a/acli/data/packages/arduino/tools/arm-none-eabi-gcc/4.8.3-2014q1/bin/../lib/gcc/arm-none-eabi/4.8.3/../../../../arm-none-eabi/lib/armv7-m\libg.a(lib_a-__call_atexit.o)
 *(.init_array)
 .init_array    0x00088fa8        0x4 c:/programdata/matlab/supportpackages/r2024a/acli/data/packages/arduino/tools/arm-none-eabi-gcc/4.8.3-2014q1/bin/../lib/gcc/arm-none-eabi/4.8.3/armv7-m/crtbegin.o
 .init_array    0x00088fac        0x4 C:/Users/GUILHE~1/DOCUME~1/MATLAB/R2024a/ARDUIN~1/ARDUIN~2/FASTER~1/libcore.a(variant.o)
                0x00088fb0                __init_array_end = .
                0x00088fb0                . = ALIGN (0x4)
 *crtbegin.o(.ctors)
 *(EXCLUDE_FILE(*crtend.o) .ctors)
 *(SORT(.ctors.*))
 *crtend.o(.ctors)
                0x00088fb0                . = ALIGN (0x4)
 *(.fini)
 .fini          0x00088fb0        0x4 c:/programdata/matlab/supportpackages/r2024a/acli/data/packages/arduino/tools/arm-none-eabi-gcc/4.8.3-2014q1/bin/../lib/gcc/arm-none-eabi/4.8.3/armv7-m/crti.o
                0x00088fb0                _fini
 .fini          0x00088fb4        0x8 c:/programdata/matlab/supportpackages/r2024a/acli/data/packages/arduino/tools/arm-none-eabi-gcc/4.8.3-2014q1/bin/../lib/gcc/arm-none-eabi/4.8.3/armv7-m/crtn.o
                0x00088fbc                . = ALIGN (0x4)
                0x00088fbc                __fini_array_start = .
 *(.fini_array)
 .fini_array    0x00088fbc        0x4 c:/programdata/matlab/supportpackages/r2024a/acli/data/packages/arduino/tools/arm-none-eabi-gcc/4.8.3-2014q1/bin/../lib/gcc/arm-none-eabi/4.8.3/armv7-m/crtbegin.o
 *(SORT(.fini_array.*))
                0x00088fc0                __fini_array_end = .
 *crtbegin.o(.dtors)
 *(EXCLUDE_FILE(*crtend.o) .dtors)
 *(SORT(.dtors.*))
 *crtend.o(.dtors)
                0x00088fc0                . = ALIGN (0x4)
                0x00088fc0                _efixed = .
                0x00088fc0                PROVIDE (__exidx_start, .)

.vfp11_veneer   0x00088fc0        0x0
 .vfp11_veneer  0x00000000        0x0 linker stubs

.v4_bx          0x00088fc0        0x0
 .v4_bx         0x00000000        0x0 linker stubs

.iplt           0x00088fc0        0x0
 .iplt          0x00000000        0x0 c:/programdata/matlab/supportpackages/r2024a/acli/data/packages/arduino/tools/arm-none-eabi-gcc/4.8.3-2014q1/bin/../lib/gcc/arm-none-eabi/4.8.3/armv7-m/crtbegin.o

.ARM.exidx      0x00088fc0        0x8
 *(.ARM.exidx* .gnu.linkonce.armexidx.*)
 .ARM.exidx     0x00088fc0        0x8 c:/programdata/matlab/supportpackages/r2024a/acli/data/packages/arduino/tools/arm-none-eabi-gcc/4.8.3-2014q1/bin/../lib/gcc/arm-none-eabi/4.8.3/armv7-m\libgcc.a(_divdi3.o)
 .ARM.exidx     0x00088fc8        0x0 c:/programdata/matlab/supportpackages/r2024a/acli/data/packages/arduino/tools/arm-none-eabi-gcc/4.8.3-2014q1/bin/../lib/gcc/arm-none-eabi/4.8.3/armv7-m\libgcc.a(_udivdi3.o)
                                  0x8 (size before relaxing)
                0x00088fc8                PROVIDE (__exidx_end, .)

.eh_frame       0x00088fc8        0x0
 .eh_frame      0x00088fc8        0x0 c:/programdata/matlab/supportpackages/r2024a/acli/data/packages/arduino/tools/arm-none-eabi-gcc/4.8.3-2014q1/bin/../lib/gcc/arm-none-eabi/4.8.3/armv7-m/crtbegin.o

.rel.dyn        0x00088fc8        0x0
 .rel.iplt      0x00000000        0x0 c:/programdata/matlab/supportpackages/r2024a/acli/data/packages/arduino/tools/arm-none-eabi-gcc/4.8.3-2014q1/bin/../lib/gcc/arm-none-eabi/4.8.3/armv7-m/crtbegin.o

.jcr            0x00088fc8        0x0
 .jcr           0x00088fc8        0x0 c:/programdata/matlab/supportpackages/r2024a/acli/data/packages/arduino/tools/arm-none-eabi-gcc/4.8.3-2014q1/bin/../lib/gcc/arm-none-eabi/4.8.3/armv7-m/crtbegin.o

.igot.plt       0x00088fc8        0x0
 .igot.plt      0x00000000        0x0 c:/programdata/matlab/supportpackages/r2024a/acli/data/packages/arduino/tools/arm-none-eabi-gcc/4.8.3-2014q1/bin/../lib/gcc/arm-none-eabi/4.8.3/armv7-m/crtbegin.o
                0x00088fc8                . = ALIGN (0x4)
                0x00088fc8                _etext = .

.relocate       0x20070000      0x914 load address 0x00088fc8
                0x20070000                . = ALIGN (0x4)
                0x20070000                _srelocate = .
 *(.ramfunc .ramfunc.*)
 .ramfunc       0x20070000       0x2c C:/Users/GUILHE~1/DOCUME~1/MATLAB/R2024a/ARDUIN~1/ARDUIN~2/FASTER~1/libcore.a(Reset.o)
                0x20070000                banzai
 *(.data .data.*)
 *fill*         0x2007002c        0x4 
 .data.Projeto_Controlador_PI_21_a_P
                0x20070030       0x28 Projeto_Controlador_PI_21_a_data.o
                0x20070030                Projeto_Controlador_PI_21_a_P
 .data.xcpExtmodeFinalSimulationTime
                0x20070058        0x8 xcp_ext_common.o
                0x20070058                xcpExtmodeFinalSimulationTime
 .data.xcpClassicTriggerDuration
                0x20070060        0x4 xcp_ext_classic_trigger.o
                0x20070060                xcpClassicTriggerDuration
 .data.xcpClassicTriggerArmRequest
                0x20070064        0x1 xcp_ext_classic_trigger.o
                0x20070064                xcpClassicTriggerArmRequest
 *fill*         0x20070065        0x3 
 .data.startStopDaqListId
                0x20070068        0x4 xcp_daq.o
 .data.xcpEventCustomMemoryManager
                0x2007006c        0xc xcp_daq.o
 .data.xcpCurrentDaq
                0x20070078        0x4 xcp_daq.o
 .data.xcpCtoReservedMemPoolId
                0x2007007c        0x4 xcp_transport.o
 .data.xcpMemMainBlockSizes
                0x20070080        0xc xcp_mem_default.o
 .data.xcpMemMainBlocksNumber
                0x2007008c        0xc xcp_mem_default.o
 .data.drvID    0x20070098        0x4 xcp_drv_rtiostream.o
 .data.xcpCtoReservedMemPoolId
                0x2007009c        0x4 xcp_frame_serial.o
 .data._writeResolution
                0x200700a0        0x4 C:/Users/GUILHE~1/DOCUME~1/MATLAB/R2024a/ARDUIN~1/ARDUIN~2/FASTER~1/libcore.a(wiring_analog.o)
 .data._ZL5ticks
                0x200700a4        0x4 C:/Users/GUILHE~1/DOCUME~1/MATLAB/R2024a/ARDUIN~1/ARDUIN~2/FASTER~1/libcore.a(Reset.o)
 .data.SystemCoreClock
                0x200700a8        0x4 C:/ProgramData/MATLAB/SupportPackages/R2024a/aCLI/data/packages/arduino/hardware/sam/1.6.12/variants/arduino_due_x/libsam_sam3x8e_gcc_rel.a(system_sam3xa.o)
                0x200700a8                SystemCoreClock
 .data.__fdlib_version
                0x200700ac        0x1 c:/programdata/matlab/supportpackages/r2024a/acli/data/packages/arduino/tools/arm-none-eabi-gcc/4.8.3-2014q1/bin/../lib/gcc/arm-none-eabi/4.8.3/../../../../arm-none-eabi/lib/armv7-m\libm.a(lib_a-s_lib_ver.o)
                0x200700ac                __fdlib_version
 *fill*         0x200700ad        0x3 
 .data.impure_data
                0x200700b0      0x428 c:/programdata/matlab/supportpackages/r2024a/acli/data/packages/arduino/tools/arm-none-eabi-gcc/4.8.3-2014q1/bin/../lib/gcc/arm-none-eabi/4.8.3/../../../../arm-none-eabi/lib/armv7-m\libg.a(lib_a-impure.o)
 .data._impure_ptr
                0x200704d8        0x4 c:/programdata/matlab/supportpackages/r2024a/acli/data/packages/arduino/tools/arm-none-eabi-gcc/4.8.3-2014q1/bin/../lib/gcc/arm-none-eabi/4.8.3/../../../../arm-none-eabi/lib/armv7-m\libg.a(lib_a-impure.o)
                0x200704d8                _impure_ptr
 .data.lc_ctype_charset
                0x200704dc       0x20 c:/programdata/matlab/supportpackages/r2024a/acli/data/packages/arduino/tools/arm-none-eabi-gcc/4.8.3-2014q1/bin/../lib/gcc/arm-none-eabi/4.8.3/../../../../arm-none-eabi/lib/armv7-m\libg.a(lib_a-locale.o)
 .data.__mb_cur_max
                0x200704fc        0x4 c:/programdata/matlab/supportpackages/r2024a/acli/data/packages/arduino/tools/arm-none-eabi-gcc/4.8.3-2014q1/bin/../lib/gcc/arm-none-eabi/4.8.3/../../../../arm-none-eabi/lib/armv7-m\libg.a(lib_a-locale.o)
                0x200704fc                __mb_cur_max
 .data.__malloc_av_
                0x20070500      0x408 c:/programdata/matlab/supportpackages/r2024a/acli/data/packages/arduino/tools/arm-none-eabi-gcc/4.8.3-2014q1/bin/../lib/gcc/arm-none-eabi/4.8.3/../../../../arm-none-eabi/lib/armv7-m\libg.a(lib_a-mallocr.o)
                0x20070500                __malloc_av_
 .data.__malloc_trim_threshold
                0x20070908        0x4 c:/programdata/matlab/supportpackages/r2024a/acli/data/packages/arduino/tools/arm-none-eabi-gcc/4.8.3-2014q1/bin/../lib/gcc/arm-none-eabi/4.8.3/../../../../arm-none-eabi/lib/armv7-m\libg.a(lib_a-mallocr.o)
                0x20070908                __malloc_trim_threshold
 .data.__malloc_sbrk_base
                0x2007090c        0x4 c:/programdata/matlab/supportpackages/r2024a/acli/data/packages/arduino/tools/arm-none-eabi-gcc/4.8.3-2014q1/bin/../lib/gcc/arm-none-eabi/4.8.3/../../../../arm-none-eabi/lib/armv7-m\libg.a(lib_a-mallocr.o)
                0x2007090c                __malloc_sbrk_base
 .data.__wctomb
                0x20070910        0x4 c:/programdata/matlab/supportpackages/r2024a/acli/data/packages/arduino/tools/arm-none-eabi-gcc/4.8.3-2014q1/bin/../lib/gcc/arm-none-eabi/4.8.3/../../../../arm-none-eabi/lib/armv7-m\libg.a(lib_a-wctomb_r.o)
                0x20070910                __wctomb
                0x20070914                . = ALIGN (0x4)
                0x20070914                _erelocate = .

.bss            0x20070914      0xafc load address 0x000898dc
                0x20070914                . = ALIGN (0x4)
                0x20070914                _sbss = .
                0x20070914                _szero = .
 *(.bss .bss.*)
 .bss           0x20070914       0x1c c:/programdata/matlab/supportpackages/r2024a/acli/data/packages/arduino/tools/arm-none-eabi-gcc/4.8.3-2014q1/bin/../lib/gcc/arm-none-eabi/4.8.3/armv7-m/crtbegin.o
 .bss.gpf_isr   0x20070930        0x4 C:/ProgramData/MATLAB/SupportPackages/R2024a/aCLI/data/packages/arduino/hardware/sam/1.6.12/variants/arduino_due_x/libsam_sam3x8e_gcc_rel.a(uotghs.o)
                0x20070930                gpf_isr
 .bss.xcpCustomTriggerFunction
                0x20070934        0x8 xcp_ext_mode.o
 *fill*         0x2007093c        0x4 
 .bss.Projeto_Controlador_PI_21_a_M_
                0x20070940       0x48 Projeto_Controlador_PI_21_a.o
 .bss.rt_ExtModeInfo.9695
                0x20070988       0x14 Projeto_Controlador_PI_21_a.o
 .bss.systemRan.9696
                0x2007099c        0x8 Projeto_Controlador_PI_21_a.o
 .bss.xcpModelChecksum0
                0x200709a4        0x4 xcp_ext_common.o
                0x200709a4                xcpModelChecksum0
 .bss.xcpModelStartRequest
                0x200709a8        0x1 xcp_ext_common.o
                0x200709a8                xcpModelStartRequest
 *fill*         0x200709a9        0x3 
 .bss.xcpModelChecksum1
                0x200709ac        0x4 xcp_ext_common.o
                0x200709ac                xcpModelChecksum1
 .bss.xcpModelChecksum3
                0x200709b0        0x4 xcp_ext_common.o
                0x200709b0                xcpModelChecksum3
 .bss.xcpModelChecksum2
                0x200709b4        0x4 xcp_ext_common.o
                0x200709b4                xcpModelChecksum2
 .bss.xcpModelIntegerCode
                0x200709b8        0x4 xcp_ext_common.o
                0x200709b8                xcpModelIntegerCode
 *fill*         0x200709bc        0x4 
 .bss.xcpDummyDoubleVariable
                0x200709c0        0x8 xcp_ext_common.o
                0x200709c0                xcpDummyDoubleVariable
 .bss.xcpModelStopRequest
                0x200709c8        0x1 xcp_ext_common.o
                0x200709c8                xcpModelStopRequest
 *fill*         0x200709c9        0x7 
 .bss.xcpBaseRateSimulationTime
                0x200709d0        0x8 xcp_ext_common.o
 .bss.xcpCurrentSimulationTimeInMs
                0x200709d8        0x8 xcp_ext_common.o
                0x200709d8                xcpCurrentSimulationTimeInMs
 .bss.xcpExtmodeSimulationComplete
                0x200709e0        0x1 xcp_ext_common.o
                0x200709e0                xcpExtmodeSimulationComplete
 .bss.xcpModelStatus
                0x200709e1        0x1 xcp_ext_common.o
                0x200709e1                xcpModelStatus
 .bss.xcpClassicTriggerDirection
                0x200709e2        0x1 xcp_ext_classic_trigger.o
                0x200709e2                xcpClassicTriggerDirection
 *fill*         0x200709e3        0x5 
 .bss.xcpOldSignalValue
                0x200709e8        0x8 xcp_ext_classic_trigger.o
 .bss.xcpClassicTriggerSignalAddressExtension
                0x200709f0        0x1 xcp_ext_classic_trigger.o
                0x200709f0                xcpClassicTriggerSignalAddressExtension
 *fill*         0x200709f1        0x3 
 .bss.xcpTriggerCount
                0x200709f4        0x4 xcp_ext_classic_trigger.o
 .bss.xcpOldSignalValueAvailable