Archive member included because of file (symbol)

C:/ProgramData/MATLAB/SupportPackages/R2021a/aIDE/portable/packages/arduino/hardware/sam/1.6.12/variants/arduino_due_x/libsam_sam3x8e_gcc_rel.a(startup_sam3xa.o)
                              (Reset_Handler)
C:/ProgramData/MATLAB/SupportPackages/R2021a/aIDE/portable/packages/arduino/hardware/sam/1.6.12/variants/arduino_due_x/libsam_sam3x8e_gcc_rel.a(uotghs.o)
                              C:/ProgramData/MATLAB/SupportPackages/R2021a/aIDE/portable/packages/arduino/hardware/sam/1.6.12/variants/arduino_due_x/libsam_sam3x8e_gcc_rel.a(startup_sam3xa.o) (UOTGHS_Handler)
C:/Users/carol/DOCUME~1/MATLAB/R2021a/ARDUIN~1/ARDUIN~1/FASTER~1/libcore.a(hooks.o)
                              arm_m3_cortex_handler.o (sysTickHook)
C:/Users/carol/DOCUME~1/MATLAB/R2021a/ARDUIN~1/ARDUIN~1/FASTER~1/libcore.a(syscalls_sam3.o)
                              (_sbrk)
C:/Users/carol/DOCUME~1/MATLAB/R2021a/ARDUIN~1/ARDUIN~1/FASTER~1/libcore.a(wiring.o)
                              io_wrappers.o (millis)
C:/Users/carol/DOCUME~1/MATLAB/R2021a/ARDUIN~1/ARDUIN~1/FASTER~1/libcore.a(wiring_analog.o)
                              MW_AnalogInput.o (analogReadResolution)
C:/Users/carol/DOCUME~1/MATLAB/R2021a/ARDUIN~1/ARDUIN~1/FASTER~1/libcore.a(wiring_digital.o)
                              MW_AnalogInput.o (pinMode)
C:/Users/carol/DOCUME~1/MATLAB/R2021a/ARDUIN~1/ARDUIN~1/FASTER~1/libcore.a(Reset.o)
                              arm_m3_cortex_handler.o (tickReset)
C:/Users/carol/DOCUME~1/MATLAB/R2021a/ARDUIN~1/ARDUIN~1/FASTER~1/libcore.a(UARTClass.o)
                              rtiostream_serial_daemon.o (UARTClass::available())
C:/Users/carol/DOCUME~1/MATLAB/R2021a/ARDUIN~1/ARDUIN~1/FASTER~1/libcore.a(USARTClass.o)
                              io_wrappers.o (USARTClass::begin(unsigned long))
C:/Users/carol/DOCUME~1/MATLAB/R2021a/ARDUIN~1/ARDUIN~1/FASTER~1/libcore.a(watchdog.o)
                              MW_ArduinoHWInit.o (watchdogDisable())
C:/Users/carol/DOCUME~1/MATLAB/R2021a/ARDUIN~1/ARDUIN~1/FASTER~1/libcore.a(variant.o)
                              ert_main.o (init)
C:/Users/carol/DOCUME~1/MATLAB/R2021a/ARDUIN~1/ARDUIN~1/FASTER~1/libcore.a(abi.o)
                              C:/Users/carol/DOCUME~1/MATLAB/R2021a/ARDUIN~1/ARDUIN~1/FASTER~1/libcore.a(UARTClass.o) (__cxa_pure_virtual)
C:/Users/carol/DOCUME~1/MATLAB/R2021a/ARDUIN~1/ARDUIN~1/FASTER~1/libcore.a(Print.o)
                              C:/Users/carol/DOCUME~1/MATLAB/R2021a/ARDUIN~1/ARDUIN~1/FASTER~1/libcore.a(UARTClass.o) (Print::write(unsigned char const*, unsigned int))
C:/Users/carol/DOCUME~1/MATLAB/R2021a/ARDUIN~1/ARDUIN~1/FASTER~1/libcore.a(RingBuffer.o)
                              C:/Users/carol/DOCUME~1/MATLAB/R2021a/ARDUIN~1/ARDUIN~1/FASTER~1/libcore.a(variant.o) (RingBuffer::RingBuffer())
C:/ProgramData/MATLAB/SupportPackages/R2021a/aIDE/portable/packages/arduino/hardware/sam/1.6.12/variants/arduino_due_x/libsam_sam3x8e_gcc_rel.a(pio.o)
                              C:/Users/carol/DOCUME~1/MATLAB/R2021a/ARDUIN~1/ARDUIN~1/FASTER~1/libcore.a(wiring_digital.o) (PIO_PullUp)
C:/ProgramData/MATLAB/SupportPackages/R2021a/aIDE/portable/packages/arduino/hardware/sam/1.6.12/variants/arduino_due_x/libsam_sam3x8e_gcc_rel.a(pmc.o)
                              arduinoARMScheduler.o (pmc_enable_periph_clk)
C:/ProgramData/MATLAB/SupportPackages/R2021a/aIDE/portable/packages/arduino/hardware/sam/1.6.12/variants/arduino_due_x/libsam_sam3x8e_gcc_rel.a(pwmc.o)
                              C:/Users/carol/DOCUME~1/MATLAB/R2021a/ARDUIN~1/ARDUIN~1/FASTER~1/libcore.a(wiring_analog.o) (PWMC_ConfigureChannel)
C:/ProgramData/MATLAB/SupportPackages/R2021a/aIDE/portable/packages/arduino/hardware/sam/1.6.12/variants/arduino_due_x/libsam_sam3x8e_gcc_rel.a(tc.o)
                              arduinoARMScheduler.o (TC_Configure)
C:/ProgramData/MATLAB/SupportPackages/R2021a/aIDE/portable/packages/arduino/hardware/sam/1.6.12/variants/arduino_due_x/libsam_sam3x8e_gcc_rel.a(timetick.o)
                              arm_m3_cortex_handler.o (TimeTick_Increment)
C:/ProgramData/MATLAB/SupportPackages/R2021a/aIDE/portable/packages/arduino/hardware/sam/1.6.12/variants/arduino_due_x/libsam_sam3x8e_gcc_rel.a(wdt.o)
                              C:/Users/carol/DOCUME~1/MATLAB/R2021a/ARDUIN~1/ARDUIN~1/FASTER~1/libcore.a(watchdog.o) (WDT_Enable)
C:/ProgramData/MATLAB/SupportPackages/R2021a/aIDE/portable/packages/arduino/hardware/sam/1.6.12/variants/arduino_due_x/libsam_sam3x8e_gcc_rel.a(system_sam3xa.o)
                              C:/Users/carol/DOCUME~1/MATLAB/R2021a/ARDUIN~1/ARDUIN~1/FASTER~1/libcore.a(variant.o) (SystemInit)
C:/ProgramData/MATLAB/SupportPackages/R2021a/aIDE/portable/packages/arduino/hardware/sam/1.6.12/variants/arduino_due_x/libsam_sam3x8e_gcc_rel.a(adc.o)
                              C:/Users/carol/DOCUME~1/MATLAB/R2021a/ARDUIN~1/ARDUIN~1/FASTER~1/libcore.a(variant.o) (adc_init)
[...]
Memory Configuration

Name             Origin             Length             Attributes
rom              0x00080000         0x00080000         xr
sram0            0x20000000         0x00010000         xrw
sram1            0x20080000         0x00008000         xrw
ram              0x20070000         0x00018000         xrw
*default*        0x00000000         0xffffffff

Linker script and memory map

LOAD c:/programdata/matlab/supportpackages/r2021a/aide/portable/packages/arduino/tools/arm-none-eabi-gcc/4.8.3-2014q1/bin/../lib/gcc/arm-none-eabi/4.8.3/armv7-m/crti.o
LOAD c:/programdata/matlab/supportpackages/r2021a/aide/portable/packages/arduino/tools/arm-none-eabi-gcc/4.8.3-2014q1/bin/../lib/gcc/arm-none-eabi/4.8.3/armv7-m/crtbegin.o
LOAD c:/programdata/matlab/supportpackages/r2021a/aide/portable/packages/arduino/tools/arm-none-eabi-gcc/4.8.3-2014q1/bin/../lib/gcc/arm-none-eabi/4.8.3/../../../../arm-none-eabi/lib/armv7-m/crt0.o
START GROUP
LOAD C:/ProgramData/MATLAB/SupportPackages/R2021a/aIDE/portable/packages/arduino/hardware/sam/1.6.12/variants/arduino_due_x/libsam_sam3x8e_gcc_rel.a
LOAD MW_AnalogInput.o
LOAD ArduinoPinHandleMap.o
LOAD MW_analogWriteDAC.o
LOAD xcp_ext_work.o
LOAD Pi_test_3.o
LOAD Pi_test_3_data.o
LOAD rtGetInf.o
LOAD rtGetNaN.o
LOAD rt_nonfinite.o
LOAD xcp_ext_common.o
LOAD xcp_ext_classic_trigger.o
LOAD xcp.o
LOAD xcp_standard.o
LOAD xcp_daq.o
LOAD xcp_calibration.o
LOAD xcp_fifo.o
LOAD xcp_transport.o
LOAD xcp_mem_default.o
LOAD xcp_drv_rtiostream.o
LOAD xcp_frame_serial.o
LOAD xcp_ext_param_default_serial.o
LOAD arm_m3_cortex_handler.o
LOAD MW_ArduinoHWInit.o
LOAD io_wrappers.o
LOAD arduinoARMScheduler.o
LOAD m3m4m4f_multitasking.o
LOAD rtiostream_serial_daemon.o
LOAD sys_arch.o
LOAD ert_main.o
LOAD C:/Users/carol/DOCUME~1/MATLAB/R2021a/ARDUIN~1/ARDUIN~1/FASTER~1/MW_RebuildSrc_Core.o
LOAD C:/Users/carol/DOCUME~1/MATLAB/R2021a/ARDUIN~1/ARDUIN~1/FASTER~1/libcore.a
END GROUP
LOAD c:/programdata/matlab/supportpackages/r2021a/aide/portable/packages/arduino/tools/arm-none-eabi-gcc/4.8.3-2014q1/bin/../lib/gcc/arm-none-eabi/4.8.3/../../../../arm-none-eabi/lib/armv7-m\libm.a
LOAD C:/Users/carol/DOCUME~1/MATLAB/R2021a/ARDUIN~1/ARDUIN~1/FASTER~1\libcore.a
START GROUP
LOAD c:/programdata/matlab/supportpackages/r2021a/aide/portable/packages/arduino/tools/arm-none-eabi-gcc/4.8.3-2014q1/bin/../lib/gcc/arm-none-eabi/4.8.3/armv7-m\libgcc.a
LOAD c:/programdata/matlab/supportpackages/r2021a/aide/portable/packages/arduino/tools/arm-none-eabi-gcc/4.8.3-2014q1/bin/../lib/gcc/arm-none-eabi/4.8.3/../../../../arm-none-eabi/lib/armv7-m\libg.a
LOAD c:/programdata/matlab/supportpackages/r2021a/aide/portable/packages/arduino/tools/arm-none-eabi-gcc/4.8.3-2014q1/bin/../lib/gcc/arm-none-eabi/4.8.3/../../../../arm-none-eabi/lib/armv7-m\libc.a
END GROUP
LOAD c:/programdata/matlab/supportpackages/r2021a/aide/portable/packages/arduino/tools/arm-none-eabi-gcc/4.8.3-2014q1/bin/../lib/gcc/arm-none-eabi/4.8.3/armv7-m/crtend.o
LOAD c:/programdata/matlab/supportpackages/r2021a/aide/portable/packages/arduino/tools/arm-none-eabi-gcc/4.8.3-2014q1/bin/../lib/gcc/arm-none-eabi/4.8.3/armv7-m/crtn.o

.text           0x00080000     0x9138
                0x00080000                . = ALIGN (0x4)
                0x00080000                _sfixed = .
 *(.vectors .vectors.*)
 .vectors       0x00080000       0xf4 C:/ProgramData/MATLAB/SupportPackages/R2021a/aIDE/portable/packages/arduino/hardware/sam/1.6.12/variants/arduino_due_x/libsam_sam3x8e_gcc_rel.a(startup_sam3xa.o)
                0x00080000                exception_table
 *(.text .text.* .gnu.linkonce.t.*)
 .text          0x000800f4       0x54 c:/programdata/matlab/supportpackages/r2021a/aide/portable/packages/arduino/tools/arm-none-eabi-gcc/4.8.3-2014q1/bin/../lib/gcc/arm-none-eabi/4.8.3/armv7-m/crtbegin.o
 .text.Reset_Handler
                0x00080148       0x78 C:/ProgramData/MATLAB/SupportPackages/R2021a/aIDE/portable/packages/arduino/hardware/sam/1.6.12/variants/arduino_due_x/libsam_sam3x8e_gcc_rel.a(startup_sam3xa.o)
                0x00080148                Reset_Handler
 .text.UOTGHS_Handler
                0x000801c0       0x10 C:/ProgramData/MATLAB/SupportPackages/R2021a/aIDE/portable/packages/arduino/hardware/sam/1.6.12/variants/arduino_due_x/libsam_sam3x8e_gcc_rel.a(uotghs.o)
                0x000801c0                UOTGHS_Handler
 .text.MW_AnalogInSingle_ReadResult
                0x000801d0       0x22 MW_AnalogInput.o
                0x000801d0                MW_AnalogInSingle_ReadResult
 *fill*         0x000801f2        0x2 
 .text.MW_AnalogIn_GetHandle
                0x000801f4       0x20 MW_AnalogInput.o
                0x000801f4                MW_AnalogIn_GetHandle
 .text.setHandle
                0x00080214       0x28 MW_AnalogInput.o
                0x00080214                setHandle
 .text.MW_AnalogInSingle_Open
                0x0008023c       0x20 MW_AnalogInput.o
                0x0008023c                MW_AnalogInSingle_Open
 .text.MW_AnalogIn_Close
                0x0008025c       0x18 MW_AnalogInput.o
                0x0008025c                MW_AnalogIn_Close
 .text.MW_DACWrite
                0x00080274        0xe MW_analogWriteDAC.o
                0x00080274                MW_DACWrite
 *fill*         0x00080282        0x2 
 .text.rtExtModeWaitForStartPkt
                0x00080284       0x7c xcp_ext_work.o
                0x00080284                rtExtModeWaitForStartPkt
 .text.rtExtModeOneStep
                0x00080300       0x24 xcp_ext_work.o
                0x00080300                rtExtModeOneStep
 .text.rtExtModeUpload
                0x00080324       0x50 xcp_ext_work.o
                0x00080324                rtExtModeUpload
 .text.rtExtModeCheckEndTrigger
                0x00080374        0x2 xcp_ext_work.o
                0x00080374                rtExtModeCheckEndTrigger
 .text.rtExtModeUploadCheckTrigger
                0x00080376        0x2 xcp_ext_work.o
                0x00080376                rtExtModeUploadCheckTrigger
 .text.rtExtModeCheckInit
                0x00080378       0x20 xcp_ext_work.o
                0x00080378                rtExtModeCheckInit
 .text.rtExtModeShutdown
                0x00080398       0x1c xcp_ext_work.o
                0x00080398                rtExtModeShutdown
 .text.rtERTExtModeSetTFinal
                0x000803b4       0x24 xcp_ext_work.o
                0x000803b4                rtERTExtModeSetTFinal
 .text.rtSetTFinalForExtMode
                0x000803d8        0x4 xcp_ext_work.o
                0x000803d8                rtSetTFinalForExtMode
 .text.rtParseArgsForExtMode
                0x000803dc        0x2 xcp_ext_work.o
                0x000803dc                rtParseArgsForExtMode
 .text.rtERTExtModeStartMsg
                0x000803de        0x2 xcp_ext_work.o
                0x000803de                rtERTExtModeStartMsg
 .text.Pi_test_3_derivatives
                0x000803e0       0x1c Pi_test_3.o
                0x000803e0                Pi_test_3_derivatives
 *fill*         0x000803fc        0x4 
 .text.Pi_test_3_step
                0x00080400      0x4e0 Pi_test_3.o
                0x00080400                Pi_test_3_step
 .text.Pi_test_3_initialize
                0x000808e0      0x178 Pi_test_3.o
                0x000808e0                Pi_test_3_initialize
 .text.Pi_test_3_terminate
                0x00080a58       0x34 Pi_test_3.o
                0x00080a58                Pi_test_3_terminate
 .text.rtGetInf
                0x00080a8c        0xc rtGetInf.o
                0x00080a8c                rtGetInf
 .text.rtGetInfF
                0x00080a98        0x6 rtGetInf.o
                0x00080a98                rtGetInfF
 *fill*         0x00080a9e        0x2 
 .text.rtGetMinusInf
                0x00080aa0        0xc rtGetInf.o
                0x00080aa0                rtGetMinusInf
 .text.rtGetMinusInfF
                0x00080aac        0x8 rtGetInf.o
                0x00080aac                rtGetMinusInfF
 .text.rtGetNaN
                0x00080ab4        0xc rtGetNaN.o
                0x00080ab4                rtGetNaN
 .text.rtGetNaNF
                0x00080ac0        0x8 rtGetNaN.o
                0x00080ac0                rtGetNaNF
 .text.rt_InitInfAndNaN
                0x00080ac8       0x54 rt_nonfinite.o
                0x00080ac8                rt_InitInfAndNaN
 .text.rtIsInf  0x00080b1c       0x38 rt_nonfinite.o
                0x00080b1c                rtIsInf
 .text.rtIsNaN  0x00080b54       0x28 rt_nonfinite.o
                0x00080b54                rtIsNaN
 *fill*         0x00080b7c        0x4 
 .text.xcpExtModeUpdateTime
                0x00080b80       0xd8 xcp_ext_common.o
                0x00080b80                xcpExtModeUpdateTime
 .text.xcpExtModeGetUpdatedTimestamp
                0x00080c58       0x40 xcp_ext_common.o
                0x00080c58                xcpExtModeGetUpdatedTimestamp
 .text.xcpExtModeInit
                0x00080c98       0x32 xcp_ext_common.o
                0x00080c98                xcpExtModeInit
 .text.xcpExtModeRunBackground
                0x00080cca       0x7a xcp_ext_common.o
                0x00080cca                xcpExtModeRunBackground
 .text.xcpExtModeReset
                0x00080d44       0x94 xcp_ext_common.o
                0x00080d44                xcpExtModeReset
 .text.xcpExtModeClassicTriggerInit
                0x00080dd8       0x4c xcp_ext_classic_trigger.o
                0x00080dd8                xcpExtModeClassicTriggerInit
 .text.xcpExtModeClassicTriggerEnabled
                0x00080e24      0x314 xcp_ext_classic_trigger.o
                0x00080e24                xcpExtModeClassicTriggerEnabled
 .text.xcpExtModeClassicTriggerReset
                0x00081138       0xac xcp_ext_classic_trigger.o
                0x00081138                xcpExtModeClassicTriggerReset
 .text.unknownInputPacketHandler
                0x000811e4        0xa xcp.o
 .text.discardInputPacketHandler
                0x000811ee       0x10 xcp.o
 .text.genericOutputPacketHandler
                0x000811fe       0x64 xcp.o
                0x000811fe                genericOutputPacketHandler
 *fill*         0x00081262        0x2 
 .text.xcpStatusGet
                0x00081264        0xc xcp.o
                0x00081264                xcpStatusGet
 .text.xcpStatusSet
                0x00081270        0xc xcp.o
                0x00081270                xcpStatusSet
 .text.xcpSessionStatusGet
                0x0008127c        0xc xcp.o
                0x0008127c                xcpSessionStatusGet
 .text.xcpSessionStatusSetMask
                0x00081288       0x10 xcp.o
                0x00081288                xcpSessionStatusSetMask
 .text.xcpSessionStatusClearMask
                0x00081298       0x10 xcp.o
                0x00081298                xcpSessionStatusClearMask
 .text.xcpResourceProtectionStatusGet
                0x000812a8        0xc xcp.o
                0x000812a8                xcpResourceProtectionStatusGet
 .text.xcpSessionConfigurationIdGet
                0x000812b4        0xc xcp.o
                0x000812b4                xcpSessionConfigurationIdGet
 .text.xcpFindPacket
                0x000812c0       0x26 xcp.o
                0x000812c0                xcpFindPacket
 *fill*         0x000812e6        0x2 
 .text.xcpInit  0x000812e8       0x40 xcp.o
                0x000812e8                xcpInit
 .text.xcpRun   0x00081328      0x174 xcp.o
                0x00081328                xcpRun
 .text.xcpEventExternalTimestamp
                0x0008149c       0x14 xcp.o
                0x0008149c                xcpEventExternalTimestamp
 .text.xcpGetStatus
                0x000814b0        0xc xcp.o
                0x000814b0                xcpGetStatus
 .text.xcpReset
                0x000814bc       0x28 xcp.o
                0x000814bc                xcpReset
 .text.getStatusInputPacketHandler
                0x000814e4        0x8 xcp_standard.o
 .text.getPacket
                0x000814ec        0xc xcp_standard.o
 .text.uploadInputPacketHandler
                0x000814f8       0x40 xcp_standard.o
 .text.synchInputPacketHandler
                0x00081538       0x1c xcp_standard.o
 .text.getStatusOutputPacketHandler
                0x00081554       0x26 xcp_standard.o
 .text.disconnectInputPacketHandler
                0x0008157a       0x22 xcp_standard.o
 .text.connectInputPacketHandler
                0x0008159c       0x32 xcp_standard.o
 .text.connectOutputPacketHandler
                0x000815ce       0x38 xcp_standard.o
 *fill*         0x00081606        0x2 
 .text.xcpStandardInit
                0x00081608       0x10 xcp_standard.o
                0x00081608                xcpStandardInit
 .text.xcpStandardGetPacketLookup
                0x00081618        0xc xcp_standard.o
                0x00081618                xcpStandardGetPacketLookup
 .text.xcpStandardReset
                0x00081624        0xc xcp_standard.o
                0x00081624                xcpStandardReset
 .text.xcpStandardGetAddressFromMta
                0x00081630        0xc xcp_standard.o
                0x00081630                xcpStandardGetAddressFromMta
 .text.xcpStandardSetMta
                0x0008163c       0x14 xcp_standard.o
                0x0008163c                xcpStandardSetMta
 .text.shortUploadInputPacketHandler
                0x00081650       0x40 xcp_standard.o
 .text.setMTAInputPacketHandler
                0x00081690       0x22 xcp_standard.o
 *fill*         0x000816b2        0x2 
 .text.xcpStandardIncrementMta
                0x000816b4       0x10 xcp_standard.o
                0x000816b4                xcpStandardIncrementMta
 .text.shortUploadOutputPacketHandler
                0x000816c4       0x44 xcp_standard.o
 .text.uploadOutputPacketHandler
                0x00081708       0x44 xcp_standard.o
 .text.isActiveDaqList
                0x0008174c       0x1c xcp_daq.o
 .text.noActiveDaqLists
                0x00081768       0x2c xcp_daq.o
 .text.isValidDaqPtr
                0x00081794       0x40 xcp_daq.o
 .text.setDaqPtrInputPacketHandler
                0x000817d4       0x48 xcp_daq.o
 .text.writeDaqInputPacketHandler
                0x0008181c       0x88 xcp_daq.o
 .text.setDaqListModeInputPacketHandler
                0x000818a4       0x84 xcp_daq.o
 .text.getDaqProcessorInfoInputPacketHandler
                0x00081928        0x8 xcp_daq.o
 .text.getDaqResolutionInfoInputPacketHandler
                0x00081930        0x8 xcp_daq.o
 .text.getDaqResolutionInfoOutputPacketHandler
                0x00081938       0x28 xcp_daq.o
 .text.getDaqProcessorInfoOutputPacketHandler
                0x00081960       0x2a xcp_daq.o
 *fill*         0x0008198a        0x2 
 .text.getPacket
                0x0008198c        0xc xcp_daq.o
 .text.allocOdtEntryInputPacketHandler
                0x00081998       0x90 xcp_daq.o
 .text.allocOdtInputPacketHandler
                0x00081a28       0x7c xcp_daq.o
 .text.allocDaqInputPacketHandler
                0x00081aa4       0x68 xcp_daq.o
 .text.createDaqReservedPool
                0x00081b0c       0x4a xcp_daq.o
 *fill*         0x00081b56        0x2 
 .text.startStopDaqListOutputPacketHandler
                0x00081b58       0x28 xcp_daq.o
 .text.xcpDaqWriteLock.isra.2
                0x00081b80       0x28 xcp_daq.o
 .text.xcpDaqWriteUnlock.isra.3
                0x00081ba8        0xc xcp_daq.o
 .text.startStopDaqListInputPacketHandler
                0x00081bb4      0x1d0 xcp_daq.o
 .text.startStopSynchInputPacketHandler
                0x00081d84      0x130 xcp_daq.o
 .text.xcpDaqInit
                0x00081eb4       0x2c xcp_daq.o
                0x00081eb4                xcpDaqInit
 .text.xcpDaqGetPacketLookup
                0x00081ee0        0xc xcp_daq.o
                0x00081ee0                xcpDaqGetPacketLookup
 .text.xcpDaqEvent
                0x00081eec      0x1c4 xcp_daq.o
                0x00081eec                xcpDaqEvent
 .text.xcpDaqLock
                0x000820b0        0x4 xcp_daq.o
                0x000820b0                xcpDaqLock
 .text.xcpDaqUnlock
                0x000820b4        0x4 xcp_daq.o
                0x000820b4                xcpDaqUnlock
 .text.xcpResetDaqListStatus
                0x000820b8       0xbc xcp_daq.o
                0x000820b8                xcpResetDaqListStatus
 .text.freeDaqInputPacketHandler
                0x00082174       0x22 xcp_daq.o
 *fill*         0x00082196        0x2 
 .text.xcpDaqReset
                0x00082198       0x1c xcp_daq.o
                0x00082198                xcpDaqReset
 .text.getPacket
                0x000821b4        0xc xcp_calibration.o
 .text.shortDownloadInputPacketHandler
                0x000821c0       0x4c xcp_calibration.o
 .text.downloadInputPacketHandler
                0x0008220c       0x50 xcp_calibration.o
 .text.xcpCalibrationInit
                0x0008225c       0x10 xcp_calibration.o
                0x0008225c                xcpCalibrationInit
 .text.xcpCalibrationGetPacketLookup
                0x0008226c        0xc xcp_calibration.o
                0x0008226c                xcpCalibrationGetPacketLookup
 .text.xcpCalibrationReset
                0x00082278        0x2 xcp_calibration.o
                0x00082278                xcpCalibrationReset
 .text.xcpFifoInit
                0x0008227a        0x8 xcp_fifo.o
                0x0008227a                xcpFifoInit
 .text.xcpFifoEnqueue
                0x00082282        0xc xcp_fifo.o
                0x00082282                xcpFifoEnqueue
 .text.xcpFifoDequeue
                0x0008228e       0x12 xcp_fifo.o
                0x0008228e                xcpFifoDequeue
 .text.xcpFifoEnqueueHead
                0x000822a0        0xc xcp_fifo.o
                0x000822a0                xcpFifoEnqueueHead
 .text.xcpFifoReset
                0x000822ac        0x8 xcp_fifo.o
                0x000822ac                xcpFifoReset
 .text.xcpTransportEmptyTxFifo
                0x000822b4       0x40 xcp_transport.o
 .text.xcpTransportEmptyRxFifo
                0x000822f4       0x38 xcp_transport.o
 .text.xcpTransportTxReady
                0x0008232c        0x4 xcp_transport.o
                0x0008232c                xcpTransportTxReady
 .text.xcpTransportTxTrigger
                0x00082330        0x4 xcp_transport.o
                0x00082330                xcpTransportTxTrigger
 .text.xcpTransportTx
                0x00082334       0x88 xcp_transport.o
                0x00082334                xcpTransportTx
 .text.xcpTransportRx
                0x000823bc       0x54 xcp_transport.o
                0x000823bc                xcpTransportRx
 .text.xcpTransportPacketOffset
                0x00082410        0xa xcp_transport.o
                0x00082410                xcpTransportPacketOffset
 *fill*         0x0008241a        0x2 
 .text.xcpTransportTxPacketSet
                0x0008241c       0x8c xcp_transport.o
                0x0008241c                xcpTransportTxPacketSet
 .text.xcpTransportRxPacketGet
                0x000824a8       0x80 xcp_transport.o
                0x000824a8                xcpTransportRxPacketGet
 .text.xcpTransportMsgBufferSize
                0x00082528       0x28 xcp_transport.o
                0x00082528                xcpTransportMsgBufferSize
 .text.xcpTransportInit
                0x00082550       0x7c xcp_transport.o
                0x00082550                xcpTransportInit
 .text.xcpTransportMaxDtoSize
                0x000825cc        0x4 xcp_transport.o
                0x000825cc                xcpTransportMaxDtoSize
 .text.xcpTransportMaxCtoSize
                0x000825d0        0x4 xcp_transport.o
                0x000825d0                xcpTransportMaxCtoSize
 .text.xcpTransportRestart
                0x000825d4       0x16 xcp_transport.o
                0x000825d4                xcpTransportRestart
 .text.xcpTransportResynch
                0x000825ea       0x12 xcp_transport.o
                0x000825ea                xcpTransportResynch
 .text.xcpTransportCtoReservedMemPoolId
                0x000825fc        0xc xcp_transport.o
                0x000825fc                xcpTransportCtoReservedMemPoolId
 .text.xcpTransportReset
                0x00082608       0x54 xcp_transport.o
                0x00082608                xcpTransportReset
 .text.xcpInitializePoolMemoryArea
                0x0008265c       0x24 xcp_mem_default.o
 .text.xcpMemInit
                0x00082680       0x94 xcp_mem_default.o
                0x00082680                xcpMemInit
 .text.xcpMemAlloc
                0x00082714       0x6c xcp_mem_default.o
                0x00082714                xcpMemAlloc
 .text.xcpMemFree
                0x00082780       0x80 xcp_mem_default.o
                0x00082780                xcpMemFree
 .text.xcpMemReservedPoolCreate
                0x00082800       0xe0 xcp_mem_default.o
                0x00082800                xcpMemReservedPoolCreate
 .text.xcpMemReservedPoolDestroy
                0x000828e0       0xa4 xcp_mem_default.o
                0x000828e0                xcpMemReservedPoolDestroy
 .text.xcpMemCustomPoolCreate
                0x00082984       0x4c xcp_mem_default.o
                0x00082984                xcpMemCustomPoolCreate
 .text.xcpMemCustomPoolDestroy
                0x000829d0       0x2c xcp_mem_default.o
                0x000829d0                xcpMemCustomPoolDestroy
 .text.xcpMemAllocFromPool
                0x000829fc       0x70 xcp_mem_default.o
                0x000829fc                xcpMemAllocFromPool
 .text.xcpMemReset
                0x00082a6c       0x48 xcp_mem_default.o
                0x00082a6c                xcpMemReset
 .text.xcpDrvOpen
                0x00082ab4       0x24 xcp_drv_rtiostream.o
                0x00082ab4                xcpDrvOpen
 .text.xcpDrvIoctl
                0x00082ad8       0x14 xcp_drv_rtiostream.o
                0x00082ad8                xcpDrvIoctl
 .text.xcpDrvSend
                0x00082aec       0x9c xcp_drv_rtiostream.o
                0x00082aec                xcpDrvSend
 .text.xcpDrvRecv
                0x00082b88       0x9c xcp_drv_rtiostream.o
                0x00082b88                xcpDrvRecv
 .text.xcpDrvClose
                0x00082c24       0x28 xcp_drv_rtiostream.o
                0x00082c24                xcpDrvClose
 .text.xcpSxiChecksum
                0x00082c4c       0x1a xcp_frame_serial.o
                0x00082c4c                xcpSxiChecksum
 *fill*         0x00082c66        0x2 
 .text.xcpFrameInit
                0x00082c68       0x38 xcp_frame_serial.o
                0x00082c68                xcpFrameInit
 .text.xcpFrameMsgSend
                0x00082ca0       0x98 xcp_frame_serial.o
                0x00082ca0                xcpFrameMsgSend
 .text.xcpFrameMsgRecv
                0x00082d38       0xb4 xcp_frame_serial.o
                0x00082d38                xcpFrameMsgRecv
 .text.xcpFrameCreateMsg
                0x00082dec       0x1c xcp_frame_serial.o
                0x00082dec                xcpFrameCreateMsg
 .text.xcpFrameExtractPacket
                0x00082e08       0x80 xcp_frame_serial.o
                0x00082e08                xcpFrameExtractPacket
 .text.xcpFrameHeaderSize
                0x00082e88        0x4 xcp_frame_serial.o
                0x00082e88                xcpFrameHeaderSize
 .text.xcpFrameTailSize
                0x00082e8c        0x4 xcp_frame_serial.o
                0x00082e8c                xcpFrameTailSize
 .text.xcpFrameMaxDtoSize
                0x00082e90        0x6 xcp_frame_serial.o
                0x00082e90                xcpFrameMaxDtoSize
 .text.xcpFrameMaxCtoSize
                0x00082e96        0x4 xcp_frame_serial.o
                0x00082e96                xcpFrameMaxCtoSize
 *fill*         0x00082e9a        0x2 
 .text.xcpFrameRestart
                0x00082e9c       0x1c xcp_frame_serial.o
                0x00082e9c                xcpFrameRestart
 .text.xcpFrameSetCtoReservedMemPoolId
                0x00082eb8        0xc xcp_frame_serial.o
                0x00082eb8                xcpFrameSetCtoReservedMemPoolId
 .text.xcpFrameReset
                0x00082ec4       0x30 xcp_frame_serial.o
                0x00082ec4                xcpFrameReset
 .text.xcpTransportGetInitParameters
                0x00082ef4        0xc xcp_ext_param_default_serial.o
                0x00082ef4                xcpTransportGetInitParameters
 .text.xcpGetInitParameters
                0x00082f00        0xc xcp_ext_param_default_serial.o
                0x00082f00                xcpGetInitParameters
 .text.__halt   0x00082f0c        0x2 arm_m3_cortex_handler.o
                0x00082f0c                DACC_Handler
                0x00082f0c                DebugMon_Handler
                0x00082f0c                DMAC_Handler
                0x00082f0c                TRNG_Handler
                0x00082f0c                HardFault_Handler
                0x00082f0c                TC2_Handler
                0x00082f0c                TWI1_Handler
                0x00082f0c                NMI_Handler
                0x00082f0c                TC7_Handler
                0x00082f0c                ADC_Handler
                0x00082f0c                SMC_Handler
                0x00082f0c                RTT_Handler
                0x00082f0c                EFC1_Handler
                0x00082f0c                PIOB_Handler
                0x00082f0c                RTC_Handler
                0x00082f0c                UsageFault_Handler
                0x00082f0c                TC6_Handler
                0x00082f0c                WDT_Handler
                0x00082f0c                CAN0_Handler
                0x00082f0c                TC4_Handler
                0x00082f0c                TC1_Handler
                0x00082f0c                HSMCI_Handler
                0x00082f0c                TC3_Handler
                0x00082f0c                TWI0_Handler
                0x00082f0c                PIOA_Handler
                0x00082f0c                SSC_Handler
                0x00082f0c                EFC0_Handler
                0x00082f0c                PMC_Handler
                0x00082f0c                PWM_Handler
                0x00082f0c                CAN1_Handler
                0x00082f0c                MemManage_Handler
                0x00082f0c                SUPC_Handler
                0x00082f0c                USART2_Handler
                0x00082f0c                PIOD_Handler
                0x00082f0c                EMAC_Handler
                0x00082f0c                PIOC_Handler
                0x00082f0c                BusFault_Handler
                0x00082f0c                RSTC_Handler
                0x00082f0c                TC0_Handler
                0x00082f0c                TC5_Handler
                0x00082f0c                SPI0_Handler
 .text.SysTick_Handler
                0x00082f0e       0x16 arm_m3_cortex_handler.o
                0x00082f0e                SysTick_Handler
 .text.MW_Arduino_Init
                0x00082f24       0x14 MW_ArduinoHWInit.o
                0x00082f24                MW_Arduino_Init
 .text.MW_Arduino_Terminate
                0x00082f38        0x2 MW_ArduinoHWInit.o
                0x00082f38                MW_Arduino_Terminate
 *fill*         0x00082f3a        0x2 
 .text.Serial_begin
                0x00082f3c       0x34 io_wrappers.o
                0x00082f3c                Serial_begin
 .text._ZL13Scheduler_Isrv
                0x00082f70       0x14 arduinoARMScheduler.o
 .text.TC8_Handler
                0x00082f84       0x20 arduinoARMScheduler.o
                0x00082f84                TC8_Handler
 .text.Setup_SchedulerTimer
                0x00082fa4       0x84 arduinoARMScheduler.o
                0x00082fa4                Setup_SchedulerTimer
 .text.configureArduinoARMTimer
                0x00083028       0x3c arduinoARMScheduler.o
                0x00083028                configureArduinoARMTimer
 .text.disable_rt_OneStep
                0x00083064       0x14 arduinoARMScheduler.o
                0x00083064                disable_rt_OneStep
 .text.MW_Arduino_Loop
                0x00083078        0x4 arduinoARMScheduler.o
                0x00083078                MW_Arduino_Loop
 .text.PendSV_Handler
                0x0008307c       0x3c m3m4m4f_multitasking.o
                0x0008307c                PendSV_Handler
 .text.SVC_Handler
                0x000830b8       0x4c m3m4m4f_multitasking.o
                0x000830b8                SVC_Handler
 .text.rtIOStreamResync
                0x00083104        0xc rtiostream_serial_daemon.o
                0x00083104                rtIOStreamResync
 .text.rtIOStreamSend
                0x00083110       0x1c rtiostream_serial_daemon.o
                0x00083110                rtIOStreamSend
 .text.rtIOStreamClose
                0x0008312c        0xe rtiostream_serial_daemon.o
                0x0008312c                rtIOStreamClose
 *fill*         0x0008313a        0x2 
 .text.rtIOStreamOpen
                0x0008313c       0x24 rtiostream_serial_daemon.o
                0x0008313c                rtIOStreamOpen
 .text.rtIOStreamRecv
                0x00083160       0x5c rtiostream_serial_daemon.o
                0x00083160                rtIOStreamRecv
 .text.sys_arch_protect
                0x000831bc        0x8 sys_arch.o
                0x000831bc                sys_arch_protect
 .text.sys_arch_unprotect
                0x000831c4        0x6 sys_arch.o
                0x000831c4                sys_arch_unprotect
 *fill*         0x000831ca        0x2 
 .text.rt_OneStep
                0x000831cc       0x38 ert_main.o
                0x000831cc                rt_OneStep
 .text.startup.main
                0x00083204      0x118 ert_main.o
                0x00083204                main
 .text.__empty  0x0008331c        0x2 C:/Users/carol/DOCUME~1/MATLAB/R2021a/ARDUIN~1/ARDUIN~1/FASTER~1/libcore.a(hooks.o)
                0x0008331c                yield
 .text.__false  0x0008331e        0x4 C:/Users/carol/DOCUME~1/MATLAB/R2021a/ARDUIN~1/ARDUIN~1/FASTER~1/libcore.a(hooks.o)
                0x0008331e                sysTickHook
 *fill*         0x00083322        0x2 
 .text._sbrk    0x00083324       0x1c C:/Users/carol/DOCUME~1/MATLAB/R2021a/ARDUIN~1/ARDUIN~1/FASTER~1/libcore.a(syscalls_sam3.o)
                0x00083324                _sbrk
 .text.link     0x00083340        0x6 C:/Users/carol/DOCUME~1/MATLAB/R2021a/ARDUIN~1/ARDUIN~1/FASTER~1/libcore.a(syscalls_sam3.o)
                0x00083340                link
 .text._close   0x00083346        0x6 C:/Users/carol/DOCUME~1/MATLAB/R2021a/ARDUIN~1/ARDUIN~1/FASTER~1/libcore.a(syscalls_sam3.o)
                0x00083346                _close
 .text._fstat   0x0008334c        0xa C:/Users/carol/DOCUME~1/MATLAB/R2021a/ARDUIN~1/ARDUIN~1/FASTER~1/libcore.a(syscalls_sam3.o)
                0x0008334c                _fstat
 .text._isatty  0x00083356        0x4 C:/Users/carol/DOCUME~1/MATLAB/R2021a/ARDUIN~1/ARDUIN~1/FASTER~1/libcore.a(syscalls_sam3.o)
                0x00083356                _isatty
 .text._lseek   0x0008335a        0x4 C:/Users/carol/DOCUME~1/MATLAB/R2021a/ARDUIN~1/ARDUIN~1/FASTER~1/libcore.a(syscalls_sam3.o)
                0x0008335a                _lseek
 .text._read    0x0008335e        0x4 C:/Users/carol/DOCUME~1/MATLAB/R2021a/ARDUIN~1/ARDUIN~1/FASTER~1/libcore.a(syscalls_sam3.o)
                0x0008335e                _read
 *fill*         0x00083362        0x2 
 .text._write   0x00083364       0x24 C:/Users/carol/DOCUME~1/MATLAB/R2021a/ARDUIN~1/ARDUIN~1/FASTER~1/libcore.a(syscalls_sam3.o)
                0x00083364                _write
 .text._exit    0x00083388        0x2 C:/Users/carol/DOCUME~1/MATLAB/R2021a/ARDUIN~1/ARDUIN~1/FASTER~1/libcore.a(syscalls_sam3.o)
                0x00083388                _exit
 .text._kill    0x0008338a        0x2 C:/Users/carol/DOCUME~1/MATLAB/R2021a/ARDUIN~1/ARDUIN~1/FASTER~1/libcore.a(syscalls_sam3.o)
                0x0008338a                _kill
 .text._getpid  0x0008338c        0x6 C:/Users/carol/DOCUME~1/MATLAB/R2021a/ARDUIN~1/ARDUIN~1/FASTER~1/libcore.a(syscalls_sam3.o)
                0x0008338c                _getpid
 .text.delay    0x00083392       0x1c C:/Users/carol/DOCUME~1/MATLAB/R2021a/ARDUIN~1/ARDUIN~1/FASTER~1/libcore.a(wiring.o)
                0x00083392                delay
 .text.mapResolution
                0x000833ae       0x12 C:/Users/carol/DOCUME~1/MATLAB/R2021a/ARDUIN~1/ARDUIN~1/FASTER~1/libcore.a(wiring_analog.o)
 .text.analogReadResolution
                0x000833c0        0xc C:/Users/carol/DOCUME~1/MATLAB/R2021a/ARDUIN~1/ARDUIN~1/FASTER~1/libcore.a(wiring_analog.o)
                0x000833c0                analogReadResolution
 .text.analogRead
                0x000833cc       0x9c C:/Users/carol/DOCUME~1/MATLAB/R2021a/ARDUIN~1/ARDUIN~1/FASTER~1/libcore.a(wiring_analog.o)
                0x000833cc                analogRead
 .text.analogOutputInit
                0x00083468        0x2 C:/Users/carol/DOCUME~1/MATLAB/R2021a/ARDUIN~1/ARDUIN~1/FASTER~1/libcore.a(wiring_analog.o)
                0x00083468                analogOutputInit
 *fill*         0x0008346a        0x2 
 .text.analogWrite
                0x0008346c      0x2c0 C:/Users/carol/DOCUME~1/MATLAB/R2021a/ARDUIN~1/ARDUIN~1/FASTER~1/libcore.a(wiring_analog.o)
                0x0008346c                analogWrite
 .text.pinMode  0x0008372c      0x108 C:/Users/carol/DOCUME~1/MATLAB/R2021a/ARDUIN~1/ARDUIN~1/FASTER~1/libcore.a(wiring_digital.o)
                0x0008372c                pinMode
 .text.digitalWrite
                0x00083834       0x70 C:/Users/carol/DOCUME~1/MATLAB/R2021a/ARDUIN~1/ARDUIN~1/FASTER~1/libcore.a(wiring_digital.o)
                0x00083834                digitalWrite
 .text.tickReset
                0x000838a4       0x20 C:/Users/carol/DOCUME~1/MATLAB/R2021a/ARDUIN~1/ARDUIN~1/FASTER~1/libcore.a(Reset.o)
                0x000838a4                tickReset
 .text._ZN9UARTClasscvbEv
                0x000838c4        0x4 C:/Users/carol/DOCUME~1/MATLAB/R2021a/ARDUIN~1/ARDUIN~1/FASTER~1/libcore.a(UARTClass.o)
                0x000838c4                UARTClass::operator bool()
 .text._ZN9UARTClass9availableEv
                0x000838c8       0x12 C:/Users/carol/DOCUME~1/MATLAB/R2021a/ARDUIN~1/ARDUIN~1/FASTER~1/libcore.a(UARTClass.o)
                0x000838c8                UARTClass::available()
 .text._ZN9UARTClass4peekEv
                0x000838da       0x1c C:/Users/carol/DOCUME~1/MATLAB/R2021a/ARDUIN~1/ARDUIN~1/FASTER~1/libcore.a(UARTClass.o)
                0x000838da                UARTClass::peek()
 .text._ZN9UARTClass4readEv
                0x000838f6       0x2a C:/Users/carol/DOCUME~1/MATLAB/R2021a/ARDUIN~1/ARDUIN~1/FASTER~1/libcore.a(UARTClass.o)
                0x000838f6                UARTClass::read()
 .text._ZN9UARTClass5flushEv
                0x00083920       0x18 C:/Users/carol/DOCUME~1/MATLAB/R2021a/ARDUIN~1/ARDUIN~1/FASTER~1/libcore.a(UARTClass.o)
                0x00083920                UARTClass::flush()
 .text._ZN9UARTClass5writeEh
                0x00083938       0x54 C:/Users/carol/DOCUME~1/MATLAB/R2021a/ARDUIN~1/ARDUIN~1/FASTER~1/libcore.a(UARTClass.o)
                0x00083938                UARTClass::write(unsigned char)
 .text._ZN9UARTClass3endEv
                0x0008398c       0x3c C:/Users/carol/DOCUME~1/MATLAB/R2021a/ARDUIN~1/ARDUIN~1/FASTER~1/libcore.a(UARTClass.o)
                0x0008398c                UARTClass::end()
 .text._ZN9UARTClassC2EP4Uart4IRQnmP10RingBufferS4_
                0x000839c8       0x24 C:/Users/carol/DOCUME~1/MATLAB/R2021a/ARDUIN~1/ARDUIN~1/FASTER~1/libcore.a(UARTClass.o)
                0x000839c8                UARTClass::UARTClass(Uart*, IRQn, unsigned long, RingBuffer*, RingBuffer*)
                0x000839c8                UARTClass::UARTClass(Uart*, IRQn, unsigned long, RingBuffer*, RingBuffer*)
 .text._ZN9UARTClass4initEmm
                0x000839ec       0x70 C:/Users/carol/DOCUME~1/MATLAB/R2021a/ARDUIN~1/ARDUIN~1/FASTER~1/libcore.a(UARTClass.o)
                0x000839ec                UARTClass::init(unsigned long, unsigned long)
 .text._ZN9UARTClass5beginEm
                0x00083a5c        0x8 C:/Users/carol/DOCUME~1/MATLAB/R2021a/ARDUIN~1/ARDUIN~1/FASTER~1/libcore.a(UARTClass.o)
                0x00083a5c                UARTClass::begin(unsigned long)
 .text._ZN9UARTClass10IrqHandlerEv
                0x00083a64       0x5a C:/Users/carol/DOCUME~1/MATLAB/R2021a/ARDUIN~1/ARDUIN~1/FASTER~1/libcore.a(UARTClass.o)
                0x00083a64                UARTClass::IrqHandler()
 .text._ZN10USARTClass5beginEm
                0x00083abe        0x8 C:/Users/carol/DOCUME~1/MATLAB/R2021a/ARDUIN~1/ARDUIN~1/FASTER~1/libcore.a(USARTClass.o)
                0x00083abe                USARTClass::begin(unsigned long)
 *fill*         0x00083ac6        0x2 
 .text._ZN10USARTClassC2EP5Usart4IRQnmP10RingBufferS4_
                0x00083ac8       0x24 C:/Users/carol/DOCUME~1/MATLAB/R2021a/ARDUIN~1/ARDUIN~1/FASTER~1/libcore.a(USARTClass.o)
                0x00083ac8                USARTClass::USARTClass(Usart*, IRQn, unsigned long, RingBuffer*, RingBuffer*)
                0x00083ac8                USARTClass::USARTClass(Usart*, IRQn, unsigned long, RingBuffer*, RingBuffer*)
 .text._Z15watchdogDisablev
                0x00083aec        0xc C:/Users/carol/DOCUME~1/MATLAB/R2021a/ARDUIN~1/ARDUIN~1/FASTER~1/libcore.a(watchdog.o)
                0x00083aec                watchdogDisable()
 .text.UART_Handler
                0x00083af8        0xc C:/Users/carol/DOCUME~1/MATLAB/R2021a/ARDUIN~1/ARDUIN~1/FASTER~1/libcore.a(variant.o)
                0x00083af8                UART_Handler
 .text.USART0_Handler
                0x00083b04        0xc C:/Users/carol/DOCUME~1/MATLAB/R2021a/ARDUIN~1/ARDUIN~1/FASTER~1/libcore.a(variant.o)
                0x00083b04                USART0_Handler
 .text.USART1_Handler
                0x00083b10        0xc C:/Users/carol/DOCUME~1/MATLAB/R2021a/ARDUIN~1/ARDUIN~1/FASTER~1/libcore.a(variant.o)
                0x00083b10                USART1_Handler
 .text.USART3_Handler
                0x00083b1c        0xc C:/Users/carol/DOCUME~1/MATLAB/R2021a/ARDUIN~1/ARDUIN~1/FASTER~1/libcore.a(variant.o)
                0x00083b1c                USART3_Handler
 .text.init     0x00083b28      0x128 C:/Users/carol/DOCUME~1/MATLAB/R2021a/ARDUIN~1/ARDUIN~1/FASTER~1/libcore.a(variant.o)
                0x00083b28                init
 .text.startup._GLOBAL__sub_I_g_APinDescription
                0x00083c50       0xd4 C:/Users/carol/DOCUME~1/MATLAB/R2021a/ARDUIN~1/ARDUIN~1/FASTER~1/libcore.a(variant.o)
 .text._ZN5Print5writeEPKhj
                0x00083d24       0x22 C:/Users/carol/DOCUME~1/MATLAB/R2021a/ARDUIN~1/ARDUIN~1/FASTER~1/libcore.a(Print.o)
                0x00083d24                Print::write(unsigned char const*, unsigned int)
 .text._ZN10RingBufferC2Ev
                0x00083d46       0x1a C:/Users/carol/DOCUME~1/MATLAB/R2021a/ARDUIN~1/ARDUIN~1/FASTER~1/libcore.a(RingBuffer.o)
                0x00083d46                RingBuffer::RingBuffer()
                0x00083d46                RingBuffer::RingBuffer()
 .text._ZN10RingBuffer10store_charEh
                0x00083d60       0x1e C:/Users/carol/DOCUME~1/MATLAB/R2021a/ARDUIN~1/ARDUIN~1/FASTER~1/libcore.a(RingBuffer.o)
                0x00083d60                RingBuffer::store_char(unsigned char)
 .text.PIO_PullUp
                0x00083d7e        0xa C:/ProgramData/MATLAB/SupportPackages/R2021a/aIDE/portable/packages/arduino/hardware/sam/1.6.12/variants/arduino_due_x/libsam_sam3x8e_gcc_rel.a(pio.o)
                0x00083d7e                PIO_PullUp
 .text.PIO_SetPeripheral
                0x00083d88       0x26 C:/ProgramData/MATLAB/SupportPackages/R2021a/aIDE/portable/packages/arduino/hardware/sam/1.6.12/variants/arduino_due_x/libsam_sam3x8e_gcc_rel.a(pio.o)
                0x00083d88                PIO_SetPeripheral
 .text.PIO_SetInput
                0x00083dae       0x26 C:/ProgramData/MATLAB/SupportPackages/R2021a/aIDE/portable/packages/arduino/hardware/sam/1.6.12/variants/arduino_due_x/libsam_sam3x8e_gcc_rel.a(pio.o)
                0x00083dae                PIO_SetInput
 .text.PIO_SetOutput
                0x00083dd4       0x24 C:/ProgramData/MATLAB/SupportPackages/R2021a/aIDE/portable/packages/arduino/hardware/sam/1.6.12/variants/arduino_due_x/libsam_sam3x8e_gcc_rel.a(pio.o)
                0x00083dd4                PIO_SetOutput
 .text.PIO_Configure
                0x00083df8       0x64 C:/ProgramData/MATLAB/SupportPackages/R2021a/aIDE/portable/packages/arduino/hardware/sam/1.6.12/variants/arduino_due_x/libsam_sam3x8e_gcc_rel.a(pio.o)
                0x00083df8                PIO_Configure
 .text.PIO_GetOutputDataStatus
                0x00083e5c       0x14 C:/ProgramData/MATLAB/SupportPackages/R2021a/aIDE/portable/packages/arduino/hardware/sam/1.6.12/variants/arduino_due_x/libsam_sam3x8e_gcc_rel.a(pio.o)
                0x00083e5c                PIO_GetOutputDataStatus
 .text.pmc_enable_periph_clk
                0x00083e70       0x44 C:/ProgramData/MATLAB/SupportPackages/R2021a/aIDE/portable/packages/arduino/hardware/sam/1.6.12/variants/arduino_due_x/libsam_sam3x8e_gcc_rel.a(pmc.o)
                0x00083e70                pmc_enable_periph_clk
 .text.pmc_disable_periph_clk
                0x00083eb4       0x40 C:/ProgramData/MATLAB/SupportPackages/R2021a/aIDE/portable/packages/arduino/hardware/sam/1.6.12/variants/arduino_due_x/libsam_sam3x8e_gcc_rel.a(pmc.o)
                0x00083eb4                pmc_disable_periph_clk
 .text.pmc_set_writeprotect
                0x00083ef4       0x1c C:/ProgramData/MATLAB/SupportPackages/R2021a/aIDE/portable/packages/arduino/hardware/sam/1.6.12/variants/arduino_due_x/libsam_sam3x8e_gcc_rel.a(pmc.o)
                0x00083ef4                pmc_set_writeprotect
 .text.FindClockConfiguration
                0x00083f10       0x7c C:/ProgramData/MATLAB/SupportPackages/R2021a/aIDE/portable/packages/arduino/hardware/sam/1.6.12/variants/arduino_due_x/libsam_sam3x8e_gcc_rel.a(pwmc.o)
 .text.PWMC_ConfigureChannel
                0x00083f8c       0x60 C:/ProgramData/MATLAB/SupportPackages/R2021a/aIDE/portable/packages/arduino/hardware/sam/1.6.12/variants/arduino_due_x/libsam_sam3x8e_gcc_rel.a(pwmc.o)
                0x00083f8c                PWMC_ConfigureChannel
 .text.PWMC_ConfigureClocks
                0x00083fec       0x54 C:/ProgramData/MATLAB/SupportPackages/R2021a/aIDE/portable/packages/arduino/hardware/sam/1.6.12/variants/arduino_due_x/libsam_sam3x8e_gcc_rel.a(pwmc.o)
                0x00083fec                PWMC_ConfigureClocks
 .text.PWMC_SetPeriod
                0x00084040       0x1a C:/ProgramData/MATLAB/SupportPackages/R2021a/aIDE/portable/packages/arduino/hardware/sam/1.6.12/variants/arduino_due_x/libsam_sam3x8e_gcc_rel.a(pwmc.o)
                0x00084040                PWMC_SetPeriod
 *fill*         0x0008405a        0x2 
 .text.PWMC_SetDutyCycle
                0x0008405c       0x44 C:/ProgramData/MATLAB/SupportPackages/R2021a/aIDE/portable/packages/arduino/hardware/sam/1.6.12/variants/arduino_due_x/libsam_sam3x8e_gcc_rel.a(pwmc.o)
                0x0008405c                PWMC_SetDutyCycle
 .text.PWMC_EnableChannel
                0x000840a0        0xa C:/ProgramData/MATLAB/SupportPackages/R2021a/aIDE/portable/packages/arduino/hardware/sam/1.6.12/variants/arduino_due_x/libsam_sam3x8e_gcc_rel.a(pwmc.o)
                0x000840a0                PWMC_EnableChannel
 *fill*         0x000840aa        0x2 
 .text.TC_Configure
                0x000840ac       0x38 C:/ProgramData/MATLAB/SupportPackages/R2021a/aIDE/portable/packages/arduino/hardware/sam/1.6.12/variants/arduino_due_x/libsam_sam3x8e_gcc_rel.a(tc.o)
                0x000840ac                TC_Configure
 .text.TC_Start
                0x000840e4       0x2c C:/ProgramData/MATLAB/SupportPackages/R2021a/aIDE/portable/packages/arduino/hardware/sam/1.6.12/variants/arduino_due_x/libsam_sam3x8e_gcc_rel.a(tc.o)
                0x000840e4                TC_Start
 .text.TC_GetStatus
                0x00084110        0x8 C:/ProgramData/MATLAB/SupportPackages/R2021a/aIDE/portable/packages/arduino/hardware/sam/1.6.12/variants/arduino_due_x/libsam_sam3x8e_gcc_rel.a(tc.o)
                0x00084110                TC_GetStatus
 .text.TC_SetRA
                0x00084118        0x8 C:/ProgramData/MATLAB/SupportPackages/R2021a/aIDE/portable/packages/arduino/hardware/sam/1.6.12/variants/arduino_due_x/libsam_sam3x8e_gcc_rel.a(tc.o)
                0x00084118                TC_SetRA
 .text.TC_SetRB
                0x00084120        0x8 C:/ProgramData/MATLAB/SupportPackages/R2021a/aIDE/portable/packages/arduino/hardware/sam/1.6.12/variants/arduino_due_x/libsam_sam3x8e_gcc_rel.a(tc.o)
                0x00084120                TC_SetRB
 .text.TC_SetRC
                0x00084128        0x8 C:/ProgramData/MATLAB/SupportPackages/R2021a/aIDE/portable/packages/arduino/hardware/sam/1.6.12/variants/arduino_due_x/libsam_sam3x8e_gcc_rel.a(tc.o)
                0x00084128                TC_SetRC
 .text.TimeTick_Increment
                0x00084130       0x10 C:/ProgramData/MATLAB/SupportPackages/R2021a/aIDE/portable/packages/arduino/hardware/sam/1.6.12/variants/arduino_due_x/libsam_sam3x8e_gcc_rel.a(timetick.o)
                0x00084130                TimeTick_Increment
 .text.GetTickCount
                0x00084140        0xc C:/ProgramData/MATLAB/SupportPackages/R2021a/aIDE/portable/packages/arduino/hardware/sam/1.6.12/variants/arduino_due_x/libsam_sam3x8e_gcc_rel.a(timetick.o)
                0x00084140                GetTickCount
 .text.WDT_Disable
                0x0008414c        0x8 C:/ProgramData/MATLAB/SupportPackages/R2021a/aIDE/portable/packages/arduino/hardware/sam/1.6.12/variants/arduino_due_x/libsam_sam3x8e_gcc_rel.a(wdt.o)
                0x0008414c                WDT_Disable
 .text.SystemInit
                0x00084154       0x88 C:/ProgramData/MATLAB/SupportPackages/R2021a/aIDE/portable/packages/arduino/hardware/sam/1.6.12/variants/arduino_due_x/libsam_sam3x8e_gcc_rel.a(system_sam3xa.o)
                0x00084154                SystemInit
 .text.adc_init
                0x000841dc       0x98 C:/ProgramData/MATLAB/SupportPackages/R2021a/aIDE/portable/packages/arduino/hardware/sam/1.6.12/variants/arduino_due_x/libsam_sam3x8e_gcc_rel.a(adc.o)
                0x000841dc                adc_init
 .text.adc_configure_trigger
                0x00084274        0xe C:/ProgramData/MATLAB/SupportPackages/R2021a/aIDE/portable/packages/arduino/hardware/sam/1.6.12/variants/arduino_due_x/libsam_sam3x8e_gcc_rel.a(adc.o)
                0x00084274                adc_configure_trigger
 .text.adc_configure_timing
                0x00084282       0x1a C:/ProgramData/MATLAB/SupportPackages/R2021a/aIDE/portable/packages/arduino/hardware/sam/1.6.12/variants/arduino_due_x/libsam_sam3x8e_gcc_rel.a(adc.o)
                0x00084282                adc_configure_timing
 .text.adc_start
                0x0008429c        0x6 C:/ProgramData/MATLAB/SupportPackages/R2021a/aIDE/portable/packages/arduino/hardware/sam/1.6.12/variants/arduino_due_x/libsam_sam3x8e_gcc_rel.a(adc.o)
                0x0008429c                adc_start
 .text.adc_enable_channel
                0x000842a2        0xa C:/ProgramData/MATLAB/SupportPackages/R2021a/aIDE/portable/packages/arduino/hardware/sam/1.6.12/variants/arduino_due_x/libsam_sam3x8e_gcc_rel.a(adc.o)
                0x000842a2                adc_enable_channel
 .text.adc_disable_channel
                0x000842ac        0xa C:/ProgramData/MATLAB/SupportPackages/R2021a/aIDE/portable/packages/arduino/hardware/sam/1.6.12/variants/arduino_due_x/libsam_sam3x8e_gcc_rel.a(adc.o)
                0x000842ac                adc_disable_channel
 .text.adc_disable_all_channel
                0x000842b6        0x8 C:/ProgramData/MATLAB/SupportPackages/R2021a/aIDE/portable/packages/arduino/hardware/sam/1.6.12/variants/arduino_due_x/libsam_sam3x8e_gcc_rel.a(adc.o)
                0x000842b6                adc_disable_all_channel
 .text.adc_get_channel_status
                0x000842be        0xa C:/ProgramData/MATLAB/SupportPackages/R2021a/aIDE/portable/packages/arduino/hardware/sam/1.6.12/variants/arduino_due_x/libsam_sam3x8e_gcc_rel.a(adc.o)
                0x000842be                adc_get_channel_status
 .text.adc_get_latest_value
                0x000842c8        0x4 C:/ProgramData/MATLAB/SupportPackages/R2021a/aIDE/portable/packages/arduino/hardware/sam/1.6.12/variants/arduino_due_x/libsam_sam3x8e_gcc_rel.a(adc.o)
                0x000842c8                adc_get_latest_value
 .text.adc_disable_interrupt
                0x000842cc        0x4 C:/ProgramData/MATLAB/SupportPackages/R2021a/aIDE/portable/packages/arduino/hardware/sam/1.6.12/variants/arduino_due_x/libsam_sam3x8e_gcc_rel.a(adc.o)
                0x000842cc                adc_disable_interrupt
 .text.adc_get_status
                0x000842d0        0x4 C:/ProgramData/MATLAB/SupportPackages/R2021a/aIDE/portable/packages/arduino/hardware/sam/1.6.12/variants/arduino_due_x/libsam_sam3x8e_gcc_rel.a(adc.o)
                0x000842d0                adc_get_status
 .text.dacc_reset
                0x000842d4        0x6 C:/ProgramData/MATLAB/SupportPackages/R2021a/aIDE/portable/packages/arduino/hardware/sam/1.6.12/variants/arduino_due_x/libsam_sam3x8e_gcc_rel.a(dacc.o)
                0x000842d4                dacc_reset
 .text.dacc_set_transfer_mode
                0x000842da       0x14 C:/ProgramData/MATLAB/SupportPackages/R2021a/aIDE/portable/packages/arduino/hardware/sam/1.6.12/variants/arduino_due_x/libsam_sam3x8e_gcc_rel.a(dacc.o)
                0x000842da                dacc_set_transfer_mode
 .text.dacc_get_interrupt_status
                0x000842ee        0x4 C:/ProgramData/MATLAB/SupportPackages/R2021a/aIDE/portable/packages/arduino/hardware/sam/1.6.12/variants/arduino_due_x/libsam_sam3x8e_gcc_rel.a(dacc.o)
                0x000842ee                dacc_get_interrupt_status
 .text.dacc_write_conversion_data
                0x000842f2        0x4 C:/ProgramData/MATLAB/SupportPackages/R2021a/aIDE/portable/packages/arduino/hardware/sam/1.6.12/variants/arduino_due_x/libsam_sam3x8e_gcc_rel.a(dacc.o)
                0x000842f2                dacc_write_conversion_data
 .text.dacc_set_channel_selection
                0x000842f6       0x18 C:/ProgramData/MATLAB/SupportPackages/R2021a/aIDE/portable/packages/arduino/hardware/sam/1.6.12/variants/arduino_due_x/libsam_sam3x8e_gcc_rel.a(dacc.o)
                0x000842f6                dacc_set_channel_selection
 .text.dacc_set_power_save
                0x0008430e       0x24 C:/ProgramData/MATLAB/SupportPackages/R2021a/aIDE/portable/packages/arduino/hardware/sam/1.6.12/variants/arduino_due_x/libsam_sam3x8e_gcc_rel.a(dacc.o)
                0x0008430e                dacc_set_power_save
 .text.dacc_set_timing
                0x00084332       0x2c C:/ProgramData/MATLAB/SupportPackages/R2021a/aIDE/portable/packages/arduino/hardware/sam/1.6.12/variants/arduino_due_x/libsam_sam3x8e_gcc_rel.a(dacc.o)
                0x00084332                dacc_set_timing
 .text.dacc_enable_channel
                0x0008435e       0x12 C:/ProgramData/MATLAB/SupportPackages/R2021a/aIDE/portable/packages/arduino/hardware/sam/1.6.12/variants/arduino_due_x/libsam_sam3x8e_gcc_rel.a(dacc.o)
                0x0008435e                dacc_enable_channel
 .text.dacc_get_channel_status
                0x00084370        0x4 C:/ProgramData/MATLAB/SupportPackages/R2021a/aIDE/portable/packages/arduino/hardware/sam/1.6.12/variants/arduino_due_x/libsam_sam3x8e_gcc_rel.a(dacc.o)
                0x00084370                dacc_get_channel_status
 .text.dacc_set_analog_control
                0x00084374        0x8 C:/ProgramData/MATLAB/SupportPackages/R2021a/aIDE/portable/packages/arduino/hardware/sam/1.6.12/variants/arduino_due_x/libsam_sam3x8e_gcc_rel.a(dacc.o)
                0x00084374                dacc_set_analog_control
 *fill*         0x0008437c        0x4 
 .text.floor    0x00084380      0x120 c:/programdata/matlab/supportpackages/r2021a/aide/portable/packages/arduino/tools/arm-none-eabi-gcc/4.8.3-2014q1/bin/../lib/gcc/arm-none-eabi/4.8.3/../../../../arm-none-eabi/lib/armv7-m\libm.a(lib_a-s_floor.o)
                0x00084380                floor
 .text.__fpclassifyd
                0x000844a0       0x50 c:/programdata/matlab/supportpackages/r2021a/aide/portable/packages/arduino/tools/arm-none-eabi-gcc/4.8.3-2014q1/bin/../lib/gcc/arm-none-eabi/4.8.3/../../../../arm-none-eabi/lib/armv7-m\libm.a(lib_a-s_fpclassify.o)
                0x000844a0                __fpclassifyd
 .text.fmod     0x000844f0       0xb4 c:/programdata/matlab/supportpackages/r2021a/aide/portable/packages/arduino/tools/arm-none-eabi-gcc/4.8.3-2014q1/bin/../lib/gcc/arm-none-eabi/4.8.3/../../../../arm-none-eabi/lib/armv7-m\libm.a(lib_a-w_fmod.o)
                0x000844f0                fmod
 .text.__ieee754_fmod
                0x000845a4      0x278 c:/programdata/matlab/supportpackages/r2021a/aide/portable/packages/arduino/tools/arm-none-eabi-gcc/4.8.3-2014q1/bin/../lib/gcc/arm-none-eabi/4.8.3/../../../../arm-none-eabi/lib/armv7-m\libm.a(lib_a-e_fmod.o)
                0x000845a4                __ieee754_fmod
 .text.matherr  0x0008481c        0x4 c:/programdata/matlab/supportpackages/r2021a/aide/portable/packages/arduino/tools/arm-none-eabi-gcc/4.8.3-2014q1/bin/../lib/gcc/arm-none-eabi/4.8.3/../../../../arm-none-eabi/lib/armv7-m\libm.a(lib_a-s_matherr.o)
                0x0008481c                matherr
 .text          0x00084820      0x370 c:/programdata/matlab/supportpackages/r2021a/aide/portable/packages/arduino/tools/arm-none-eabi-gcc/4.8.3-2014q1/bin/../lib/gcc/arm-none-eabi/4.8.3/armv7-m\libgcc.a(_arm_addsubdf3.o)
                0x00084820                __aeabi_drsub
                0x00084828                __aeabi_dsub
                0x00084828                __subdf3
                0x0008482c                __aeabi_dadd
                0x0008482c                __adddf3
                0x00084aa4                __floatunsidf
                0x00084aa4                __aeabi_ui2d
                0x00084ac4                __floatsidf
                0x00084ac4                __aeabi_i2d
                0x00084ae8                __aeabi_f2d
                0x00084ae8                __extendsfdf2
                0x00084b24                __floatundidf
                0x00084b24                __aeabi_ul2d
                0x00084b34                __floatdidf
                0x00084b34                __aeabi_l2d
 .text          0x00084b90      0x424 c:/programdata/matlab/supportpackages/r2021a/aide/portable/packages/arduino/tools/arm-none-eabi-gcc/4.8.3-2014q1/bin/../lib/gcc/arm-none-eabi/4.8.3/armv7-m\libgcc.a(_arm_muldivdf3.o)
                0x00084b90                __aeabi_dmul
                0x00084b90                __muldf3
                0x00084de4                __divdf3
                0x00084de4                __aeabi_ddiv
 .text          0x00084fb4      0x110 c:/programdata/matlab/supportpackages/r2021a/aide/portable/packages/arduino/tools/arm-none-eabi-gcc/4.8.3-2014q1/bin/../lib/gcc/arm-none-eabi/4.8.3/armv7-m\libgcc.a(_arm_cmpdf2.o)
                0x00084fb4                __gtdf2
                0x00084fb4                __gedf2
                0x00084fbc                __ltdf2
                0x00084fbc                __ledf2
                0x00084fc4                __nedf2
                0x00084fc4                __eqdf2
                0x00084fc4                __cmpdf2
                0x00085040                __aeabi_cdrcmple
                0x00085050                __aeabi_cdcmpeq
                0x00085050                __aeabi_cdcmple
                0x00085060                __aeabi_dcmpeq
                0x00085074                __aeabi_dcmplt
                0x00085088                __aeabi_dcmple
                0x0008509c                __aeabi_dcmpge
                0x000850b0                __aeabi_dcmpgt
 .text          0x000850c4       0x40 c:/programdata/matlab/supportpackages/r2021a/aide/portable/packages/arduino/tools/arm-none-eabi-gcc/4.8.3-2014q1/bin/../lib/gcc/arm-none-eabi/4.8.3/armv7-m\libgcc.a(_arm_fixunsdfsi.o)
                0x000850c4                __aeabi_d2uiz
                0x000850c4                __fixunsdfsi
 .text.__assert_func
                0x00085104       0x3c c:/programdata/matlab/supportpackages/r2021a/aide/portable/packages/arduino/tools/arm-none-eabi-gcc/4.8.3-2014q1/bin/../lib/gcc/arm-none-eabi/4.8.3/../../../../arm-none-eabi/lib/armv7-m\libg.a(lib_a-assert.o)
                0x00085104                __assert_func
 .text.__errno  0x00085140        0xc c:/programdata/matlab/supportpackages/r2021a/aide/portable/packages/arduino/tools/arm-none-eabi-gcc/4.8.3-2014q1/bin/../lib/gcc/arm-none-eabi/4.8.3/../../../../arm-none-eabi/lib/armv7-m\libg.a(lib_a-errno.o)
                0x00085140                __errno
 .text.exit     0x0008514c       0x20 c:/programdata/matlab/supportpackages/r2021a/aide/portable/packages/arduino/tools/arm-none-eabi-gcc/4.8.3-2014q1/bin/../lib/gcc/arm-none-eabi/4.8.3/../../../../arm-none-eabi/lib/armv7-m\libg.a(lib_a-exit.o)
                0x0008514c                exit
 .text.fiprintf
                0x0008516c       0x28 c:/programdata/matlab/supportpackages/r2021a/aide/portable/packages/arduino/tools/arm-none-eabi-gcc/4.8.3-2014q1/bin/../lib/gcc/arm-none-eabi/4.8.3/../../../../arm-none-eabi/lib/armv7-m\libg.a(lib_a-fiprintf.o)
                0x0008516c                fiprintf
 .text.__libc_init_array
                0x00085194       0x50 c:/programdata/matlab/supportpackages/r2021a/aide/portable/packages/arduino/tools/arm-none-eabi-gcc/4.8.3-2014q1/bin/../lib/gcc/arm-none-eabi/4.8.3/../../../../arm-none-eabi/lib/armv7-m\libg.a(lib_a-init.o)
                0x00085194                __libc_init_array
 .text          0x000851e4       0xec c:/programdata/matlab/supportpackages/r2021a/aide/portable/packages/arduino/tools/arm-none-eabi-gcc/4.8.3-2014q1/bin/../lib/gcc/arm-none-eabi/4.8.3/../../../../arm-none-eabi/lib/armv7-m\libg.a(lib_a-memcpy.o)
                0x000851e4                memcpy
 .text.memset   0x000852d0       0x94 c:/programdata/matlab/supportpackages/r2021a/aide/portable/packages/arduino/tools/arm-none-eabi-gcc/4.8.3-2014q1/bin/../lib/gcc/arm-none-eabi/4.8.3/../../../../arm-none-eabi/lib/armv7-m\libg.a(lib_a-memset.o)
                0x000852d0                memset
 .text.strlen   0x00085364       0x60 c:/programdata/matlab/supportpackages/r2021a/aide/portable/packages/arduino/tools/arm-none-eabi-gcc/4.8.3-2014q1/bin/../lib/gcc/arm-none-eabi/4.8.3/../../../../arm-none-eabi/lib/armv7-m\libg.a(lib_a-strlen.o)
                0x00085364                strlen
 .text.kill     0x000853c4       0x10 c:/programdata/matlab/supportpackages/r2021a/aide/portable/packages/arduino/tools/arm-none-eabi-gcc/4.8.3-2014q1/bin/../lib/gcc/arm-none-eabi/4.8.3/../../../../arm-none-eabi/lib/armv7-m\libg.a(lib_a-syskill.o)
                0x000853c4                kill
 .text.__sprint_r.part.0
                0x000853d4       0x78 c:/programdata/matlab/supportpackages/r2021a/aide/portable/packages/arduino/tools/arm-none-eabi-gcc/4.8.3-2014q1/bin/../lib/gcc/arm-none-eabi/4.8.3/../../../../arm-none-eabi/lib/armv7-m\libg.a(lib_a-vfiprintf.o)
 .text._vfiprintf_r
                0x0008544c      0xc54 c:/programdata/matlab/supportpackages/r2021a/aide/portable/packages/arduino/tools/arm-none-eabi-gcc/4.8.3-2014q1/bin/../lib/gcc/arm-none-eabi/4.8.3/../../../../arm-none-eabi/lib/armv7-m\libg.a(lib_a-vfiprintf.o)
                0x0008544c                _vfiprintf_r
 .text.__sbprintf
                0x000860a0       0x7c c:/programdata/matlab/supportpackages/r2021a/aide/portable/packages/arduino/tools/arm-none-eabi-gcc/4.8.3-2014q1/bin/../lib/gcc/arm-none-eabi/4.8.3/../../../../arm-none-eabi/lib/armv7-m\libg.a(lib_a-vfiprintf.o)
 .text.__swsetup_r
                0x0008611c       0xc4 c:/programdata/matlab/supportpackages/r2021a/aide/portable/packages/arduino/tools/arm-none-eabi-gcc/4.8.3-2014q1/bin/../lib/gcc/arm-none-eabi/4.8.3/../../../../arm-none-eabi/lib/armv7-m\libg.a(lib_a-wsetup.o)
                0x0008611c                __swsetup_r
 .text.startup.register_fini
                0x000861e0       0x14 c:/programdata/matlab/supportpackages/r2021a/aide/portable/packages/arduino/tools/arm-none-eabi-gcc/4.8.3-2014q1/bin/../lib/gcc/arm-none-eabi/4.8.3/../../../../arm-none-eabi/lib/armv7-m\libg.a(lib_a-__call_atexit.o)
 .text.__call_exitprocs
                0x000861f4       0xf0 c:/programdata/matlab/supportpackages/r2021a/aide/portable/packages/arduino/tools/arm-none-eabi-gcc/4.8.3-2014q1/bin/../lib/gcc/arm-none-eabi/4.8.3/../../../../arm-none-eabi/lib/armv7-m\libg.a(lib_a-__call_atexit.o)
                0x000861f4                __call_exitprocs
 .text.abort    0x000862e4       0x10 c:/programdata/matlab/supportpackages/r2021a/aide/portable/packages/arduino/tools/arm-none-eabi-gcc/4.8.3-2014q1/bin/../lib/gcc/arm-none-eabi/4.8.3/../../../../arm-none-eabi/lib/armv7-m\libg.a(lib_a-abort.o)
                0x000862e4                abort
 .text.atexit   0x000862f4        0xc c:/programdata/matlab/supportpackages/r2021a/aide/portable/packages/arduino/tools/arm-none-eabi-gcc/4.8.3-2014q1/bin/../lib/gcc/arm-none-eabi/4.8.3/../../../../arm-none-eabi/lib/armv7-m\libg.a(lib_a-atexit.o)
                0x000862f4                atexit
 .text.__sflush_r
                0x00086300      0x148 c:/programdata/matlab/supportpackages/r2021a/aide/portable/packages/arduino/tools/arm-none-eabi-gcc/4.8.3-2014q1/bin/../lib/gcc/arm-none-eabi/4.8.3/../../../../arm-none-eabi/lib/armv7-m\libg.a(lib_a-fflush.o)
                0x00086300                __sflush_r
 .text._fflush_r
                0x00086448       0x2c c:/programdata/matlab/supportpackages/r2021a/aide/portable/packages/arduino/tools/arm-none-eabi-gcc/4.8.3-2014q1/bin/../lib/gcc/arm-none-eabi/4.8.3/../../../../arm-none-eabi/lib/armv7-m\libg.a(lib_a-fflush.o)
                0x00086448                _fflush_r
 .text._cleanup_r
                0x00086474        0xc c:/programdata/matlab/supportpackages/r2021a/aide/portable/packages/arduino/tools/arm-none-eabi-gcc/4.8.3-2014q1/bin/../lib/gcc/arm-none-eabi/4.8.3/../../../../arm-none-eabi/lib/armv7-m\libg.a(lib_a-findfp.o)
                0x00086474                _cleanup_r
 .text.__sinit  0x00086480       0xf4 c:/programdata/matlab/supportpackages/r2021a/aide/portable/packages/arduino/tools/arm-none-eabi-gcc/4.8.3-2014q1/bin/../lib/gcc/arm-none-eabi/4.8.3/../../../../arm-none-eabi/lib/armv7-m\libg.a(lib_a-findfp.o)
                0x00086480                __sinit
 .text.__sfp_lock_acquire
                0x00086574        0x4 c:/programdata/matlab/supportpackages/r2021a/aide/portable/packages/arduino/tools/arm-none-eabi-gcc/4.8.3-2014q1/bin/../lib/gcc/arm-none-eabi/4.8.3/../../../../arm-none-eabi/lib/armv7-m\libg.a(lib_a-findfp.o)
                0x00086574                __sfp_lock_acquire
 .text.__sfp_lock_release
                0x00086578        0x4 c:/programdata/matlab/supportpackages/r2021a/aide/portable/packages/arduino/tools/arm-none-eabi-gcc/4.8.3-2014q1/bin/../lib/gcc/arm-none-eabi/4.8.3/../../../../arm-none-eabi/lib/armv7-m\libg.a(lib_a-findfp.o)
                0x00086578                __sfp_lock_release
 .text.__libc_fini_array
                0x0008657c       0x30 c:/programdata/matlab/supportpackages/r2021a/aide/portable/packages/arduino/tools/arm-none-eabi-gcc/4.8.3-2014q1/bin/../lib/gcc/arm-none-eabi/4.8.3/../../../../arm-none-eabi/lib/armv7-m\libg.a(lib_a-fini.o)
                0x0008657c                __libc_fini_array
 .text._fputwc_r
                0x000865ac       0xc0 c:/programdata/matlab/supportpackages/r2021a/aide/portable/packages/arduino/tools/arm-none-eabi-gcc/4.8.3-2014q1/bin/../lib/gcc/arm-none-eabi/4.8.3/../../../../arm-none-eabi/lib/armv7-m\libg.a(lib_a-fputwc.o)
                0x000865ac                _fputwc_r
 .text._malloc_trim_r
                0x0008666c       0x9c c:/programdata/matlab/supportpackages/r2021a/aide/portable/packages/arduino/tools/arm-none-eabi-gcc/4.8.3-2014q1/bin/../lib/gcc/arm-none-eabi/4.8.3/../../../../arm-none-eabi/lib/armv7-m\libg.a(lib_a-freer.o)
                0x0008666c                _malloc_trim_r
 .text._free_r  0x00086708      0x198 c:/programdata/matlab/supportpackages/r2021a/aide/portable/packages/arduino/tools/arm-none-eabi-gcc/4.8.3-2014q1/bin/../lib/gcc/arm-none-eabi/4.8.3/../../../../arm-none-eabi/lib/armv7-m\libg.a(lib_a-freer.o)
                0x00086708                _free_r
 .text.__sfvwrite_r
                0x000868a0      0x314 c:/programdata/matlab/supportpackages/r2021a/aide/portable/packages/arduino/tools/arm-none-eabi-gcc/4.8.3-2014q1/bin/../lib/gcc/arm-none-eabi/4.8.3/../../../../arm-none-eabi/lib/armv7-m\libg.a(lib_a-fvwrite.o)
                0x000868a0                __sfvwrite_r
 .text._fwalk   0x00086bb4       0x48 c:/programdata/matlab/supportpackages/r2021a/aide/portable/packages/arduino/tools/arm-none-eabi-gcc/4.8.3-2014q1/bin/../lib/gcc/arm-none-eabi/4.8.3/../../../../arm-none-eabi/lib/armv7-m\libg.a(lib_a-fwalk.o)
                0x00086bb4                _fwalk
 .text.__locale_charset
                0x00086bfc        0x8 c:/programdata/matlab/supportpackages/r2021a/aide/portable/packages/arduino/tools/arm-none-eabi-gcc/4.8.3-2014q1/bin/../lib/gcc/arm-none-eabi/4.8.3/../../../../arm-none-eabi/lib/armv7-m\libg.a(lib_a-locale.o)
                0x00086bfc                __locale_charset
 .text.__locale_mb_cur_max
                0x00086c04        0xc c:/programdata/matlab/supportpackages/r2021a/aide/portable/packages/arduino/tools/arm-none-eabi-gcc/4.8.3-2014q1/bin/../lib/gcc/arm-none-eabi/4.8.3/../../../../arm-none-eabi/lib/armv7-m\libg.a(lib_a-locale.o)
                0x00086c04                __locale_mb_cur_max
 .text.__smakebuf_r
                0x00086c10       0xe0 c:/programdata/matlab/supportpackages/r2021a/aide/portable/packages/arduino/tools/arm-none-eabi-gcc/4.8.3-2014q1/bin/../lib/gcc/arm-none-eabi/4.8.3/../../../../arm-none-eabi/lib/armv7-m\libg.a(lib_a-makebuf.o)
                0x00086c10                __smakebuf_r
 .text._malloc_r
                0x00086cf0      0x538 c:/programdata/matlab/supportpackages/r2021a/aide/portable/packages/arduino/tools/arm-none-eabi-gcc/4.8.3-2014q1/bin/../lib/gcc/arm-none-eabi/4.8.3/../../../../arm-none-eabi/lib/armv7-m\libg.a(lib_a-mallocr.o)
                0x00086cf0                _malloc_r
 .text.memchr   0x00087228       0x94 c:/programdata/matlab/supportpackages/r2021a/aide/portable/packages/arduino/tools/arm-none-eabi-gcc/4.8.3-2014q1/bin/../lib/gcc/arm-none-eabi/4.8.3/../../../../arm-none-eabi/lib/armv7-m\libg.a(lib_a-memchr-stub.o)
                0x00087228                memchr
 .text.memmove  0x000872bc       0xcc c:/programdata/matlab/supportpackages/r2021a/aide/portable/packages/arduino/tools/arm-none-eabi-gcc/4.8.3-2014q1/bin/../lib/gcc/arm-none-eabi/4.8.3/../../../../arm-none-eabi/lib/armv7-m\libg.a(lib_a-memmove.o)
                0x000872bc                memmove
 .text.__malloc_lock
                0x00087388        0x4 c:/programdata/matlab/supportpackages/r2021a/aide/portable/packages/arduino/tools/arm-none-eabi-gcc/4.8.3-2014q1/bin/../lib/gcc/arm-none-eabi/4.8.3/../../../../arm-none-eabi/lib/armv7-m\libg.a(lib_a-mlock.o)
                0x00087388                __malloc_lock
 .text.__malloc_unlock
                0x0008738c        0x4 c:/programdata/matlab/supportpackages/r2021a/aide/portable/packages/arduino/tools/arm-none-eabi-gcc/4.8.3-2014q1/bin/../lib/gcc/arm-none-eabi/4.8.3/../../../../arm-none-eabi/lib/armv7-m\libg.a(lib_a-mlock.o)
                0x0008738c                __malloc_unlock
 .text._realloc_r
                0x00087390      0x3c0 c:/programdata/matlab/supportpackages/r2021a/aide/portable/packages/arduino/tools/arm-none-eabi-gcc/4.8.3-2014q1/bin/../lib/gcc/arm-none-eabi/4.8.3/../../../../arm-none-eabi/lib/armv7-m\libg.a(lib_a-reallocr.o)
                0x00087390                _realloc_r
 .text._sbrk_r  0x00087750       0x24 c:/programdata/matlab/supportpackages/r2021a/aide/portable/packages/arduino/tools/arm-none-eabi-gcc/4.8.3-2014q1/bin/../lib/gcc/arm-none-eabi/4.8.3/../../../../arm-none-eabi/lib/armv7-m\libg.a(lib_a-sbrkr.o)
                0x00087750                _sbrk_r
 .text._raise_r
                0x00087774       0x58 c:/programdata/matlab/supportpackages/r2021a/aide/portable/packages/arduino/tools/arm-none-eabi-gcc/4.8.3-2014q1/bin/../lib/gcc/arm-none-eabi/4.8.3/../../../../arm-none-eabi/lib/armv7-m\libg.a(lib_a-signal.o)
                0x00087774                _raise_r
 .text.raise    0x000877cc       0x10 c:/programdata/matlab/supportpackages/r2021a/aide/portable/packages/arduino/tools/arm-none-eabi-gcc/4.8.3-2014q1/bin/../lib/gcc/arm-none-eabi/4.8.3/../../../../arm-none-eabi/lib/armv7-m\libg.a(lib_a-signal.o)
                0x000877cc                raise
 .text._kill_r  0x000877dc       0x28 c:/programdata/matlab/supportpackages/r2021a/aide/portable/packages/arduino/tools/arm-none-eabi-gcc/4.8.3-2014q1/bin/../lib/gcc/arm-none-eabi/4.8.3/../../../../arm-none-eabi/lib/armv7-m\libg.a(lib_a-signalr.o)
                0x000877dc                _kill_r
 .text._getpid_r
                0x00087804        0x4 c:/programdata/matlab/supportpackages/r2021a/aide/portable/packages/arduino/tools/arm-none-eabi-gcc/4.8.3-2014q1/bin/../lib/gcc/arm-none-eabi/4.8.3/../../../../arm-none-eabi/lib/armv7-m\libg.a(lib_a-signalr.o)
                0x00087804                _getpid_r
 .text.__sread  0x00087808       0x24 c:/programdata/matlab/supportpackages/r2021a/aide/portable/packages/arduino/tools/arm-none-eabi-gcc/4.8.3-2014q1/bin/../lib/gcc/arm-none-eabi/4.8.3/../../../../arm-none-eabi/lib/armv7-m\libg.a(lib_a-stdio.o)
                0x00087808                __sread
 .text.__swrite
                0x0008782c       0x38 c:/programdata/matlab/supportpackages/r2021a/aide/portable/packages/arduino/tools/arm-none-eabi-gcc/4.8.3-2014q1/bin/../lib/gcc/arm-none-eabi/4.8.3/../../../../arm-none-eabi/lib/armv7-m\libg.a(lib_a-stdio.o)
                0x0008782c                __swrite
 .text.__sseek  0x00087864       0x20 c:/programdata/matlab/supportpackages/r2021a/aide/portable/packages/arduino/tools/arm-none-eabi-gcc/4.8.3-2014q1/bin/../lib/gcc/arm-none-eabi/4.8.3/../../../../arm-none-eabi/lib/armv7-m\libg.a(lib_a-stdio.o)
                0x00087864                __sseek
 .text.__sclose
                0x00087884        0x8 c:/programdata/matlab/supportpackages/r2021a/aide/portable/packages/arduino/tools/arm-none-eabi-gcc/4.8.3-2014q1/bin/../lib/gcc/arm-none-eabi/4.8.3/../../../../arm-none-eabi/lib/armv7-m\libg.a(lib_a-stdio.o)
                0x00087884                __sclose
 .text.__swbuf_r
                0x0008788c       0xa8 c:/programdata/matlab/supportpackages/r2021a/aide/portable/packages/arduino/tools/arm-none-eabi-gcc/4.8.3-2014q1/bin/../lib/gcc/arm-none-eabi/4.8.3/../../../../arm-none-eabi/lib/armv7-m\libg.a(lib_a-wbuf.o)
                0x0008788c                __swbuf_r
 .text._wcrtomb_r
                0x00087934       0x50 c:/programdata/matlab/supportpackages/r2021a/aide/portable/packages/arduino/tools/arm-none-eabi-gcc/4.8.3-2014q1/bin/../lib/gcc/arm-none-eabi/4.8.3/../../../../arm-none-eabi/lib/armv7-m\libg.a(lib_a-wcrtomb.o)
                0x00087934                _wcrtomb_r
 .text.__ascii_wctomb
                0x00087984       0x1c c:/programdata/matlab/supportpackages/r2021a/aide/portable/packages/arduino/tools/arm-none-eabi-gcc/4.8.3-2014q1/bin/../lib/gcc/arm-none-eabi/4.8.3/../../../../arm-none-eabi/lib/armv7-m\libg.a(lib_a-wctomb_r.o)
                0x00087984                __ascii_wctomb
 .text._write_r
                0x000879a0       0x28 c:/programdata/matlab/supportpackages/r2021a/aide/portable/packages/arduino/tools/arm-none-eabi-gcc/4.8.3-2014q1/bin/../lib/gcc/arm-none-eabi/4.8.3/../../../../arm-none-eabi/lib/armv7-m\libg.a(lib_a-writer.o)
                0x000879a0                _write_r
 .text.__register_exitproc
                0x000879c8       0xa8 c:/programdata/matlab/supportpackages/r2021a/aide/portable/packages/arduino/tools/arm-none-eabi-gcc/4.8.3-2014q1/bin/../lib/gcc/arm-none-eabi/4.8.3/../../../../arm-none-eabi/lib/armv7-m\libg.a(lib_a-__atexit.o)
                0x000879c8                __register_exitproc
 .text._close_r
                0x00087a70       0x24 c:/programdata/matlab/supportpackages/r2021a/aide/portable/packages/arduino/tools/arm-none-eabi-gcc/4.8.3-2014q1/bin/../lib/gcc/arm-none-eabi/4.8.3/../../../../arm-none-eabi/lib/armv7-m\libg.a(lib_a-closer.o)
                0x00087a70                _close_r
 .text._fclose_r
                0x00087a94       0x80 c:/programdata/matlab/supportpackages/r2021a/aide/portable/packages/arduino/tools/arm-none-eabi-gcc/4.8.3-2014q1/bin/../lib/gcc/arm-none-eabi/4.8.3/../../../../arm-none-eabi/lib/armv7-m\libg.a(lib_a-fclose.o)
                0x00087a94                _fclose_r
 .text.fclose   0x00087b14       0x10 c:/programdata/matlab/supportpackages/r2021a/aide/portable/packages/arduino/tools/arm-none-eabi-gcc/4.8.3-2014q1/bin/../lib/gcc/arm-none-eabi/4.8.3/../../../../arm-none-eabi/lib/armv7-m\libg.a(lib_a-fclose.o)
                0x00087b14                fclose
 .text._fstat_r
                0x00087b24       0x28 c:/programdata/matlab/supportpackages/r2021a/aide/portable/packages/arduino/tools/arm-none-eabi-gcc/4.8.3-2014q1/bin/../lib/gcc/arm-none-eabi/4.8.3/../../../../arm-none-eabi/lib/armv7-m\libg.a(lib_a-fstatr.o)
                0x00087b24                _fstat_r
 .text._isatty_r
                0x00087b4c       0x24 c:/programdata/matlab/supportpackages/r2021a/aide/portable/packages/arduino/tools/arm-none-eabi-gcc/4.8.3-2014q1/bin/../lib/gcc/arm-none-eabi/4.8.3/../../../../arm-none-eabi/lib/armv7-m\libg.a(lib_a-isattyr.o)
                0x00087b4c                _isatty_r
 .text._lseek_r
                0x00087b70       0x28 c:/programdata/matlab/supportpackages/r2021a/aide/portable/packages/arduino/tools/arm-none-eabi-gcc/4.8.3-2014q1/bin/../lib/gcc/arm-none-eabi/4.8.3/../../../../arm-none-eabi/lib/armv7-m\libg.a(lib_a-lseekr.o)
                0x00087b70                _lseek_r
 .text._read_r  0x00087b98       0x28 c:/programdata/matlab/supportpackages/r2021a/aide/portable/packages/arduino/tools/arm-none-eabi-gcc/4.8.3-2014q1/bin/../lib/gcc/arm-none-eabi/4.8.3/../../../../arm-none-eabi/lib/armv7-m\libg.a(lib_a-readr.o)
                0x00087b98                _read_r
 .text          0x00087bc0       0x2c c:/programdata/matlab/supportpackages/r2021a/aide/portable/packages/arduino/tools/arm-none-eabi-gcc/4.8.3-2014q1/bin/../lib/gcc/arm-none-eabi/4.8.3/armv7-m\libgcc.a(_aeabi_uldivmod.o)
                0x00087bc0                __aeabi_uldivmod
 .text          0x00087bec       0x60 c:/programdata/matlab/supportpackages/r2021a/aide/portable/packages/arduino/tools/arm-none-eabi-gcc/4.8.3-2014q1/bin/../lib/gcc/arm-none-eabi/4.8.3/armv7-m\libgcc.a(bpabi.o)
                0x00087bec                __gnu_ldivmod_helper
                0x00087c1c                __gnu_uldivmod_helper
 .text          0x00087c4c        0x4 c:/programdata/matlab/supportpackages/r2021a/aide/portable/packages/arduino/tools/arm-none-eabi-gcc/4.8.3-2014q1/bin/../lib/gcc/arm-none-eabi/4.8.3/armv7-m\libgcc.a(_dvmd_tls.o)
                0x00087c4c                __aeabi_idiv0
                0x00087c4c                __aeabi_ldiv0
 .text          0x00087c50      0x2a0 c:/programdata/matlab/supportpackages/r2021a/aide/portable/packages/arduino/tools/arm-none-eabi-gcc/4.8.3-2014q1/bin/../lib/gcc/arm-none-eabi/4.8.3/armv7-m\libgcc.a(_divdi3.o)
                0x00087c50                __divdi3
 .text          0x00087ef0      0x290 c:/programdata/matlab/supportpackages/r2021a/aide/portable/packages/arduino/tools/arm-none-eabi-gcc/4.8.3-2014q1/bin/../lib/gcc/arm-none-eabi/4.8.3/armv7-m\libgcc.a(_udivdi3.o)
                0x00087ef0                __udivdi3
 *(.glue_7t)
 .glue_7t       0x00000000        0x0 linker stubs
 *(.glue_7)
 .glue_7        0x00000000        0x0 linker stubs
 *(.rodata .rodata* .gnu.linkonce.r.*)
 .rodata.rtAlwaysEnabled.10032
                0x00088180        0x1 Pi_test_3.o
 .rodata.str1.1
                0x00088181       0x19 Pi_test_3.o
 *fill*         0x0008819a        0x2 
 .rodata.gzurmpwdkb
                0x0008819c        0x4 Pi_test_3.o
                0x0008819c                gzurmpwdkb
 .rodata.xcpMemMainBlocksNumber
                0x000881a0        0xc xcp_mem_default.o
 .rodata.xcpMemMainBlockSizes
                0x000881ac        0xc xcp_mem_default.o
 .rodata.channelToId.9433
                0x000881b8       0x48 C:/Users/carol/DOCUME~1/MATLAB/R2021a/ARDUIN~1/ARDUIN~1/FASTER~1/libcore.a(wiring_analog.o)
 .rodata.channelToTC.9432
                0x00088200       0x48 C:/Users/carol/DOCUME~1/MATLAB/R2021a/ARDUIN~1/ARDUIN~1/FASTER~1/libcore.a(wiring_analog.o)
 .rodata.channelToChNo.9430
                0x00088248       0x48 C:/Users/carol/DOCUME~1/MATLAB/R2021a/ARDUIN~1/ARDUIN~1/FASTER~1/libcore.a(wiring_analog.o)
 .rodata.channelToAB.9431
                0x00088290       0x48 C:/Users/carol/DOCUME~1/MATLAB/R2021a/ARDUIN~1/ARDUIN~1/FASTER~1/libcore.a(wiring_analog.o)
 .rodata._ZTV9UARTClass
                0x000882d8       0x30 C:/Users/carol/DOCUME~1/MATLAB/R2021a/ARDUIN~1/ARDUIN~1/FASTER~1/libcore.a(UARTClass.o)
                0x000882d8                vtable for UARTClass
 .rodata._ZTV10USARTClass
                0x00088308       0x30 C:/Users/carol/DOCUME~1/MATLAB/R2021a/ARDUIN~1/ARDUIN~1/FASTER~1/libcore.a(USARTClass.o)
                0x00088308                vtable for USARTClass
 .rodata.g_APinDescription
                0x00088338      0xa2c C:/Users/carol/DOCUME~1/MATLAB/R2021a/ARDUIN~1/ARDUIN~1/FASTER~1/libcore.a(variant.o)
                0x00088338                g_APinDescription
 .rodata        0x00088d64       0x2c C:/ProgramData/MATLAB/SupportPackages/R2021a/aIDE/portable/packages/arduino/hardware/sam/1.6.12/variants/arduino_due_x/libsam_sam3x8e_gcc_rel.a(pwmc.o)
 .rodata.__func__.6830
                0x00088d90       0x15 C:/ProgramData/MATLAB/SupportPackages/R2021a/aIDE/portable/packages/arduino/hardware/sam/1.6.12/variants/arduino_due_x/libsam_sam3x8e_gcc_rel.a(pwmc.o)
 .rodata.__func__.6841
                0x00088da5       0x12 C:/ProgramData/MATLAB/SupportPackages/R2021a/aIDE/portable/packages/arduino/hardware/sam/1.6.12/variants/arduino_due_x/libsam_sam3x8e_gcc_rel.a(pwmc.o)
 .rodata.str1.1
                0x00088db7      0x1cc C:/ProgramData/MATLAB/SupportPackages/R2021a/aIDE/portable/packages/arduino/hardware/sam/1.6.12/variants/arduino_due_x/libsam_sam3x8e_gcc_rel.a(pwmc.o)
 .rodata.__func__.6804
                0x00088f83       0x16 C:/ProgramData/MATLAB/SupportPackages/R2021a/aIDE/portable/packages/arduino/hardware/sam/1.6.12/variants/arduino_due_x/libsam_sam3x8e_gcc_rel.a(pwmc.o)
 .rodata.__func__.6793
                0x00088f99       0x17 C:/ProgramData/MATLAB/SupportPackages/R2021a/aIDE/portable/packages/arduino/hardware/sam/1.6.12/variants/arduino_due_x/libsam_sam3x8e_gcc_rel.a(pwmc.o)
 .rodata.__func__.6792
                0x00088fb0        0xd C:/ProgramData/MATLAB/SupportPackages/R2021a/aIDE/portable/packages/arduino/hardware/sam/1.6.12/variants/arduino_due_x/libsam_sam3x8e_gcc_rel.a(tc.o)
 .rodata.str1.1
                0x00088fbd       0x54 C:/ProgramData/MATLAB/SupportPackages/R2021a/aIDE/portable/packages/arduino/hardware/sam/1.6.12/variants/arduino_due_x/libsam_sam3x8e_gcc_rel.a(tc.o)
 .rodata.__func__.6798
                0x00089011        0x9 C:/ProgramData/MATLAB/SupportPackages/R2021a/aIDE/portable/packages/arduino/hardware/sam/1.6.12/variants/arduino_due_x/libsam_sam3x8e_gcc_rel.a(tc.o)
 *fill*         0x0008901a        0x2 
 .rodata        0x0008901c       0x40 C:/ProgramData/MATLAB/SupportPackages/R2021a/aIDE/portable/packages/arduino/hardware/sam/1.6.12/variants/arduino_due_x/libsam_sam3x8e_gcc_rel.a(adc.o)
 .rodata.str1.4
                0x0008905c        0x5 c:/programdata/matlab/supportpackages/r2021a/aide/portable/packages/arduino/tools/arm-none-eabi-gcc/4.8.3-2014q1/bin/../lib/gcc/arm-none-eabi/4.8.3/../../../../arm-none-eabi/lib/armv7-m\libm.a(lib_a-w_fmod.o)
                                  0x8 (size before relaxing)
 *fill*         0x00089061        0x7 
 .rodata.Zero   0x00089068       0x10 c:/programdata/matlab/supportpackages/r2021a/aide/portable/packages/arduino/tools/arm-none-eabi-gcc/4.8.3-2014q1/bin/../lib/gcc/arm-none-eabi/4.8.3/../../../../arm-none-eabi/lib/armv7-m\libm.a(lib_a-e_fmod.o)
 .rodata.str1.4
                0x00089078       0x3f c:/programdata/matlab/supportpackages/r2021a/aide/portable/packages/arduino/tools/arm-none-eabi-gcc/4.8.3-2014q1/bin/../lib/gcc/arm-none-eabi/4.8.3/../../../../arm-none-eabi/lib/armv7-m\libg.a(lib_a-assert.o)
                                 0x44 (size before relaxing)
 *fill*         0x000890b7        0x1 
 .rodata.str1.4
                0x000890b8        0x2 c:/programdata/matlab/supportpackages/r2021a/aide/portable/packages/arduino/tools/arm-none-eabi-gcc/4.8.3-2014q1/bin/../lib/gcc/arm-none-eabi/4.8.3/../../../../arm-none-eabi/lib/armv7-m\libg.a(lib_a-impure.o)
                                  0x4 (size before relaxing)
 *fill*         0x000890ba        0x2 
 .rodata._global_impure_ptr
                0x000890bc        0x4 c:/programdata/matlab/supportpackages/r2021a/aide/portable/packages/arduino/tools/arm-none-eabi-gcc/4.8.3-2014q1/bin/../lib/gcc/arm-none-eabi/4.8.3/../../../../arm-none-eabi/lib/armv7-m\libg.a(lib_a-impure.o)
                0x000890bc                _global_impure_ptr
 .rodata.blanks.6717
                0x000890c0       0x10 c:/programdata/matlab/supportpackages/r2021a/aide/portable/packages/arduino/tools/arm-none-eabi-gcc/4.8.3-2014q1/bin/../lib/gcc/arm-none-eabi/4.8.3/../../../../arm-none-eabi/lib/armv7-m\libg.a(lib_a-vfiprintf.o)
 .rodata.str1.4
                0x000890d0       0x30 c:/programdata/matlab/supportpackages/r2021a/aide/portable/packages/arduino/tools/arm-none-eabi-gcc/4.8.3-2014q1/bin/../lib/gcc/arm-none-eabi/4.8.3/../../../../arm-none-eabi/lib/armv7-m\libg.a(lib_a-vfiprintf.o)
 .rodata.zeroes.6718
                0x00089100       0x10 c:/programdata/matlab/supportpackages/r2021a/aide/portable/packages/arduino/tools/arm-none-eabi-gcc/4.8.3-2014q1/bin/../lib/gcc/arm-none-eabi/4.8.3/../../../../arm-none-eabi/lib/armv7-m\libg.a(lib_a-vfiprintf.o)
 *(.ARM.extab* .gnu.linkonce.armextab.*)
                0x00089110                . = ALIGN (0x4)
 *(.init)
 .init          0x00089110        0x4 c:/programdata/matlab/supportpackages/r2021a/aide/portable/packages/arduino/tools/arm-none-eabi-gcc/4.8.3-2014q1/bin/../lib/gcc/arm-none-eabi/4.8.3/armv7-m/crti.o
                0x00089110                _init
 .init          0x00089114        0x8 c:/programdata/matlab/supportpackages/r2021a/aide/portable/packages/arduino/tools/arm-none-eabi-gcc/4.8.3-2014q1/bin/../lib/gcc/arm-none-eabi/4.8.3/armv7-m/crtn.o
                0x0008911c                . = ALIGN (0x4)
                0x0008911c                __preinit_array_start = .
 *(.preinit_array)
                0x0008911c                __preinit_array_end = .
                0x0008911c                . = ALIGN (0x4)
                0x0008911c                __init_array_start = .
 *(SORT(.init_array.*))
 .init_array.00000
                0x0008911c        0x4 c:/programdata/matlab/supportpackages/r2021a/aide/portable/packages/arduino/tools/arm-none-eabi-gcc/4.8.3-2014q1/bin/../lib/gcc/arm-none-eabi/4.8.3/../../../../arm-none-eabi/lib/armv7-m\libg.a(lib_a-__call_atexit.o)
 *(.init_array)
 .init_array    0x00089120        0x4 c:/programdata/matlab/supportpackages/r2021a/aide/portable/packages/arduino/tools/arm-none-eabi-gcc/4.8.3-2014q1/bin/../lib/gcc/arm-none-eabi/4.8.3/armv7-m/crtbegin.o
 .init_array    0x00089124        0x4 C:/Users/carol/DOCUME~1/MATLAB/R2021a/ARDUIN~1/ARDUIN~1/FASTER~1/libcore.a(variant.o)
                0x00089128                __init_array_end = .
                0x00089128                . = ALIGN (0x4)
 *crtbegin.o(.ctors)
 *(EXCLUDE_FILE(*crtend.o) .ctors)
 *(SORT(.ctors.*))
 *crtend.o(.ctors)
                0x00089128                . = ALIGN (0x4)
 *(.fini)
 .fini          0x00089128        0x4 c:/programdata/matlab/supportpackages/r2021a/aide/portable/packages/arduino/tools/arm-none-eabi-gcc/4.8.3-2014q1/bin/../lib/gcc/arm-none-eabi/4.8.3/armv7-m/crti.o
                0x00089128                _fini
 .fini          0x0008912c        0x8 c:/programdata/matlab/supportpackages/r2021a/aide/portable/packages/arduino/tools/arm-none-eabi-gcc/4.8.3-2014q1/bin/../lib/gcc/arm-none-eabi/4.8.3/armv7-m/crtn.o
                0x00089134                . = ALIGN (0x4)
                0x00089134                __fini_array_start = .
 *(.fini_array)
 .fini_array    0x00089134        0x4 c:/programdata/matlab/supportpackages/r2021a/aide/portable/packages/arduino/tools/arm-none-eabi-gcc/4.8.3-2014q1/bin/../lib/gcc/arm-none-eabi/4.8.3/armv7-m/crtbegin.o
 *(SORT(.fini_array.*))
                0x00089138                __fini_array_end = .
 *crtbegin.o(.dtors)
 *(EXCLUDE_FILE(*crtend.o) .dtors)
 *(SORT(.dtors.*))
 *crtend.o(.dtors)
                0x00089138                . = ALIGN (0x4)
                0x00089138                _efixed = .
                0x00089138                PROVIDE (__exidx_start, .)

.vfp11_veneer   0x00089138        0x0
 .vfp11_veneer  0x00000000        0x0 linker stubs

.v4_bx          0x00089138        0x0
 .v4_bx         0x00000000        0x0 linker stubs

.iplt           0x00089138        0x0
 .iplt          0x00000000        0x0 c:/programdata/matlab/supportpackages/r2021a/aide/portable/packages/arduino/tools/arm-none-eabi-gcc/4.8.3-2014q1/bin/../lib/gcc/arm-none-eabi/4.8.3/armv7-m/crtbegin.o

.ARM.exidx      0x00089138        0x8
 *(.ARM.exidx* .gnu.linkonce.armexidx.*)
 .ARM.exidx     0x00089138        0x8 c:/programdata/matlab/supportpackages/r2021a/aide/portable/packages/arduino/tools/arm-none-eabi-gcc/4.8.3-2014q1/bin/../lib/gcc/arm-none-eabi/4.8.3/armv7-m\libgcc.a(_divdi3.o)
 .ARM.exidx     0x00089140        0x0 c:/programdata/matlab/supportpackages/r2021a/aide/portable/packages/arduino/tools/arm-none-eabi-gcc/4.8.3-2014q1/bin/../lib/gcc/arm-none-eabi/4.8.3/armv7-m\libgcc.a(_udivdi3.o)
                                  0x8 (size before relaxing)
                0x00089140                PROVIDE (__exidx_end, .)

.eh_frame       0x00089140        0x0
 .eh_frame      0x00089140        0x0 c:/programdata/matlab/supportpackages/r2021a/aide/portable/packages/arduino/tools/arm-none-eabi-gcc/4.8.3-2014q1/bin/../lib/gcc/arm-none-eabi/4.8.3/armv7-m/crtbegin.o

.rel.dyn        0x00089140        0x0
 .rel.iplt      0x00000000        0x0 c:/programdata/matlab/supportpackages/r2021a/aide/portable/packages/arduino/tools/arm-none-eabi-gcc/4.8.3-2014q1/bin/../lib/gcc/arm-none-eabi/4.8.3/armv7-m/crtbegin.o

.jcr            0x00089140        0x0
 .jcr           0x00089140        0x0 c:/programdata/matlab/supportpackages/r2021a/aide/portable/packages/arduino/tools/arm-none-eabi-gcc/4.8.3-2014q1/bin/../lib/gcc/arm-none-eabi/4.8.3/armv7-m/crtbegin.o

.igot.plt       0x00089140        0x0
 .igot.plt      0x00000000        0x0 c:/programdata/matlab/supportpackages/r2021a/aide/portable/packages/arduino/tools/arm-none-eabi-gcc/4.8.3-2014q1/bin/../lib/gcc/arm-none-eabi/4.8.3/armv7-m/crtbegin.o
                0x00089140                . = ALIGN (0x4)
                0x00089140                _etext = .

.relocate       0x20070000      0xa24 load address 0x00089140
                0x20070000                . = ALIGN (0x4)
                0x20070000                _srelocate = .
 *(.ramfunc .ramfunc.*)
 .ramfunc       0x20070000       0x2c C:/Users/carol/DOCUME~1/MATLAB/R2021a/ARDUIN~1/ARDUIN~1/FASTER~1/libcore.a(Reset.o)
                0x20070000                banzai
 *(.data .data.*)
 *fill*         0x2007002c        0x4 
 .data.eil1ubehyx
                0x20070030       0x58 Pi_test_3_data.o
                0x20070030                eil1ubehyx
 .data.xcpExtmodeFinalSimulationTime
                0x20070088        0x8 xcp_ext_common.o
                0x20070088                xcpExtmodeFinalSimulationTime
 .data.xcpClassicTriggerDuration
                0x20070090        0x4 xcp_ext_classic_trigger.o
                0x20070090                xcpClassicTriggerDuration
 .data.xcpClassicTriggerArmRequest
                0x20070094        0x1 xcp_ext_classic_trigger.o
                0x20070094                xcpClassicTriggerArmRequest
 *fill*         0x20070095        0x3 
 .data.standardSupportedRxPacket
                0x20070098       0x54 xcp_standard.o
 .data.startStopDaqListId
                0x200700ec        0x4 xcp_daq.o
 .data.daqSupportedRxPacket
                0x200700f0       0x84 xcp_daq.o
 .data.xcpEventCustomMemoryManager
                0x20070174        0xc xcp_daq.o
 .data.xcpCurrentDaq
                0x20070180        0x4 xcp_daq.o
 .data.calibrationSupportedRxPacket
                0x20070184       0x18 xcp_calibration.o
 .data.xcpCtoReservedMemPoolId
                0x2007019c        0x4 xcp_transport.o
 .data.drvID    0x200701a0        0x4 xcp_drv_rtiostream.o
 .data.xcpCtoReservedMemPoolId
                0x200701a4        0x4 xcp_frame_serial.o
 .data._writeResolution
                0x200701a8        0x4 C:/Users/carol/DOCUME~1/MATLAB/R2021a/ARDUIN~1/ARDUIN~1/FASTER~1/libcore.a(wiring_analog.o)
 .data.latestSelectedChannel.9384
                0x200701ac        0x4 C:/Users/carol/DOCUME~1/MATLAB/R2021a/ARDUIN~1/ARDUIN~1/FASTER~1/libcore.a(wiring_analog.o)
 .data._readResolution
                0x200701b0        0x4 C:/Users/carol/DOCUME~1/MATLAB/R2021a/ARDUIN~1/ARDUIN~1/FASTER~1/libcore.a(wiring_analog.o)
 .data._ZL5ticks
                0x200701b4        0x4 C:/Users/carol/DOCUME~1/MATLAB/R2021a/ARDUIN~1/ARDUIN~1/FASTER~1/libcore.a(Reset.o)
 .data.SystemCoreClock
                0x200701b8        0x4 C:/ProgramData/MATLAB/SupportPackages/R2021a/aIDE/portable/packages/arduino/hardware/sam/1.6.12/variants/arduino_due_x/libsam_sam3x8e_gcc_rel.a(system_sam3xa.o)
                0x200701b8                SystemCoreClock
 .data.__fdlib_version
                0x200701bc        0x1 c:/programdata/matlab/supportpackages/r2021a/aide/portable/packages/arduino/tools/arm-none-eabi-gcc/4.8.3-2014q1/bin/../lib/gcc/arm-none-eabi/4.8.3/../../../../arm-none-eabi/lib/armv7-m\libm.a(lib_a-s_lib_ver.o)
                0x200701bc                __fdlib_version
 *fill*         0x200701bd        0x3 
 .data.impure_data
                0x200701c0      0x428 c:/programdata/matlab/supportpackages/r2021a/aide/portable/packages/arduino/tools/arm-none-eabi-gcc/4.8.3-2014q1/bin/../lib/gcc/arm-none-eabi/4.8.3/../../../../arm-none-eabi/lib/armv7-m\libg.a(lib_a-impure.o)
 .data._impure_ptr
                0x200705e8        0x4 c:/programdata/matlab/supportpackages/r2021a/aide/portable/packages/arduino/tools/arm-none-eabi-gcc/4.8.3-2014q1/bin/../lib/gcc/arm-none-eabi/4.8.3/../../../../arm-none-eabi/lib/armv7-m\libg.a(lib_a-impure.o)
                0x200705e8                _impure_ptr
 .data.lc_ctype_charset
                0x200705ec       0x20 c:/programdata/matlab/supportpackages/r2021a/aide/portable/packages/arduino/tools/arm-none-eabi-gcc/4.8.3-2014q1/bin/../lib/gcc/arm-none-eabi/4.8.3/../../../../arm-none-eabi/lib/armv7-m\libg.a(lib_a-locale.o)
 .data.__mb_cur_max
                0x2007060c        0x4 c:/programdata/matlab/supportpackages/r2021a/aide/portable/packages/arduino/tools/arm-none-eabi-gcc/4.8.3-2014q1/bin/../lib/gcc/arm-none-eabi/4.8.3/../../../../arm-none-eabi/lib/armv7-m\libg.a(lib_a-locale.o)
                0x2007060c                __mb_cur_max
 .data.__malloc_av_
                0x20070610      0x408 c:/programdata/matlab/supportpackages/r2021a/aide/portable/packages/arduino/tools/arm-none-eabi-gcc/4.8.3-2014q1/bin/../lib/gcc/arm-none-eabi/4.8.3/../../../../arm-none-eabi/lib/armv7-m\libg.a(lib_a-mallocr.o)
                0x20070610                __malloc_av_
 .data.__malloc_trim_threshold
                0x20070a18        0x4 c:/programdata/matlab/supportpackages/r2021a/aide/portable/packages/arduino/tools/arm-none-eabi-gcc/4.8.3-2014q1/bin/../lib/gcc/arm-none-eabi/4.8.3/../../../../arm-none-eabi/lib/armv7-m\libg.a(lib_a-mallocr.o)
                0x20070a18                __malloc_trim_threshold
 .data.__malloc_sbrk_base
                0x20070a1c        0x4 c:/programdata/matlab/supportpackages/r2021a/aide/portable/packages/arduino/tools/arm-none-eabi-gcc/4.8.3-2014q1/bin/../lib/gcc/arm-none-eabi/4.8.3/../../../../arm-none-eabi/lib/armv7-m\libg.a(lib_a-mallocr.o)
                0x20070a1c                __malloc_sbrk_base
 .data.__wctomb
                0x20070a20        0x4 c:/programdata/matlab/supportpackages/r2021a/aide/portable/packages/arduino/tools/arm-none-eabi-gcc/4.8.3-2014q1/bin/../lib/gcc/arm-none-eabi/4.8.3/../../../../arm-none-eabi/lib/armv7-m\libg.a(lib_a-wctomb_r.o)
                0x20070a20                __wctomb
                0x20070a24                . = ALIGN (0x4)
                0x20070a24                _erelocate = .

.bss            0x20070a24     0x9554 load address 0x00089b64
                0x20070a24                . = ALIGN (0x4)
                0x20070a24                _sbss = .
                0x20070a24                _szero = .
 *(.bss .bss.*)
 .bss           0x20070a24       0x1c c:/programdata/matlab/supportpackages/r2021a/aide/portable/packages/arduino/tools/arm-none-eabi-gcc/4.8.3-2014q1/bin/../lib/gcc/arm-none-eabi/4.8.3/armv7-m/crtbegin.o
 .bss.gpf_isr   0x20070a40        0x4 C:/ProgramData/MATLAB/SupportPackages/R2021a/aIDE/portable/packages/arduino/hardware/sam/1.6.12/variants/arduino_due_x/libsam_sam3x8e_gcc_rel.a(uotghs.o)
                0x20070a40                gpf_isr
 .bss.analogPinHandleMap
                0x20070a44        0x9 ArduinoPinHandleMap.o
                0x20070a44                analogPinHandleMap
 *fill*         0x20070a4d        0x3 
 .bss.rt_ExtModeInfo.10033
                0x20070a50       0x14 Pi_test_3.o
 *fill*         0x20070a64        0x4 
 .bss.gzurmpwdkb_
                0x20070a68      0x1b8 Pi_test_3.o
 .bss.systemRan.10034
                0x20070c20        0xc Pi_test_3.o
 .bss.xcpModelChecksum0
                0x20070c2c        0x4 xcp_ext_common.o